# DE 6100.  Berlin-Spandau - Hamburg-Altona
#
#           Abschnitt Aumühle (einschl.) - Hamburg-Altona
#
let spaalt = path("path.de.6100");

with detail = 4 {
    with link = "point.de.Aumühle-Abzw" {
        # Str. 6100 R
        track(:first:station :cat, spaalt[:aum - 680m, :aua + 1sw] >> 0.5dt);

        # Str. 6100 L
        track(:first:station :cat, spaalt[:aum - 680m, :aua + 1sw] << 0.5dt);

        # Gl. 803
        track(:first:station :cat,
                spaalt[:aua + 1.9dl, :aua + 2dl] >> 0.5dt
            --  spaalt[:aua + 3dl, :aum - 0.7dl] >> 1.5dt
        );

        # W801 - W802
        track(:station :cat,
                spaalt[:aua - 3dl] >> 0.5dt
            --  spaalt[:aua - 2dl] << 0.5dt
        );

        # W803 - W804
        track(:station :cat,
                spaalt[:aua - 1dl] << 0.5dt
            --  spaalt[:aua] >> 0.5dt
        );

        # W806 - W34
        with layer = 1 track(:station,
                spaalt[:aua + 4dl] >> 1.5dt
            --  spaalt[:aua + 3dl] >> 2.5dt
        );

        marker(:de.bft.abzw :left, spaalt[:aua] << 0.5dt);
        station(:bottom, spaalt[:aua] << 0.5dt << 1.2sw,
            span(:bold, "Aumühle Abzw"),
            hbox(:center:top,
                vbox(:right:top, "1285: ", "6100: "),
                vbox(:right:top, "??", "??")
            )
        );
    }


    with link = "line.de.6100" {
        track(:first :double :cat, spaalt[:aua + 1sw, :ber - 920m]);
    }


    with link = "point.de.Hamburg-Mörkenweg" {
        with layer = -1 marker(:de.bk :removed :left, spaalt[:mow] << 0.5dt);
    }


    with link = "point.de.Hamburg-Bergedorf" {
        # Gl. 701
        track(:first:station :cat, spaalt[:ber - 920m, :bek - 1sw] << 0.5dt);

        # Gl. 702
        track(:first:station :cat, spaalt[:ber - 920m, :bek - 1sw] >> 0.5dt);

        # W701 - W702
        track(:station :cat,
                spaalt[:ber - 920m + 3dl] >> 0.5dt
            --  spaalt[:ber - 920m + 4dl] << 0.5dt
        );

        # W703 - W704
        track(:station :cat,
                spaalt[:ber - 920m + 5dl] << 0.5dt
            --  spaalt[:ber - 920m + 6dl] >> 0.5dt
        );

        marker(:de.bf :left, spaalt[:ber] << 0.5dt);
    }


    with link = "point.de.Hamburg-Bergedorf-Bk" {
        # Gl. 710
        track(:second:station,
                spaalt[:bek, :bek + 1dl] << 2.5dt
            --  spaalt[:bek + 2dl, :bek + 2.1dl] << 1.5dt
        );

        # Gl. 711
        track(:first:station :cat,
                spaalt[:bek - 1sw, :bek - 1dl] << 0.5dt
            --  spaalt[:bek, :bek + 1sw] << 1.5dt
        );

        # Gl. 712
        track(:first:station :cat,
                spaalt[:bek - 1sw, :bek + 1sw] >> 0.5dt
        );

        # Gl. 713
        track(:station :cat,
                spaalt[:bek + 3dl, :bek + 1sw] << 0.5dt
        );

        # Gl. W711
        track(:station,
                spaalt[:bek + 1dl, :bek + 3dl] << 2.5dt
        );

        # W713 - W715
        track(:station :cat,
                spaalt[:bek + 4dl] << 1.5dt
            --  spaalt[:bek + 5dl] << 0.5dt
        );

        # W714 - W716
        track(:station :cat,
                spaalt[:bek + 5dl] >> 0.5dt
            --  spaalt[:bek + 6dl] << 0.5dt
        );
    }


    with link = "point.de.Hamburg-Bergedorf-Gbf" {
        # Gl. 711
        track(:first:station :cat, spaalt[:bek + 1sw, :bea - 1sw] << 1.5dt);

        # Gl. 712
        track(:first:station :cat, spaalt[:bek + 1sw, :bea - 1sw] >> 0.5dt);

        # Gl. 713
        track(:station :cat, spaalt[:bek + 1sw, :bea - 1sw] << 0.5dt);

        marker(:de.bft :left, spaalt[:beg] << 1.5dt);
    }


    with link = "point.de.Hamburg-Bergedorf-Ba" {
        # Gl. 711
        track(:first:station :cat,
                spaalt[:bea - 1sw, :bea + 1dl] << 1.5dt
            --  spaalt[:bea + 2dl, :bea + 1sw] << 0.5dt
        );

        # Gl. 712
        track(:first:station :cat,
                spaalt[:bea - 1sw, :bea + 1sw] >> 0.5dt
        );

        # GL. 713
        track(:station :cat,
                spaalt[:bea - 1sw, :bea] << 0.5dt
        );

        # W721 - W723
        track(:station :cat,
                spaalt[:bea - 3dl] << 0.5dt
            --  spaalt[:bea - 2dl] >> 0.5dt
        );

        # W722 - W724
        track(:station :cat,
                spaalt[:bea - 2dl] << 0.5dt
            --  spaalt[:bea - 1dl] << 1.5dt
        );
    }


    with link = "line.de.6100" {
        track(:first :double :cat, spaalt[:bea + 1sw, :all - 1sw]);
    }


    with link = "point.de.Hamburg-Allermöhe" {
        # Str. 6100 R
        track(:first:station :cat,
                spaalt[:all - 1sw, :all + 1sw] >> 0.5dt
        );

        # Str. 6100 L
        track(:first:station :cat,
                spaalt[:all - 1sw, :all + 1sw] << 0.5dt
        );

        # Str. 1280
        track(:first:station :cat,
                spaalt[:all - 1.1dl, :all - 1dl] << 0.5dt
            --  spaalt[:all, :all + 1sw] << 1.5dt
        );

        # W16 - W17
        track(:station :cat,
                spaalt[:all - 3dl] >> 0.5dt
            --  spaalt[:all - 2dl] << 0.5dt
        );

        marker(:de.abzw :left, spaalt[:all] << 1.5dt);
    }


    with link = "line.de.6100" {
        track(:first :double :cat, spaalt[:all + 1sw, :bia - 1sw]);
    }


    # point.de.Hamburg-Billwerder-Moorfleet-Abzw: de.1280


    with link = "line.de.6100" {
        track(:first :double :cat, spaalt[:bia + 1sw, :rtk - 1sw]);
    }


    # point.de.Hamburg-Rothenburgsort-Tk: de.1280


    with link = "point.de.Hamburg-Rothenburgsort-Rop" {
        track(:first:station :cat,
                spaalt[:rop - 1sw, :rop + 1sw] >> 0.5dt
        );

        track(:first:station :cat,
                spaalt[:rop - 1sw, :rop] << 0.5dt
            --  spaalt[:rop + 1dl, :rop + 1.1dl] >> 0.5dt
        );
        with layer = -1 track(:first:station :removed,
                spaalt[:rop, :rop + 1sw] << 0.5dt
        );

        track(:first:station :cat,
                spaalt[:rop - 0.1dl, :rop] << 0.5dt
            --  spaalt[:rop + 1dl, :rop + 2dl] << 1.5dt
        );

        track(:station :cat,
                spaalt[:rop - 2dl] >> 0.5dt
            --  spaalt[:rop - 1dl] << 0.5dt
        );

#       with layer = 4 marker(:de.bft :right, spaalt[:rop] >> 0.5dt);
#       with layer = 3 marker(:de.bft.casing :right, spaalt[:rop] >> 0.5dt);
    }


    with link = "line.de.6100" {
        track(:first :cat, spaalt[:rop + 1sw, :anc - 100m] >> 0.5dt);
        track(:first :removed, spaalt[:rop + 1sw, :anc - 100m] << 0.5dt);
    }


    with link = "point.de.Hamburg-Anckelmannsplatz" {
        track(:first:station :cat, spaalt[:anc - 100m, :anc + 100m] >> 0.5dt);

        with layer = -1 track(:first:station :removed,
                spaalt[:anc - 100m, :anc] << 0.5dt
        );
        track(:first:station :cat,
                spaalt[:anc - 1.1dt, :anc - 1dl] >> 0.5dt
            --  spaalt[:anc, :anc + 100m] << 0.5dt
        );

        marker(:de.uest :left, spaalt[:anc] << 0.5dt);
    }


    with link = "line.de.6100" {
        with layer = 2 track(:first :cat :tight,
                spaalt[:anc + 100m, :btb] >> 0.5dt
            ..  spaalt[:ham.a - 1m, :ham.a] >> 1.5dt
        );
        with layer = 1 casing(:first :cat :tight,
                spaalt[:anc + 100m, :btb] >> 0.5dt
            ..  spaalt[:ham.a - 1m, :ham.a] >> 1.5dt
        );

        with layer = 2 track(:first :cat :tight :flip,
                spaalt[:anc + 100m, :anc + 110m] << 0.5dt
            ..  spaalt[:ham.a - 1m, :ham.a] << 1.5dt
        );
    }


    with link = "point.de.Hamburg-Hbf" {
        let rotham = path("path.de.1245");
        let wanham = path("path.de.2200");
        let ber = path("path.de.1245.ham");
        let ham = path("path.de.6100.ah");

        # Gl. 5
        track(:first:station :cat,
                spaalt[:ham - 401m, :ham - 400m] >> 0.5dt
            ..  ham[:ham - 200m, :ham + 120m] >> 1.5dt
            --  ham[:ham + 120m + 1dl, :ham + 120m + 1.1dl] >> 0.5dt
        );

        # Gl. 6
        track(:first:station :cat,
                spaalt[:ham.a, :ham - 400m] >> 0.5dt
            ..  ham[:ham - 200m, :ham.f - 180m] >> 0.5dt
            --  ham[:ham.f - 180m + 1dl, :ham.f - 180m + 1.1dl] << 0.5dt
        );

        # Gl. 7
        track(:first:station :cat,
                spaalt[:ham.a, :ham - 400m] << 0.5dt
            ..  ham[:ham - 200m, :ham.s + 5dl] << 0.5dt
        );

        # Gl. 8
        track(:first:station :cat,
                spaalt[:ham.a, :ham - 400m] << 1.5dt
            ..  ham[:ham - 200m, :ham.s + 2dl] << 1.5dt
        );

        # Gl. 10
        track(:first:station :cat,
                rotham[:ham.a, :ham.a + 400m]
            ..  ber[:ber - 40m, :ber + 510m] << 1dt
            ..  ham[:ham - 200m, :ham.s + 5dl] << 2.5dt
        );

        # Gl. 11
        track(:first:station :cat,
                wanham[:ham.a, :ham.a + 1m] << 1.5dt
            ..  ber[:ber + 500m, :ber + 510m] << 2dt
            ..  ham[:ham - 200m, :ham] << 3.5dt
            --  ham[:ham + 150m, :ham + 151m] << 4.0dt
        );
        track(:station :cat,
                ham[:ham - 1m, :ham] << 3.5dt
            --  ham[:ham + 150m, :ham + 151m] << 2.5dt
        );

        # Gl. 12
        track(:first:station :cat,
                wanham[:ham.a, :ham.a + 1m] << 2.5dt
            ..  ber[:ber + 500m, :ber + 510m] << 3dt
            ..  ham[:ham - 200m, :ham] << 4.5dt
            --  ham[:ham + 150m, :ham + 151m] << 4.0dt
        );

        # Gl. 13
        track(:first:station :cat,
                wanham[:ham.a, :ham.a + 1m] << 3.5dt
            ..  ber[:ber + 500m, :ber + 510m] << 4dt
            ..  ham[:ham - 200m, :ham] << 5.5dt
            --  ham[:ham + 150m, :ham + 151m] << 4.0dt
            --  ham[:ham.s + 2dl, :ham.s + 4dl] << 1.5dt
            --  ham[:ham.s + 5dl, :ham.f - 100m] << 0.5dt
            --  ham[:ham.f - 100m + 1dl, :ham.f] >> 0.5dt
        );

        # Gl. 14
        track(:first:station :cat,
                wanham[:ham.a, :ham.a + 1m] << 4.5dt
            ..  ber[:ber + 500m, :ber + 510m] << 5dt
            ..  ham[:ham - 200m, :ham + 1dl] << 6.5dt
            --  ham[:ham + 150m + 2dl, :ham + 151m + 2dl] << 5.0dt
            --  ham[:ham.s + 3dl, :ham.s + 5dl] << 2.5dt
            --  ham[:ham.s + 6dl, :ham.f - 100m + 1dl] << 1.5dt
            --  ham[:ham.f - 100m + 2dl, :ham.f] << 0.5dt
        );

        # Gl. 34
        track(:station :cat,
                ham[:ham + 120m, :ham.s] >> 1.5dt
        );

        # Gl. 35
        track(:station :cat,
                ham[:ham.f - 180m, :ham.f - 100m - 0.5dl] >> 0.5dt
        );

        # Gl. 67
        track(:station :cat,
                ber[:ber - 30m, :ber + 300m - 2dl] << 4dt
            --  ber[:ber + 300m + 2dl, :ber + 300m + 2.1dl] << 1dt
        );

        # Gl. 70
        track(:station :cat,
                ber[:ber - 50m, :ber + 300m - 1dl] << 3dt
        );

        # Gl. 72
        track(:station :cat,
                ber[:ber + 30m, :ber + 300m] << 2dt
        );

        # Gl. 79
        track(:station :cat,
                ber[:ber - 40m, :ber + 300m]
            --  ber[:ber + 300m + 1dl, :ber + 300m + 1.1dl] << 1dt
        );

        # Gl. 81
        track(:station :cat,
                ber[:ber + 40m, :ber + 300m - 3dl] >> 1dt
        );

        # Gl. 83
        track(:station :cat,
                ber[:ber + 40m, :ber + 300m - 4dl] >> 2dt
            --  ber[:ber + 300m - 2dl, :ber + 300m - 1.9dl]
        );

        # Gl. 91
        track(:station,
                rotham[:ham.a + 100m + 0.9dl, :ham.a + 100m + 1dl]
            --  rotham[:ham.a + 100m + 2dl, :ham.a + 400m] >> 1dt
            --  rotham[:ham.a + 400m + 1dl, :ham.a + 401m + 1dl]
        );

        # Gl.96
        track(:station,
                rotham[:ham.a + 99m, :ham.a + 100m]
            --  rotham[:ham.a + 100m + 1dl, :ham.a + 400m - 1dl] << 1dt
            --  rotham[:ham.a + 400m, :ham.a + 401m]
        );

        # W330 - W332
        track(:first:station :cat,
                spaalt[:ham.a, :ham.a + 180m] >> 1.5dt
            --  spaalt[:ham.a + 180m + 1dl, :ham.a + 180m + 1.1dl] >> 0.5dt
        );

        # W470 - W472
        track(:first:station :cat,
                ham[:ham.f - 180m - 0.5dl] << 0.5dt
            --  ham[:ham.f - 180m + 0.5dl] << 1.5dt
        );

        marker(:de.bf :left, ham[:ham - 0.5sw] << 6.5dt);
    }


    with link = "line.de.6100" {
        track(:first :double :cat, spaalt[:ham.f, :dam - 1sw]);
    }


    with link = "point.de.Hamburg-Dammtor" {
        track(:first:station :double :cat, spaalt[:dam - 1sw, :dam + 1sw]);
        marker(:de.hp :left, spaalt[:dam] << 0.5dt);
    }


    with link = "line.de.6100" {
        track(:first :double :cat, spaalt[:dam + 1sw, :ste.uest - 1sw]);
    }


    with link = "point.de.Hamburg-Sternschanze" {
        track(:first:station :double :cat,
                spaalt[:ste.uest - 1sw, :ste + 1sw]
        );

        track(:station :cat,
                spaalt[:ste.uest - 1.5dl] >> 0.5dt
            --  spaalt[:ste.uest - 0.5dl] << 0.5dt
        );
        track(:station :cat,
                spaalt[:ste.uest + 0.5dl] << 0.5dt
            --  spaalt[:ste.uest + 1.5dt] >> 0.5dt
        );
        marker(:de.uest :left, spaalt[:ste.uest] << 0.5dt);
        with layer = -1 marker(:de.bf :left :removed, spaalt[:ste] << 0.5dt);
    }


    with link = "point.de.Altona-Schulterblatt" {
        track(:first:station :double :cat, spaalt[:ste + 1sw, :sul + 1sw]);
        with layer = -1 marker(:de.gbf :gone :left, spaalt[:sul] << 0.5dt);
    }


    with link = "line.de.6100" {
        track(:first :double :cat, spaalt[:sul + 1sw, :rai - 1sw]);
    }


    with link = "point.de.Hamburg-Rainweg" {
        track(:first:station :cat,
                spaalt[:rai - 1sw, :rai + 1sw] >> 0.5dt
        );
        track(:first:station :cat,
                spaalt[:rai - 1.1dl, :rai - 1dl] >> 0.5dt
            --  spaalt[:rai, :rai + 1sw] << 0.5dt
        );
        track(:first:station :cat,
                spaalt[:rai - 1dl, :rai + 1sw] << 1.5dt
        );
        track(:first:station :cat,
                spaalt[:rai - 1sw, :rai - 2dl] << 0.5dt
            --  spaalt[:rai, :rai + 1sw] << 2.5dt
        );

        marker(:de.abzw :left, spaalt[:rai] << 2.5dt);
    }

    
    with link = "line.de.6100" {
        let altkie = path("path.de.1220");

        # Richtungsgleis
        with layer = 2 track(:first:station :cat,
                spaalt[:rai + 1sw, :rai.x] >> 0.5dt
            ..  altkie[:aham - 99m, :aham - 100m] >> 6.5dt
        );
        with layer = 1 casing(:first:station :cat,
                spaalt[:rai + 1sw, :rai.x] >> 0.5dt
            ..  altkie[:aham - 99m, :aham - 100m] >> 6.5dt
        );

        # Gegenrichtungsgleis
        with layer = 2 track(:first:station :cat,
                spaalt[:rai + 1sw, :rai + 1.1sw] << 2.5dt
            ..  altkie[:aham - 99m, :aham - 100m] >> 0.5dt
        );
        with layer = 1 casing(:first:station :cat,
                spaalt[:rai + 1sw, :rai + 1.1sw] << 2.5dt
            ..  altkie[:aham - 99m, :aham - 100m] >> 0.5dt
        );
    }

    
    # point.de.Hamburg-Altona: de.1220
}

