# DE 1122.  Lübeck Hbf - Strasburg (Meckl)
#
let ls = path("d3.de.w.1122");

with detail = 3 {
    # DE-A

    with link = "line.de.1122" {
        track(:first :pax, ls[:heg + 0.5sw, :her - 1sw] >> 0.5dt);
        track(:first :removed, ls[:heg + 0.5sw, :her - 1sw] << 0.5dt);
    }

    with link = "point.de.Herrnburg" {
        track(:first:station :pax, ls[:her - 1sw, :her + 1sw] >> 0.5dt);
        track(:first:station :removed, ls[:her - 1sw, :her + 1sw] << 0.5dt);
        marker(:de.bf :pax :right, ls[:her] >> 0.5dt);
        slabel(:bottom :pax, ls[:her] >> 0.5dt >> 1.3sh, "Herrnburg");
    }

    with link = "line.de.1122" {
        track(:first :pax, ls[:her + 1sw, :lud - 1sw] >> 0.5dt);
        track(:first :removed, ls[:her + 1sw, :lud - 1sw] << 0.5dt);
        line_label(:left:s :pax, ls[:her + 2km] << 0.5dt, "1122");
    }

    with link = "point.de.Lüdersdorf-Meckl" {
        track(:first:station :pax, ls[:lud - 1sw, :lud + 1sw] >> 0.5dt);
        track(:first:station :removed, ls[:lud - 1sw, :lud + 1sw] << 0.5dt);
        marker(:de.hp :pax :right, ls[:lud] >> 0.5dt);
        marker(:de.exbf :pax :right, ls[:lud] >> 0.5dt);
        slabel(:bottom :pax, ls[:lud] >> 0.5dt >> 1.7sh,
            vbox(:center:top,
                span(:regular, "Lüdersdorf"),
                span(:light, "(Meckl)")
            )
        );
    }

    with link = "line.de.1122" {
        track(:first :pax, ls[:lud + 1sw, :son - 1sw] >> 0.5dt);
        track(:first :removed, ls[:lud + 1sw, :son - 1sw] << 0.5dt);
        line_label(:right:n :pax, ls[:son - 3km] >> 0.5dt, " 1122");
    }

    with link = "point.de.Schönberg-Meckl" {
        track(:first:station :pax, ls[:son - 1ssw, :snn + 1ssw] >> 0.5dt);
        with layer = -4 track(:first:station :removed,
                ls[:son - 1ssw, :snn + 1ssw] << 0.5dt
        );
        marker(:de.bf :pax :right, ls[:son] >> 0.5dt);
        slabel(:left :pax, ls[:son + 0.5ssw] << 1.5dt,
            hbox(:center:base,
                span(:bold, "Schönberg "),
                span(:regular, "(Meckl)")
            )
        )
    }

    with link = "line.de.1122" {
        track(:first :pax,
                ls[:snn + 1sw, :men.xaa] >> 0.5dt
            --  ls[:men.xaa + 1dl, :men - 1sw] << 0.5dt
        );
        with layer = -4 track(:first :removed,
                ls[:snn + 1sw, :men.xaa + 1dl] << 0.5dt
        );
        with layer = -4 track(:first :removed,
                ls[:men.xaa, :men - 1sw] >> 0.5dt
        );
    }

    with link = "point.de.Menzendorf" {
        track(:first:station :pax, ls[:men - 1sw, :mnn + 1sw] << 0.5dt);
        track(:first:station :removed, ls[:men - 1sw, :mnn + 1sw] >> 0.5dt);
        marker(:de.bbf :right, ls[:men] >> 0.5dt);
        slabel(:bottom, ls[:men] >> 0.5dt >> 1.2sh, "Menzendorf");
    }

    with link = "line.de.1122" {
        track(:first :pax, ls[:men + 1sw, :gri - 1sw] << 0.5dt);
        track(:first :removed, ls[:men + 1sw, :gri - 1sw] >> 0.5dt);
    }

    with link = "point.de.Grieben-Meckl" {
        track(:first:station :pax, ls[:gri - 1sw, :gri + 1sw] << 0.5dt);
        track(:first:station :removed, ls[:gri - 1sw, :gri + 1sw] >> 0.5dt);
        marker(:de.bf :pax :left, ls[:gri] << 0.5dt);
        slabel(:top :pax, ls[:gri] << 0.5dt << 1.2sh,
            vbox(:center:bottom,
                span(:regular, "Grieben"),
                span(:light, "(Meckl)")
            )
        );
    }

    with link = "line.de.1122" {
        track(:first :pax, ls[:gri + 1sw, :bor - 1sw] << 0.5dt);
        track(:first :removed, ls[:gri + 1sw, :bor - 1sw] >> 0.5dt);
    }

    with link = "point.de.Börzow" {
        track(:first:station :pax, ls[:bor - 1sw, :bor + 1sw] << 0.5dt);
        track(:first:station :removed, ls[:bor - 1sw, :bor + 1sw] >> 0.5dt);
        marker(:de.bf :removed :left, ls[:bor] << 0.5dt);
        slabel(:top :removed, ls[:bor] << 0.5dt << 1.2sh, "Börzow");
    }

    with link = "line.de.1122" {
        track(:first :pax, ls[:bor + 1sw, :gre - 1sw] << 0.5dt);
        track(:first :removed, ls[:bor + 1sw, :gre - 1sw] >> 0.5dt);
        line_label(:right:n :pax, ls[:bor + 2km] >> 0.5dt, "1122");
    }

    with link = "point.de.Grevesmühlen" {
        # DE 1122
        track(:first:station :pax, ls[:gre - 1sw, :gre + 1sw] << 0.5dt);
        track(:first:station :removed, ls[:gre - 1sw, :gre + 1sw] >> 0.5dt);

        # DE 6931
        track(:second :station :removed,
                ls[:gre - 1sw, :gre - 0.5sw - 1dl] << 1.5dt
            --  ls[:gre - 0.5sw, :gre - 0.49sw] << 0.5dt
        );

        marker(:de.bf :pax :left, ls[:gre] << 0.5dt);
        slabel(:right :pax, ls[:gre - 1.5sw] << 0.5dt << 1.4sh,
            span(:bold, "Grevesmühlen")
        );
    }

    with link = "line.de.1122" {
        track(:first :pax, ls[:gre + 1sw, :plu - 1sw] << 0.5dt);
        track(:first :removed, ls[:gre + 1sw, :plu - 1sw] >> 0.5dt);
    }

    with link = "point.de.Plüschow" {
        track(:first:station :pax, ls[:plu - 1sw, :pln + 1sw] << 0.5dt);
        track(:first:station :removed, ls[:plu - 1sw, :pln + 1sw] >> 0.5dt);
        marker(:de.bf :removed :right, ls[:plu] >> 0.5dt);
        marker(:de.hp :pax :left, ls[:pln] << 0.5dt);
        slabel(:top :pax, ls[:pln] << 0.5dt << 1.1sh + (1sw, 0sw),
            "Plüschow"
        );
    }

    with link = "line.de.1122" {
        track(:first :pax,
                ls[:pln + 1sw, :pln + 1.1sw] << 0.5dt
            --  ls[:pln + 1sw + 1dl, :bob - 1sw] >> 0.5dt
        );
        with layer = -4 track(:first :removed,
                ls[:pln + 1sw, :pln + 1sw + 1dl] >> 0.5dt
        );
        with layer = -4 track(:first :removed,
                ls[:pln + 1sw, :bob - 1sw] << 0.5dt
        );
        line_label(:right:ne :pax, ls[:bob - 2.4km] >> 0.5dt, "1122");
    }

    with link = "point.de.Bobitz" {
        track(:first:station :pax, ls[:bob - 1sw, :bob + 1sw] >> 0.5dt);
        track(:first:station :removed, ls[:bob - 1sw, :bob + 1sw] << 0.5dt);
        marker(:de.bf :pax :right, ls[:bob] >> 0.5dt);
        slabel(:bottom :pax, ls[:bob - 0.3sw] >> 0.5dt >> 1.8sh, "Bobitz");
    }

    with link = "line.de.1122" {
        track(:first :pax, ls[:bob + 1sw, :ram - 0.5sw] >> 0.5dt);
        track(:first :removed, ls[:bob + 1ssw, :ram - 0.5sw] << 0.5dt);
    }

    with link = "point.de.Rambow" {
        track(:first:station :pax, ls[:ram - 0.5sw, :ram + 0.5sw] >> 0.5dt);
        track(:first:station :removed, ls[:ram - 0.5sw, :ram + 0.5sw] << 0.5dt);
        marker(:de.bk :removed :left, ls[:ram] << 0.5dt);
        slabel(:right :removed :light, ls[:ram + 0.7sw] << 0.5dt << 1.2sh,
            "Rambow*"
        );
    }

    with link = "line.de.1122" {
        track(:first :removed, ls[:ram + 0.5sw, :kle.yl] << 0.5dt);
        track(:first :pax, ls[:ram + 0.5sw, :kle.yl] >> 0.5dt);
    }

    with link = "point.de.Bad-Kleinen" {
        track(:first :station :cat:ac15 :pax,
                ls[:kle.yl, :kle - 0.5sw - 2dl] << 0.5dt
            --  ls[:kle - 0.5sw, :kle + 1sw] << 0.5sh << 1dt
        );
        track(:first :station :cat:ac15 :pax,
                ls[:kle - 0.5sw - 1dl, :kle + 1sw] << 0.5sh
        );
        track(:first :station :cat:ac15 :pax,
                ls[:kle.yl, :kle - 0.5sw - 2dl] >> 0.5dt
            --  ls[:kle - 0.5sw - 1dl, :kle + 1sw] >> 0.5sh
        );

        marker(:left :de.inbf :cat:ac15 :pax, ls[:kle] >> 0.5sh);
        slabel(:right :cat:ac15 :pax, ls[:kle - 0.5sw] >> 0.5sh >> 0.5dt,
            hbox(:left:top :bold, "Bad Kleinen")
        );
    }

    with link = "line.de.1122" {
        track(:first :leftother:rightsame :cat:ac15 :pax,
                ls[:kle + 1sw, :kle  + 1.1sw] << 0.5sh
            ..  ls[:kle.yb - 0.1dl, :kle.yb] << 0.5dt
        );
        track(:first :leftsame :cat:ac15 :pax,
                ls[:kle + 1sw, :kle  + 1.1sw] >> 0.5sh
            ..  ls[:kle.yb - 0.1dl, :kle.yb] >> 0.5dt
        );
        track(:first :double :cat:ac15 :pax, ls[:kle.yb, :hvi - 0.5sw]);
    }

    with link = "point.de.Hohen-Viechteln" {
        track(:first :double:station :cat:ac15 :pax,
                ls[:hvi - 0.5sw, :hvi + 0.5sw]
        );
        marker(:de.bk :removed :left, ls[:hvi] << 0.5dt);
        slabel(:right :removed :light, ls[:hvi - 0.3sw] >> 1dt,
            vbox(:left:top, "Hohen", " Viechteln")
        );
    }

    with link = "line.de.1122" {
        track(:first :double :cat:ac15 :pax, ls[:hvi + 0.5sw, :ven - 1sw]);
    }

    with link = "point.de.Ventschow" {
        track(:first:station :double :cat:ac15 :pax,
                ls[:ven - 1sw, :ven + 1sw]
        );
        marker(:de.hp :cat:ac15 :pax :right, ls[:ven] >> 0.5dt);
        marker(:de.exbf :cat:ac15 :pax :right, ls[:ven] >> 0.5dt);
        slabel(:bottom :cat:ac15 :pax, ls[:ven] >> 0.5dt >> 1.6sh,
            "Ventschow"
        );
    }

    with link = "line.de.1122" {
        track(:first :double :cat:ac15 :pax, ls[:ven + 1sw, :bib - 0.5sw]);
        line_label(:left:s :cat:ac15 :pax, ls[:ven + 3.0km] << 0.5dt, "1122");
    }

    with link = "point.de.Bibow" {
        track(:first :double:station :cat:ac15 :pax,
                ls[:bib - 0.5sw, :bib + 0.5sw]
        );
        marker(:de.bk :removed :right, ls[:bib] >> 0.5dt);
        slabel(:bottom :removed :light, ls[:bib] >> 0.5dt >> 1.1sh, "Bibow");
    }

    with link = "line.de.1122" {
        track(:first :double :cat:ac15 :pax, ls[:bib + 0.5sw, :bla - 1sw]);
    }

    with link = "point.de.Blankenberg-Meckl" {
        # DE 1122
        track(:first:station :double :cat:ac15 :pax,
                ls[:bla - 1sw, :bla + 1sw]
        );

        # DE 6936
        track(:second :station :removed,
                ls[:bla - 1sw, :bla - 0.5sw] >> 0.5dt >> 1sh
        );
        track(:second :station,
                ls[:bla - 0.5sw, :bla + 1sw] >> 0.5dt >> 1sh
        );

        marker(:de.inbf :cat:ac15 :pax :right, ls[:bla] >> 0.5dt);
        slabel(:left :cat:ac15 :pax, ls[:bla + 1.5sw] >> 0.5dt >> 2.6sh,
            hbox(:center:base,
                span(:bold, "Blankenburg "),
                span(:regular, "(Meckl)")
            )
        );
    }

    with link = "line.de.1122" {
        track(:first :double :cat:ac15 :pax, ls[:bla + 1sw, :fri - 1sw]);
    }

    with link = "point.de.Friedrichswalde-Meckl" {
        track(:first:station :double :cat:ac15 :pax,
                ls[:fri - 1sw, :fri + 1sw]
        );
        marker(:de.bf :removed :right, ls[:fri] >> 0.5dt);
        slabel(:bottom :removed, ls[:fri] >> 0.5dt >> 1.2sh + (-0.5sw, 0dt),
            vbox(:center:base,
                span(:regular, "Friedrichswalde   "),
                span(:light, "(Meckl)")
            )
        );
    }

    with link = "line.de.1122" {
        track(:first :double :cat:ac15 :pax, ls[:fri + 1ssw, :frb - 0.5sw]);
    }

    with link = "point.de.Friedrichswalde-Meckl-Bk" {
        track(:first :double:station :cat:ac15 :pax,
                ls[:frb - 0.5sw, :frb + 0.5sw]
        );
        marker(:de.bk :right, ls[:frb] >> 0.5dt);
        slabel(:right :light, ls[:frb - 0.7sw] >> 0.5dt >> 1.0sh,
            hbox(:left:top, "Friedrichswalde (Meckl)")
        );
    }

    with link = "line.de.1122" {
        track(:first :double :cat:ac15 :pax, ls[:frb + 0.5sw, :eic - 0.5sw]);
    }

    with link = "point.de.Eickelberg" {
        track(:first :double:station :cat:ac15 :pax,
                ls[:eic - 0.5sw, :eic + 0.5sw]
        );
        marker(:de.bk :removed :left, ls[:eic] << 0.5dt);
        slabel(:left :removed :light, ls[:eic - 0.5sw] << 0.5dt << 1.2sh,
            "Eickelberg"
        );
    }

    with link = "line.de.1122" {
        track(:first :double :cat:ac15 :pax, ls[:eic + 0.5sw, :war - 1ssw]);
    }

    with link = "point.de.Warnow-Meckl" {
        track(:first:station :double :cat:ac15 :pax,
                ls[:war - 1sw, :war + 1sw]
        );
        marker(:de.bf :cat:ac15 :pax :left, ls[:war] << 0.5dt);
        slabel(:left :cat:ac15 :pax,
            ls[:war + 1sw] << 0.5dt << 1.4sh + (2sw, 0dt),
            hbox(:center:base,
                span(:regular, "Warnow "),
                span(:light, "(Meckl)")
            )
        );
    }

    with link = "line.de.1122" {
        track(:first :double :cat:ac15 :pax, ls[:war + 1sw, :zer - 1sw]);
    }

    with link = "point.de.Zernin" {
        track(:first:station :double :cat:ac15 :pax,
                ls[:zer - 1sw, :zer + 1sw]
        );
        marker(:de.hp :removed :right, ls[:zer] >> 0.5dt);
        slabel(:right :removed, ls[:zer - 0.7sw] >> 0.5dt >> 1.0sh,
            hbox(:left:top, "Zernin")
        );
    }

    with link = "line.de.1122" {
        track(:first :double :cat:ac15 :pax, ls[:zer + 1sw, :but - 1sw]);
        line_label(:left:se :cat:ac15 :pax, ls[:zer + 3km] << 0.5dt, "1122");
    }

    with link = "point.de.Bützow" {
        # DE 1122 - DE 6446 
        track(:first :double:station :cat:ac15 :pax,
                path("d3.de.6446")[:but - 1sw, :but + 1sw]
        );

        # DE 1122 rechts
        track(:first:station :removed,
                ls[:but - 0.5sw - 1.1dl, :but - 0.5sw - 1dl] >> 0.5dt
            --  ls[:but - 0.5sw, :but + 1sw] >> 1.5dt
        );

        marker(:de.bf :cat:ac15 :pax :left, ls[:but] << 0.5dt);
        slabel(:left :cat:ac15 :pax, ls[:but - 0.4sw] << 0.5dt << 1.2sh,
            span(:bold, "Bützow")
        );
    }

    with link = "line.de.1122" {
        track(:first :leftother:rightsame :cat:ac15 :pax,
                ls[:but + 1sw, :but.yr] >> 0.5dt
        );
        track(:first :rightsame :cat:ac15 :pax,
                ls[:but.yr - 0.1dl, :but.yr] >> 0.5dt
            ..  ls[:but.yyr, :swi - 1sw] << 0.5dt
        );

        track(:first :rightsame :removed,
                ls[:but + 1sw, :but.yr] >> 1.5dt
        );
        track(:first :rightsame :removed,
                ls[:but.yr - 0.1dl, :but.yr] >> 1.5dt
            ..  ls[:but.yyr, :swi - 1sw] >> 0.5dt
        );

        line_label(:right:n :cat:ac15 :pax, ls[:swi - 3km] >> 0.5dt, "1122");
    }

    with link = "point.de.Schwiesower-Forst" {
        track(:first:station :cat:ac15 :pax,
                ls[:swi - 1sw, :swi + 1sw] << 0.5dt
        );
        track(:first:station :removed,
                ls[:swi - 1sw, :swi + 1sw] >> 0.5dt
        );
        marker(:de.bbf :removed :left, ls[:swi] << 0.5dt);
        slabel(:top :removed, ls[:swi] << 0.5dt << 1.2sh,
            "Schwiesower Forst"
        );
    }

    with link = "line.de.1122" {
        track(:first :rightsame :cat:ac15 :pax,
                ls[:swi + 1sw, :swi.x - 1dl] << 0.5dt
        );
        track(:first :leftsame :removed,
                ls[:swi + 1sw, :swi.x - 1dl] >> 0.5dt
        );

        track(:first:station :cat:ac15 :pax,
                ls[:swi.x - 1dl, :swi.x] << 0.5dt
            --  ls[:swi.x + 1dl, :swi.x + 2dl] >> 0.5dt
        );
        track(:first:station :removed,
                ls[:swi.x - 1dl, :swi.x + 1dl] >> 0.5dt
        );
        track(:first:station :removed,
                ls[:swi.x, :swi.x + 2dl] << 0.5dt
        );

        track(:first :leftsame :cat:ac15 :pax,
                ls[:swi.x + 2dl, :gug - 1ssw] >> 0.5dt
        );
        track(:first :rightsame :removed,
                ls[:swi.x + 2dl, :gug - 1sw] << 0.5dt
        );
    }

    with link = "point.de.Güstrow-Gbf" {
        # DE 6445
        track(:first:station :cat:ac15 :pax, ls[:gug - 1sw, :gus.r] << 1.5dt);

        # DE 1122
        track(:first:station :removed, ls[:gug - 1sw, :gus.r] << 0.5dt);
        track(:first:station :cat:ac15 :pax, ls[:gug - 1sw, :gus.r] >> 0.5dt);

        marker(:de.bft :right, ls[:gug] >> 0.5dt);
    }

    with link = "point.de.Güstrow" {
        track(:first:station :cat:ac15 :pax,
                ls[:gus.r, :gus + 0.5sw] << 1.5dt
            --  ls[:gus + 0.5sw + 1dl, :gus + 0.5sw + 1.1dl] << 0.5dt
        );

        track(:first:station :removed,
                ls[:gus.r, :gus + 0.5sw] << 0.5dt
        );
        track(:first:station :cat:ac15 :pax,
                ls[:gus.r, :gus + 0.5sw - 1dl] >> 0.5dt
            --  ls[:gus + 0.5sw, :gus + 1sw] << 0.5dt
        );
        track(:first:station :removed,
                ls[:gus + 0.5sw - 1dl, :gus + 1sw] >> 0.5dt
        );

        track(:second:station :cat:ac15 :pax,
                ls[:gus - 0.5sw - 1.1dl, :gus - 0.5sw - 1dl] >> 0.5dt
            --  ls[:gus - 0.5sw, :gus + 1sw] >> 1.5dt
        );

        marker(:de.bf :cat:ac15 :pax :right, ls[:gus] >> 1.5dt);
        slabel(:left :cat:ac15 :pax, ls[:gus - 0.9sw] >> 1.5dt >> 1.0sh,
            hbox(:right:top :bold, "Güstrow")
        );
    }

    with link = "line.de.1122" {
        track(:first :rightsame :cat:ac15 :pax,
                ls[:gus + 1sw, :pri - 1sw] << 0.5dt
        );
        track(:first :leftsame :removed,
                ls[:gus + 1sw, :pri - 1sw] >> 0.5dt
        );
    }

    with link = "point.de.Priemerburg" {
        track(:first:station :cat:ac15 :pax,
                ls[:pri - 1sw, :pri + 1sw] << 0.5dt
        );
        track(:first:station :removed,
                ls[:pri - 1sw, :pri + 1sw] >> 0.5dt
        );
        track(:second:station :cat:ac15 :pax,
                ls[:pri - 1sw, :pri + 1sw] >> 1.5dt
        );
        marker(:de.bf :cat:ac15 :pax :right, ls[:pri] >> 1.5dt);
        label(ls[:pri + 1ssw] >> 1.5dt >> 1.0sh,
            hbox(:right:top :cat:ac15 :pax,
                vbox(:left:top :small,
                    span(:bold, "Priemerburg – "),
                    span(:bold, "NUP Güstrow")
                )
            )
        );
    }

    with link = "line.de.1122" {
        track(:first :rightsame :cat:ac15 :pax,
                ls[:pri + 1sw, :prs - 0.5sw] << 0.5dt
        );
        track(:first :leftsame :removed,
                ls[:pri + 1sw, :prs - 0.5sw] >> 0.5dt
        );
    }

    with link = "point.de.Priemerwald-Süd" {
        track(:first:station :cat:ac15 :pax,
            ls[:prs - 0.5sw, :prs + 0.5sw] << 0.5dt
        );
        track(:first:station :removed,
            ls[:prs - 0.5sw, :prs + 0.5sw] >> 0.5dt
        );
        track(:second:station,
            ls[:prs - 0.5sw, :prs + 0.5sw] >> 1.5dt
        );
        marker(:de.abzw :removed :left, ls[:prs] << 0.5dt);
        slabel(:right :removed, ls[:prs + 0.5sw] << 0.5dt << 1.5sh,
            span(:bold, "Priemerwald Süd")
        );
    }

    with link = "line.de.1122" {
        track(:first :rightsame :cat:ac15 :pax,
                ls[:prs + 0.5sw, :dev - 0.5sw] << 0.5dt
        );
        track(:first :leftsame :removed,
                ls[:prs + 0.5sw, :dev - 0.5sw] >> 0.5dt
        );
    }

    with link = "point.de.Devwinkel" {
        track(:first:station :cat:ac15 :pax,
                ls[:dev - 0.5sw, :dev + 0.5sw] << 0.5dt
        );
        track(:first:station :removed,
                ls[:dev - 0.5sw, :dev + 0.5sw] >> 0.5dt
        );
        marker(:de.bbf :removed :right, ls[:dev] >> 0.5dt);
        slabel(:right :removed, ls[:dev + 0.5sw] << 1.5dt, "Devwinkel");
    }

    with link = "line.de.1122" {
        track(:first :rightsame :cat:ac15 :pax,
                ls[:dev + 0.5sw, :nie - 0.5sw] << 0.5dt
        );
        track(:first :leftsame :removed,
                ls[:dev + 0.5sw, :nie - 0.5sw] >> 0.5dt
        );
    }

    with link = "point.de.Nienhagen-Lalendorf" {
        track(:first:station :cat:ac15 :pax,
                ls[:nie - 0.5sw, :nie + 0.5sw] << 0.5dt
        );
        track(:first:station :removed,
                ls[:nie - 0.5sw, :nie + 0.5sw] >> 0.5dt
        );
        marker(:de.hp :removed :right, ls[:nie] >> 0.5dt);
        slabel(:left :removed, ls[:nie + 2sw] >> 0.5dt >> 2.2sh,
            "Nienhagen"
        );
    }

    with link = "line.de.1122" {
        track(:first :rightsame :cat:ac15 :pax,
                ls[:nie + 0.5sw, :lal - 1sw] << 0.5dt
        );
        track(:first :leftsame :removed,
                ls[:nie + 0.5sw, :lal - 1sw] >> 0.5dt
        );
    }

    with link = "point.de.Lalendorf" {
        track(:first:station :cat:pax :ac15,
                ls[:lal - 1sw, :lal + 1sw] << 0.5dt
        );
        
        track(:first:station :removed,
                ls[:lal - 1sw, :lal - 0.5sw + 1dl] >> 0.5dt
        );
        track(:first:station :cat:ac15 :pax,
                ls[:lal - 0.51sw, :lal - 0.5sw] << 0.5dt
            --  ls[:lal - 0.5sw + 1dl, :lal + 1sw] >> 0.5dt
        );

        marker(:de.bf :cat:ac15 :pax :left, ls[:lal] << 0.5dt);
        slabel(:bottom :cat:ac15 :pax, ls[:lal] >> 1.5dt,
            span(:bold, "Lalendorf")
        );
    }

    with link = "line.de.1122" {
        track(:first :rightsame :pax, ls[:lal + 1sw, :nwo - 1sw] << 0.5dt);
        track(:first :leftsame :removed, ls[:lal + 1sw, :nwo - 1sw] >> 0.5dt);
        line_label(:left:s :pax, ls[:lal + 4.0km] << 0.5dt, "1122");
    }

    with link = "point.de.Neu-Wokern" {
        track(:first:station :pax, ls[:nwo - 1sw, :nwo + 1sw] << 0.5dt);
        track(:first:station :removed, ls[:nwo - 1sw, :nwo + 1sw] >> 0.5dt);
        marker(:de.hp :pax :right, ls[:nwo] >> 0.5dt);
        marker(:de.exbf :pax :right, ls[:nwo] >> 0.5dt);
        slabel(:bottom :pax, ls[:nwo] >> 0.5dt >> 1.6sh,
            "Neu Wokern"
        );
    }

    with link = "line.de.1122" {
        track(:first :rightsame :pax, ls[:nwo + 1sw, :tet - 1sw] << 0.5dt);
        track(:first :leftsame :removed, ls[:nwo + 1sw, :tet - 1sw] >> 0.5dt);
    }

    with link = "point.de.Teterow" {
        track(:first:station :pax, ls[:tet - 1sw, :tet + 1sw] << 0.5dt);
        track(:first:station :removed,
                ls[:tet - 1sw, :tet + 0.5sw] >> 0.5dt
            --  ls[:tet + 0.5sw + 1dl, :tet + 0.5sw + 1.1dl] << 0.5dt
        );
        marker(:de.bf :pax :left, ls[:tet] << 0.5dt);
        slabel(:left :pax, ls[:tet + 1sw] << 0.5dt << 1.2sh,
            span(:bold, "Teterow")
        );
    }

    with link = "line.de.1122" {
        track(:first :pax,
                ls[:tet + 1sw, :tet + 1.1sw] << 0.5dt
            ..  ls[:tet.ff + 1dt, :hmi - 1sw]
        );
    }

    with link = "point.de.Hohen-Mistorf" {
        track(:first :pax, ls[:hmi - 1sw, :hmi + 1sw]);
        marker(:de.bf :removed :left, ls[:hmi]);
        slabel(:right :removed, ls[:hmi + 0.5sw] << 1.2sh,
            "Hohen Mistorf"
        );
    }

    with link = "line.de.1122" {
        track(:first :pax, ls[:hmi + 1ssw, :reb - 1sw]);
    }

    with link = "point.de.Remplin" {
        track(:first :pax, ls[:reb - 1sw, :rem + 1sw]);
        marker(:de.bf :removed :left, ls[:rem]);
        slabel(:top :removed, ls[:rem] << 1.2sh,
            "Remplin"
        );
    }

    with link = "line.de.1122" {
        track(:first :pax, ls[:rem + 1sw, :mal - 1sw]);
    }

    with link = "point.de.Malchin" {
        track(:first:station :pax, ls[:mal - 1sw, :mal + 1sw]);
        marker(:de.bf :pax :right, ls[:mal]);
        slabel(:bottom :pax, ls[:mal] >> 1.4sw,
            span(:bold, "Malchin")
        );
    }

    with link = "line.de.1122" {
        track(:first :pax, ls[:mal + 1sw, :leu - 1sw]);
    }

    with link = "point.de.Leuschentin" {
        track(:first:station :pax, ls[:leu - 1sw, :leu + 1sw]);
        marker(:de.bf :removed :left, ls[:leu]);
        slabel(:right :removed, ls[:leu + 0.6sw] << 1.3sh,
            "Leutschentin"
        );
    }

    with link = "line.de.1122" {
        track(:first :pax, ls[:leu + 1sw, :sar - 1sw]);
    }

    with link = "point.de.Scharpzow" {
        track(:first:station :pax, ls[:sar - 1sw, :sar + 1sw]);
        marker(:de.bbf :removed :left, ls[:sar]);
        slabel(:left :removed, ls[:sar + 1sw] >> 0.5dt,
            hbox(:right:top, "Scharpzow")
        );
    }

    with link = "line.de.1122" {
        track(:first :pax, ls[:sar + 1sw, :sta - 1sw]);
    }

    with link = "point.de.Reuterstadt-Stavenhagen" {
        track(:first:station :pax, ls[:sta - 1sw, :sta + 1sw]);
        marker(:de.bf :pax :right, ls[:sta]);
        slabel(:left :pax, ls[:sta + 1.5sw] >> 0.8sh,
            hbox(:right:top, "Reuterstadt Stavenhagen")
        );
    }

    with link = "line.de.1122" {
        track(:first :pax, ls[:sta + 1sw, :grw - 1sw]);
        line_label(:left:s :pax, ls[:sta + 3.1km], " 1122");
    }


    with link = "point.de.Grischow-Meckl" {
        track(:first:station :pax, ls[:grw - 1sw, :grw + 1sw]);
        marker(:de.bf :pax :right, ls[:grw]);
        slabel(:left :pax, ls[:grw + 1.5sw] >> 0.8sh,
            hbox(:right:top, hbox(:center:base,
                span(:regular, "Grischow "),
                span(:light, "(Meckl)")
            ))
        );
    }

    with link = "line.de.1122" {
        track(:first :pax, ls[:grw + 1sw, :kas - 1sw]);
    }

    with link = "point.de.Kastorf-Meckl" {
        track(:first:station :pax, ls[:kas - 1sw, :kas + 1sw]);
        marker(:de.bf :removed :right, ls[:kas]);
        slabel(:left :removed, ls[:kas + 0.6sw] >> 1.6sh,
            hbox(:center:base,
                span(:regular, "Kastorf "),
                span(:light, "(Meckl)")
            )
        );
    }

    with link = "line.de.1122" {
        track(:first :pax, ls[:kas + 1sw, :kee - 1sw]);
    }

    with link = "point.de.Kleeth" {
        track(:first:station :pax, ls[:kee - 1sw, :kee + 1sw]);
        marker(:de.bbf :right, ls[:kee]);
        marker(:de.exbf :right, ls[:kee]);
        slabel(:left, ls[:kee + 0.6sw] >> 2.0sh, "Kleeth");
    }

    with link = "line.de.1122" {
        track(:first :pax, ls[:kee + 1sw, :mol - 1sw]);
    }

    with link = "point.de.Mölln-Meckl" {
        track(:first:station :pax, ls[:mol - 1sw, :mol + 1sw]);
        marker(:de.hp :pax :right, ls[:mol]);
        marker(:de.exbf :pax :right, ls[:mol]);
        slabel(:left :pax, ls[:mol + 0.3sw] >> 2.4sh,
            hbox(:center:base,
                span(:regular, "Mölln "),
                span(:light, "(Meckl)")
            )
        );
    }

    with link = "line.de.1122" {
        track(:first :pax, ls[:mol + 1sw, :blh - 1sw]);
    }

    with link = "point.de.Blankenhof" {
        track(:first:station :pax, ls[:blh - 1sw, :blh + 1sw]);
        marker(:de.bbf :right, ls[:blh]);
        marker(:de.exbf :right, ls[:blh]);
        slabel(:bottom, ls[:blh] >> 1.6sh, "Blankenhof");
    }

    with link = "line.de.1122" {
        track(:first :pax, ls[:blh + 1sw, :wei - 1sw]);
    }

    with link = "point.de.Weitin" {
        track(:first:station :pax, ls[:wei - 1sw, :wei + 1sw]);
        marker(:de.bbf :removed :left, ls[:wei]);
        slabel(:left :removed, ls[:wei - 0.5sw] << 1.4sh, "Weitin");
    }

    with link = "line.de.1122" {
        track(:first :pax,
                ls[:wei + 1sw, :nbr.yys]
            ..  ls[:nbr.ys, :nbr - 1sw] >> 1dt
        );
        line_label(:right:ne :pax, ls[:nbr - 2.5km], "1122");
    }

    with link = "point.de.Neubrandenburg" {
        # DE 1122
        track(:first:station :cat:ac15 :pax, ls[:nbr - 1sw, :nbg - 1sw] >> 1dt);

        # DE 6088
        track(:first:station :cat:ac15 :pax, ls[:nbr - 1sw, :nbg - 1sw]);

        # DE 6767
        track(:second :station :removed, ls[:nbr - 1sw, :nbg - 1sw] >> 2dt);

        # DE 6789
        track(:second :station, ls[:nbr - 1sw, :nbg - 1sw] << 1dt);

        marker(:de.bf :cat:ac15 :pax :right, ls[:nbr] >> 2dt);
        slabel(:bottom :cat:ac15 :pax, ls[:nbr] >> 2dt >> 1.2sh,
            span(:bold, "Neubrandenburg")
        );
    }

    with link = "point.de.Neubrandenburg-Gbf" {
        # DE 1122
        track(:first:station :cat:ac15 :pax, ls[:nbg - 1sw, :nbg + 1sw]);

        # DE 6088
        track(:first:station :cat:ac15 :pax, ls[:nbg - 1sw, :nbg + 1sw] >> 1dt);

        # DE 6767
        track(:second :station :removed,
                ls[:nbg - 1sw, :nbg + 0.5sw] >> 2dt
            --  ls[:nbg + 0.5sw + 1dl, :nbg + 0.5sw + 1.1dl] >> 1dt
        );

        # DE 6789
        track(:second :station, ls[:nbg - 1sw, :nbg + 1sw] << 1dt);

        marker(:de.bft :cat:ac15 :left, ls[:nbg] << 1dt);
    }

    with link = "line.de.1122" {
        track(:first :pax, ls[:nbg + 1sw, :kus - 1sw]);
    }

    with link = "point.de.Küssow" {
        track(:first:station :pax, ls[:kus - 1sw, :kus + 1sw]);
        marker(:de.bf :removed :right, ls[:kus]);
        slabel(:top :removed, ls[:kus] << 1.5dt, "Küssow");
    }

    with link = "line.de.1122" {
        track(:first :pax, ls[:kus + 1sw, :spo - 1sw]);
    }

    with link = "point.de.Sponholz" {
        track(:first:station :pax, ls[:spo - 1sw, :spo + 1sw]);
        marker(:de.bf :pax :right, ls[:spo]);
        slabel(:bottom :pax, ls[:spo] >> 1.2sh, "Sponholz");
    }

    with link = "line.de.1122" {
        track(:first :pax, ls[:spo + 1sw, :ruh - 1sw]);
        line_label(:left:s :pax, ls[:spo + 2.3km], "1122");
    }

    with link = "point.de.Rühlow" {
        track(:first:station :pax, ls[:ruh - 1sw, :ruh + 1sw]);
        marker(:de.bf :removed :left, ls[:ruh]);
        slabel(:right :removed, ls[:ruh + 0.5sw] << 1.4sh, "Rühlow");
    }

    with link = "line.de.1122" {
        track(:first :pax, ls[:ruh + 1sw, :nee - 1sw]);
    }

    with link = "point.de.Neetzka" {
        track(:first:station :pax, ls[:nee - 1sw, :nee + 1sw]);
        marker(:de.hp :pax :right, ls[:nee]);
        marker(:de.exbf :pax :right, ls[:nee]);
        slabel(:bottom :pax, ls[:nee] >> 1.7sh, "Neetzka");
    }

    with link = "line.de.1122" {
        track(:first :pax, ls[:nee + 1sw, :oer - 1sw]);
    }

    with link = "point.de.Oertzenhof" {
        track(:first:station :pax, ls[:oer - 1sw, :oer + 1sw]);
        marker(:de.bf :pax :right, ls[:oer]);
        slabel(:bottom :pax, ls[:oer - 1sw] >> 1.6sh,
            "Oertzenhof"
        );
    }

    with link = "line.de.1122" {
        track(:first :pax, ls[:oer + 1sw, :kre - 1sw]);
    }

    with link = "point.de.Kreckow" {
        track(:first:station :pax, ls[:kre - 1sw, :kre + 1sw]);
        marker(:de.bbf :removed :left, ls[:kre]);
        slabel(:top :removed, ls[:kre] << 1.2sh, "Kreckow");
    }

    with link = "line.de.1122" {
        track(:first :pax, ls[:kre + 1sw, :gda - 1sw]);
    }

    with link = "point.de.Groß-Daberkow-Hp" {
        track(:first:station :pax, ls[:gda - 1sw, :gda + 1sw]);
        marker(:de.hp :removed :right, ls[:gda]);
        slabel(:bottom :removed, ls[:gda] >> 1.2sh, "Groß Daberkow");
    }

    with link = "line.de.1122" {
        track(:first :pax, ls[:gda + 1sw, :lau - 1sw]);
    }

    with link = "point.de.Lauenhagen" {
        track(:first:station :pax, ls[:lau - 1sw, :lau + 1sw]);
        marker(:de.bbf :removed :left, ls[:lau]);
        slabel(:top :removed, ls[:lau] << 1.4sh, "Lauenhagen");
    }

    with link = "line.de.1122" {
        track(:first :pax, ls[:lau + 1sw, :stw]);
    }

    # point.de.Strasburg-Uckerm-Strw  de.6327
    # point.de.Strasburg-Uckerm       de.6327
}

