# EE KK.  Klooga - Kloogarand
with detail = 2 {
    let kk = path("d2.ee.kk");

    with railway = :first :g1520 :cat:dc30 :pax {
        with link = "line.ee.KK" {
            track(kk[:klo.yk, :klr - 1.1km]);
            line_label(:right:w, kk[:klr - 1.1km], "KK");
            track(kk[:klr - 1.1km, :klr]);
        }

        with link = "point.ee.Kloogarand" {
            statdot(kk[:klr]);
            slabel(:top, kk[:klr] + (0dt, -1dt), "Kloogarand");
        }
    }
}


# EE KM.  Koikküla (riigipiir) - Mõniste (riigipiir)
with detail = 2 {
    let km = path("d2.ee.km");

    with railway = :second :g750 :removed {
        with link = "point.int.Koikila-Žuldiņi" {
            marker(:right :ref, km[:kor]);
            marker(:left :ref, km[:kor]);
        }

        with link = "line.ee.KM" {
            track(km[:kor, :koi.yv]);
            track(km[:koi.yv, :koi]);
        }

        with link = "point.ee.Koikküla" {
            statdot(km[:koi]);
            slabel(:right, km[:koi] + (1.3dt, -0.3dt), "Koikküla");
        }

        with link = "line.ee.KM" {
            track(km[:koi, :koi + 5km]);
            line_label(:right:ne, km[:koi + 5km], "KM");
            track(km[:koi + 5km, :mor - 6.5km]);
            line_label(:left:sw, km[:mor - 6.5km], "KM");
            track(km[:mor - 6.5km, :mor]);
        }
    }
}


# EE KP.  Keila - Paldiski
with detail = 2 {
    let kp = path("d2.ee.kp");

    with railway = :first :g1520 :cat:dc30 :pax {
        with link = "line.ee.KP" {
            track(kp[:kei.yp, :kei.yp + 4.5km]);
            line_label(:left:n, kp[:kei.yp + 4.5km], (-0.2dt, 0dt), "KP");
            track(kp[:kei.yp + 4.5km, :klo]);
        }

        with link = "point.ee.Klooga" {
            track(:station, kp[:klo, :klo.yk]);
            statdot(kp[:klo]);
            slabel(:ne, kp[:klo] + (1dt, 0.6dt), "Klooga");
        }

        with link = "line.ee.KP" {
            track(kp[:klo.yk, :pal]);
            line_label(:left:n, kp[:klo.yk + 6km], (-0.2dt, 0dt), "KP");
        }

        with link = "point.ee.Paldiski" {
            statdot(kp[:pal]);
            slabel(:left, kp[:pal] + (-1.5dt, 0.8dt), "Paldiski");
        }
    }
}


# EE KR.  Kliima - Kliima  (riigipiir)
with detail = 2 {
    let kr = path("d2.ee.kr");

    with railway = :first :g1520 :removed {
        with link = "line.ee.KR" {
            track(kr[:kli.yp, :klr]);
        }
    }
}

