# FR 330.  St-Denis - Dieppe
with detail = 2 {
    let dd = path("d2.fr.330");

    with railway = :first :double :cat:ac25 :pax {
        with link = "line.fr.330" {
            track(dd[:sde.ye, :epi]);
        }

        with link = "point.fr.Épinay-Villetaneuse" {
            track(:station, dd[:epi, :epi.yp]);
            statdot(dd[:epi]);
        }

        with link = "line.fr.330" {
            track(dd[:epi.yp, :eng]);
        }

        with link = "point.fr.Enghien-les-Bains" {
            track(:station, dd[:eng, :eng.ym]);
            statdot(dd[:eng]);
        }

        with link = "line.fr.330" {
            track(dd[:eng.ym, :erm.yc]);
        }

        with link = "point.fr.Ermont-Eaubonne" {
            track(:station, dd[:erm.yc, :erm.yv]);
            statdot(dd[:erm]);
        }

        with link = "line.fr.330" {
            track(dd[:erm.yv, :pie]);
        }

        with link = "point.fr.Pierrelaye" {
            statdot(dd[:pie]);
        }

        with link = "line.fr.330" {
            track(dd[:pie, :bls]);
            track(dd[:bls, :sou.ye]);
        }

        with link = "point.fr.Saint-Ouen-l-Aumône" {
            track(:station, dd[:sou.ye, :sou]);
            statdot(dd[:sou]);
        }

        with link = "line.fr.330" {
            track(dd[:sou, :pon.ya]);
        }

        with link = "point.fr.Pontoise" {
            track(:station, dd[:pon.ya, :pon]);
            statdot(dd[:pon]);
        }

        with link = "line.fr.330" {
            track(dd[:pon, :cha.ys]);
            line_label(:left:e, dd[:cha - 7km], "330");

            track(dd[:cha.ys, :cha]);
        }

        with link = "point.fr.Chars" {
            statdot(dd[:cha]);
            slabel(:right, dd[:cha] + (1.7dt, 0.5dt), "Chars");
        }

        with link = "line.fr.330" {
            track(dd[:cha, :cha.yn]);
            track(dd[:cha.yn, :gis.yb]);
            line_label(:right:w, dd[:gis.yb - 10.5km], "330");
        }

        with link = "point.fr.Gisors" {
            track(:station, dd[:gis.yb, :gis]);
            statdot(dd[:gis]);
            slabel(:right, dd[:gis] + (0.3dt, -2.5dt), "Gisors");
        }
    }

    with railway = :first :double :cat:ac25 :nopax {
        with link = "line.fr.330" {
            track(dd[:gis, :gou.yg]);
            line_label(:right:sw, dd[:gis + 12km], "330");
        }

        with link = "point.fr.Gournay-Ferrières" {
            track(:station, dd[:gou.yg, :gou]);
            statdot(dd[:gou]);
            slabel(:left, dd[:gou] + (-1.8dt, 1.5dt), "Gournay-Ferrières");
        }

        with link = "line.fr.330" {
            track(dd[:gou, :ser.yr]);
            line_label(:left:ne, dd[:ser - 8.8km], "330");
        }
    }

    with railway = :first :removed {
        with link = "line.fr.330" {
            track(dd[:ser.ya, :arq]);
            line_label(:right:w, dd[:ser.ya + 8km], "330");
            line_label(:left:ne, dd[:arq - 8km], "330");
        }
    }

    with railway = :first :nopax {
        with link = "point.fr.Arques-la-Bataille" {
            statdot(dd[:arq]);
            slabel(:right, dd[:arq] + (1.5dt, 0dt), "Arques");
        }

        with link = "line.fr.330" {
            track(dd[:arq, :rou.ye]);
        }

        with link = "point.fr.Rouxmesnil" {
            track(:station, dd[:rou.ye, :rou]);
            statdot(dd[:rou]);
        }

        with link = "line.fr.330" {
            track(dd[:rou, :die.ys]);
        }
    }
}


# FR 331.300.  Raccordement d'Épluches
with detail = 2 {
    with link = "line.fr.331.300" {
        track(:first :double :cat:ac25 :pax,
                path("d2.fr.331.300")[:sou.ye, :epl.ys]
        );
    }
}


# FR 332.  Beauvais - Gisors
with detail = 2 {
    let bg = path("d2.fr.332");

    with link = "line.fr.332" {
        track(:first :removed, bg[:bea.yg, :gis.yb]);

        guide(:linenum :removed,
                bg[:bmg.y + 14km] << 0.7dt
            --  bg[:bmg.y + 14km] << 3.0dt
        );
        label(:linenum :removed, bg[:bmg.y + 14km] << 3.5dt,
            hbox(:left:middle, "332")
        );
    }
}


# FR 333.  Goincourt - Gournay-Ferrières
with detail = 2 {
    let gg = path("d2.fr.333");

    with link = "line.fr.333" {
        track(:first :removed, gg[:bmg.y, :gou.yg]);

        guide(:linenum :removed,
                gg[:bmg.y + 10km] << 0.7dt
            --  gg[:bmg.y + 10km] << 3.0dt
        );
        label(:linenum :removed, gg[:bmg.y + 10km] << 3.0dt,
            hbox(:center:top, "333")
        );
    }
}


# FR 339.  Gisors-Boisgeloup - Pacy-sur-Eure
with detail = 2 {
    let gp = path("d2.fr.339");

    with link = "line.fr.339" {
        track(:first :removed, gp[:gib.yp, :pac]);

        line_badge(:removed, gp[:ver.yp - 15km] @ -19 >> 0.3dt, "339");
        guide(:linenum :removed,
                gp[:pac - 5km] << 0.7dt
            --  gp[:pac - 5km] << 3.0dt
        );
        label(:linenum :removed, gp[:pac - 5km] << 3.0dt + (0.3dt, 0dt),
            hbox(:center:top, "339")
        );
    }
}

