# DE 1112.  Bad Malente-Gremsmühlen (ausschl.) - Lütjenburg
#
let mallut = path("path.de.1112");

with detail = [4, 5] {
    with link = "line.de.1112" {
        track(:second :closed, mallut[:aa, :man - 1sw]);
        with layer = 1 line_badge(:closed, mallut[:man - 1.0km], "1112");
    }


    with link = "point.de.Malente-Nord" {
        track(:second:station :closed, mallut[:man - 1sw, :man + 1sw]);
        marker(:de.hp :closed :left, mallut[:man]);
        station(:top :closed, mallut[:man] << 1.4sh,
            "Malente Nord", "2,01"
        );
    }


    with link = "line.de.1112" {
        track(:second :closed, mallut[:man + 1sw, :hol - 1sw]);
    }


    with link = "point.de.Holsteinische-Schweiz" {
        track(:second:station :closed, mallut[:hol - 1sw, :hol + 1sw]);
        marker(:de.hp :closed :right, mallut[:hol]);
        with layer = -1 marker(:de.bf :gone :right, mallut[:hol]);
        station(:right :closed, mallut[:hol - 0.2sw] >> 2.0sh,
            "Holsteinische Schweiz", "3,89"
        );
    }


    with link = "line.de.1112" {
        track(:second :closed, mallut[:hol + 1sw, :bru - 1sw]);
    }


    with link = "point.de.Bruhnskoppel" {
        track(:second:station :closed, mallut[:bru - 1sw, :bru + 1sw]);
        marker(:de.hp :closed :left, mallut[:bru]);
        station(:left :closed, mallut[:bru - 0.8sw] << 1.4sh,
            "Bruhnskoppel", "5,45"
        );
    }


    with link = "line.de.1112" {
        track(:second :closed, mallut[:bru + 1sw, :maw - 1sw]);
    }


    with link = "point.de.Malkwitz" {
        track(:second:station :closed, mallut[:maw - 1sw, :maw + 1sw]);
        marker(:de.hp :closed :left, mallut[:maw]);
        station(:left :closed, mallut[:maw - 0.4sw] << 1.4sh,
            "Malkwitz", "6,85"
        );
    }


    with link = "line.de.1112" {
        track(:second :closed, mallut[:maw + 1sw, :ben - 1sw]);
        with layer = 1 line_badge(:closed, mallut[:maw + 0.7km], "1112");
    }


    with link = "point.de.Benz" {
        track(:second:station :closed, mallut[:ben - 1sw, :ben + 1sw]);
        marker(:de.anst :closed :left, mallut[:ben]);
        with layer = -1 marker(:de.bf :removed :left, mallut[:ben]);
        station(:left :closed, mallut[:ben - 0.5sw] << 1.4sh,
            "Benz", "8,32"
        );
    }


    with link = "line.de.1112" {
        track(:second :closed, mallut[:ben + 1sw, :fle - 1sw]);
    }


    with link = "point.de.Flehm" {
        track(:second:station :closed, mallut[:fle - 1sw, :fle + 1sw]);
        marker(:de.hp :closed :right, mallut[:fle]);
        station(:right :closed, mallut[:fle - 0.4sw] >> 1.4sh,
            "Flehm", "9,6"
        );
    }


    with link = "line.de.1112" {
        track(:second :closed, mallut[:fle + 1sw, :kle - 1sw]);
    }


    with link = "point.de.Kletkamp" {
        track(:second:station :closed, mallut[:kle - 1sw, :kle + 1sw]);
        marker(:de.hst :closed :right, mallut[:kle]);
        with layer = -1 marker(:de.bf :gone :right, mallut[:kle]);
        station(:right :closed, mallut[:kle] >> 1.4sh + (0sw, 0.3sw),
            "Kletkamp", "11,15"
        );
    }


    with link = "line.de.1112" {
        track(:second :closed, mallut[:kle + 1sw, :ble - 1sw]);
    }


    with link = "point.de.Blekendorf" {
        track(:second:station :closed, mallut[:ble - 1sw, :ble + 1sw]);
        with layer = -1 marker(:de.hp :removed :right, mallut[:ble]);
        station(:right :removed, mallut[:ble - 0.4sw] >> 1.4sh,
            "Blekendorf", "12,90"
        );
    }


    with link = "line.de.1112" {
        track(:second :closed, mallut[:ble + 1sw, :fre - 1sw]);
        with layer = 1 line_badge(:closed, mallut[:ble + 1.0km], "1112");
    }


    with link = "point.de.Frederikental" {
        track(:second:station :closed, mallut[:fre - 1sw, :fre + 1sw]);
        with layer = -1 marker(:de.hp :removed :left, mallut[:fre]);
        station(:left :removed, mallut[:fre - 0.4sw] << 1.5sh,
            "Frederikental", "15,25"
        );
    }


    with link = "line.de.1112" {
        track(:second :closed, mallut[:fre + 1sw, :smi - 1sw]);
    }


    with link = "point.de.Schmiedendorf" {
        track(:second:station :closed, mallut[:smi - 1sw, :smi + 1sw]);
        with layer = -1 marker(:de.bf :gone :right, mallut[:smi]);
        station(:right :gone, mallut[:smi - 0.4sw] >> 1.5sh,
            "Schmiedendorf", "16,57?"
        );
    }


    with link = "line.de.1112" {
        track(:second :closed, mallut[:smi + 1sw, :fkir]);
    }


    with link = "point.de.Lütjenburg" {
        track(:second:station :closed, mallut[:fkir, :f]);
        track(:third:station :removed,
                mallut[:fkir, :lut + 0.5sw] << 1dt
        );

        with layer = -1 marker(:de.bf :closed :left, mallut[:lut] << 1dt);
        label(mallut[:lut - 0.4sw] >> 1dt,
            hbox(:left:bottom,
                vbox(:center:bottom,
                    hbox(:center:bottom :xsmall,
                        vbox(:right:top,
                            span(:closed, "1112: "),
                            span(:removed, "AK2: ")
                        ),
                        vbox(:center:top,
                            span(:closed, "17,25"),
                            span(:removed, "??")
                        )
                    ),
                    span(:medium :bold :closed, "Lütjenburg")
                )
            )
        );
    }

}

