# DE 9604.  Köln-Niehl Hafen - Benzelrath
with detail = 2 {
    let nb = path("d2.de.9604");

    with railway = :second :nopax {
        with link = "point.de.Köln-Niehl-Hafen" {
            statdot(nb[:nih]);
        }

        with link = "line.de.9604" {
            track(nb[:nih, :nie]);
        }

        with link = "point.de.Köln-Niehl" {
            track(:station, nb[:nie, :nie.x]);
            statdot(nb[:nie]);
        }

        with link = "line.de.9604" {
            track(nb[:nie.x, :bic]);
        }

        with link = "point.de.Köln-Bickendorf" {
            statdot(nb[:bic]);
        }

        with link = "line.de.9604" {
            track(nb[:bic, :lin]);
        }
    }

    with railway = :second :double :cat:dc75 :pax {
        with link = "line.de.9604" {
            track(nb[:lin, :fre]);
        }

        with link = "point.de.Frechen" {
            statdot(nb[:fre]);
        }
    }

    with railway = :second :nopax {
        with link = "line.de.9604" {
            track(nb[:fre, :ben]);
        }

        with link = "point.de.Benzelrath" {
            statdot(nb[:ben]);
        }
    }
}


# DE 9605.  Köln-Niel - Köln Ford West/Esso
with detail = 2 {
    let nf = path("d2.de.9605");

    with link = "line.de.9605" {
        with layer = -2 track(:third, nf[:nie.x, :knf]);
    }

    with link = "point.de.Köln-Niehl-Ford" {
        with layer = 1 marker(:statdot, nf[:knf]);
    }
}


# DE 9620.  Köln-Niehl - Köln Emder Straße
with detail = 2 {
    let ne = path("d2.de.9620");

    with link = "line.de.9620" {
        with layer = -2 track(:third, ne[:nie.y, :emd]);
    }

    with link = "point.de.Köln-Emder-Straße" {
        with layer = 1 marker(:statdot, ne[:emd]);
    }
}


# DE 9621.  Köln-Niehl - Köln Industriegelände
with detail = 2 {
    let ni = path("d2.de.9621");

    with link = "line.de.9621" {
        with layer = -2 track(:third, ni[:nie.z, :ind]);
    }

    with link = "point.de.Köln-Industriegelände" {
        with layer = 2 marker(:statdot, ni[:ind]);
    }
}

