# PL 91.  Kraków Główny - Granica Państwa (Medyka)
with detail = 2 {
    let km = path("d2.pl.91");

    with railway = :first :double :cat:dc30 :pax {
        with link = "line.pl.91" {
            track(km[:kra, :kza]);
        }

        with link = "point.pl.Kraków-Zabłocie" {
            track(:station, km[:kza, :kza.yo]);
            statdot(km[:kza]);
        }

        with link = "line.pl.91" {
            track(km[:kza.yo, :kpl.ym]);
        }

        with link = "point.pl.Kraków-Płaszów" {
            track(:station, km[:kpl.ym, :kpl]);
            statdot(km[:kpl]);
        }

        with link = "line.pl.91" {
            track(km[:kpl, :kbi.yw]);
        }

        with link = "point.pl.Kraków-Bieżanów" {
            track(:station, km[:kbi.yw, :kbi]);
            statdot(km[:kbi]);
        }

        with link = "line.pl.91" {
            track(km[:kbi, :gaj.y]);
            track(km[:gaj.y, :rud.y]);
            line_label(:left:s, km[:gaj.y + 3km], "91");
            track(km[:rud.y, :pod.ym]);
        }

        with link = "point.pl.Podłęże" {
            track(:station, km[:pod.ym, :pod.yn]);
            statdot(km[:pod]);
            slabel(:left, km[:pod] + (1dt, 0.8dt),
                hbox(:right:top, "Podłęże")
            );
        }

        with link = "line.pl.91" {
            track(km[:pod.yn, :bog]);
            line_label(:left:s, km[:pod + 20km], "91");
            line_label(:right:n, km[:bog - 5km], "91");
        }

        with link = "point.pl.Bogumiłowice" {
            track(:station, km[:bog, :bog.yk]);
            statdot(km[:bog]);
            slabel(:left, km[:bog] + (1.5dt, -1.5dt), "Bogumiłowice");
        }

        with link = "line.pl.91" {
            track(km[:bog.yk, :tmo]);
        }

        with link = "point.pl.Tarnów-Mościce" {
            track(:station, km[:tmo, :tmo.ym]);
            statdot(km[:tmo]);
        }

        with link = "line.pl.91" {
            track(km[:tmo.ym, :tar.ys]);
        }

        with link = "point.pl.Tarnów" {
            track(:station, km[:tar.ys, :tar.yl]);
            statdot(km[:tar]);
            slabel(:right :bold, km[:tar] + (0.9km, 0dt) + (1.0dt, 0.5dt),
                hbox(:left:top, "Tarnów")
            );
        }

        with link = "line.pl.91" {
            track(km[:tar.yl, :tws.yf]);
            track(km[:tws.yf, :deb.yz]);
            line_label(:left:s, km[:tws.yf + 15km], (-0.3dt, 0dt), "91");
        }

        with link = "point.pl.Dębica" {
            track(:station, km[:deb.yz, :deb.yc]);
            statdot(km[:deb]);
            slabel(:left, km[:deb] + (-1.0dt, -0.5dt), "Dębica");
        }

        with link = "line.pl.91" {
            track(km[:deb.yc, :dws.yt]);
            track(km[:dws.yt, :rzz.yo]);
            line_label(:left:s, km[:dws.yt + 18km], "91");
        }

        with link = "point.pl.Rzeszów-Zachodni" {
            track(:station, km[:rzz.yo, :rzz.ys]);
            statdot(km[:rzz]);
        }

        with link = "point.pl.Rzeszów-Główny" {
            track(:station, km[:rzz.ys, :rze]);
            statdot(km[:rze]);
            slabel(:right, km[:rze] + (0dt, 0.8dt),
                hbox(:left:top, "Rzeszów")
            );
        }

        with link = "line.pl.91" {
            track(km[:rze, :pza.yg]);
            line_label(:left:s, km[:pza.yg - 15km], "91");

            track(km[:pza.yg, :prw.yl]);
        }

        with link = "point.pl.Przeworsk" {
            track(:station, km[:prw.yl, :prw.yd]);
            statdot(km[:prw]);
            slabel(:left, km[:prw] + (0dt, 0.8dt),
                hbox(:right:top, "Przeworsk")
            );
        }

        with link = "line.pl.91" {
            track(km[:prw.yd, :mun]);
            line_label(:right:ne, km[:prw.yd + 9km], "91");
        }

        with link = "point.pl.Munina" {
            track(:station, km[:mun, :mun.yh]);
            statdot(km[:mun]);
            slabel(:left, km[:mun] + (-1.8dt, 1.3dt), "Munina");
        }

        with link = "line.pl.91" {
            track(km[:mun.yh, :zur.ym]);
            line_label(:left:w, km[:zur - 10km], "91");
        }

        with link = "point.pl.Żurawica" {
            track(:station, km[:zur.ym, :zur.yh]);
            statdot(km[:zur] << 0.4dt);
            slabel(:left, km[:zur] + (-1.8dt, -0.5dt), "Żurawica");
        }

        with link = "line.pl.91" {
            track(km[:zur.yh, :prm]);
            line_label(:right:e, km[:prm - 1km], "91");
        }

        with link = "point.pl.Przemyśl-Główny" {
            track(:station, km[:prm, :prm.ym]);
            statdot(km[:prm] << 0.4dt);
            slabel(:left :bold, km[:prm] + (0.5dt, 1dt),
                hbox(:right:top, "Przemyśl")
            );
        }
    }

    with railway = :first :cat:dc30 :pax {
        with link = "line.pl.91" {
            track(km[:prm.ym, :pwo.ym]);
            track(km[:pwo.ym, :hur.yp]);
            track(km[:hur.yp, :hur.yk]);
        }

        with link = "point.pl.Hurko" {
            track(:station, km[:hur.yk, :hur.ym]);
            statdot(km[:hur] << 0.4dt);
            slabel(:right, km[:hur] + (-1.5dt, 0.8dt),
                hbox(:left:top, "Hurko")
            );
        }

        with link = "line.pl.91" {
            track(km[:hur.ym, :med.yp]);
            with zoom = :high line_label(:right:nw, km[:hur.ym + 3km], "91");
        }

        with link = "point.pl.Medyka" {
            track(:station, km[:med.yp, :med]);
            statdot(km[:med] << 0.4dt);
            slabel(:right, km[:med] + (-1.5dt, -2.3dt), "Medyka");
        }
    }

    with railway = :first :cat:dc30  {
        with link = "line.pl.91" {
            track(km[:med, :meg]);
        }
    }
}


# PL 92.  Przemyśl – Medyka
with detail = 2 {
    let pm = path("d2.pl.92");

    with railway = :first :cat:dc30 :broad:g1520 :pax {
        with link = "point.pl.Przemyśl-Główny" {
            track(:station, pm[:prm, :prm.ym] << 0.8dt);
        }

        with link = "line.pl.92" {
            track(pm[:prm.ym, :hur.yk] << 0.8dt);
        }

        with link = "point.pl.Hurko" {
            track(:station, pm[:hur.yk, :hur.ym] << 0.8dt);
        }

        with link = "line.pl.92" {
            track(pm[:hur.yk, :med.yp] << 0.8dt);
        }

        with link = "point.pl.Medyka" {
            track(:station, pm[:med.yp, :med] << 0.8dt);
        }

        with link = "line.pl.92" {
            track(pm[:med, :meg] << 0.8dt);
        }
    }
}


# PL 93.  Trzebinia -  Granica Państwa (Zebrzydowice)
with detail = 2 {
    let tz = path("d2.pl.k.93");

    with railway = :first :double :cat:dc30 :pax {
        with link = "line.pl.93" {
            track(tz[:trz.yz, :chr.yj]);
        }

        with link = "point.pl.Chrzanów" {
            track(:station, tz[:chr.yj, :chr.yb]);
            statdot(tz[:chr]);
            slabel(:left, tz[:chr] + (-2dt, 0.3dt), "Chrzanów");
        }

        with link = "line.pl.93" {
            track(:casing, tz[:chr.yb, :chr.yb + 1km]);
            track(tz[:chr.yb + 1km, :che.x]);
            line_label(:left:nw, tz[:che.x - 2km], "93");
        }
    }
}


# PL 94.  Kraków Płaszów - Oświęcim
with detail = 2 {
    let ko = path("d2.pl.k.94");

    with railway = :first :double :cat:dc30 :pax {
        with link = "line.pl.94" {
            track(ko[:kpl.yo, :kpo]);
            track(ko[:kpl.yo, :ska]);
            line_label(:right:s, ko[:ska - 4km], "94");
        }

        with link = "point.pl.Skawina" {
            track(:station, ko[:ska, :ska.yz]);
            statdot(ko[:ska]);
            slabel(:right, ko[:ska] + (0.5dt, 0.5dt),
                hbox(:left:top, "Skawina")
            );
        }

        with link = "line.pl.94" {
            track(ko[:ska.yz, :spy.yt]);
            line_label(:left:n, ko[:ska.yz + 12km], "94");
        }

        with link = "point.pl.Spytkowice" {
            track(:station, ko[:spy.yt, :spy.ys]);
            statdot(ko[:spy]);
            slabel(:left, ko[:spy] + (-1.3km, 0dt) + (-1dt, 0dt),
                hbox(:right:top, "Spytkowice")
            );
        }

        with link = "line.pl.94" {
            track(ko[:spy.ys, :wlo.x]);
            line_label(:right:s, ko[:spy.ys + 7km], (0.3dt, 0dt), "94");
        }
    }
}


# PL 95.  Kraków Mydlniki - Podłęże
with detail = 2 {
    let mp = path("d2.pl.95");

    with railway = :first :double :cat:dc30 {
        with link = "line.pl.95" {
            with layer = -1 track(mp[:kbr.yb, :krb.ym]);
            with zoom = :high line_label(
                :left:se, mp[:kbr.yb + 1.9km], "95"
            );
        }

        with link = "line.pl.95" {
            track(mp[:krb.yp, :dlu.y]);
        }
    }

    with railway = :first :double :cat:dc30 :pax {
        with link = "line.pl.95" {
            track(mp[:dlu.y, :knh]);
        }

        with link = "point.pl.Kraków-Nowa-Huta" {
            statdot(mp[:knh]);
            slabel(:right, mp[:knh] + (0dt, -300m) + (-1.5dt, -1.3dt),
                "K. Nowa Huta"
            );
        }

        with link = "line.pl.95" {
            track(mp[:knh, :pog.y]);
            line_label(:left:w, mp[:knh + 5km], "95");

            track(mp[:pog.y, :pod.ym]);
        }
    }
}


# PL 96.  Tarnów -  Granica Państwa (Muszyna)
with detail = 2 {
    let tm = path("d2.pl.96");

    with railway = :first :cat:dc30 :pax {
        with link = "line.pl.96" {
            track(tm[:tar.yl, :tfi.yw]);
            track(tm[:tfi.yw, :str.yp]);
            line_label(:right:e, tm[:tfi.yw + 9.5km], "96");
            line_label(:right:e, tm[:str.yp - 6.3km], "96");
        }

        with link = "point.pl.Stróże" {
            track(:station, tm[:str.yp, :str]);
            statdot(tm[:str]);
            slabel(:right, tm[:str] + (1.5dt, 0.8dt), "Stróże");
        }
    }

    with railway = :first :double :cat:dc30 :pax {
        with link = "line.pl.96" {
            track(tm[:str, :nsa]);
            line_label(:left:n, tm[:nsa - 10km], (0.3dt, 0dt), "96");
        }
    }

    with railway = :first :cat:dc30 :pax {
        with link = "point.pl.Nowy-Sącz" {
            track(:station, tm[:nsa, :nsa.yc]);
            statdot(tm[:nsa]);
            slabel(:left, tm[:nsa] + (-0.8km, 0dt) + (-1.3dt, 0dt),
                "Nowy Sącz"
            );
        }

        with link = "line.pl.96" {
            track(tm[:nsa.yc, :mus.yk]);
            line_label(:right:e, tm[:nsa.yc + 20km], "96");
        }

        with link = "point.pl.Muszyna" {
            track(:station, tm[:mus.yk, :mus]);
            statdot(tm[:mus]);
            slabel(:right, tm[:mus] + (1.5dt, 0.7dt), "Muszyna");
        }
    }

    with railway = :first :cat:dc30 :tourist {
        with link = "line.pl.96" {
            track(tm[:mus, :mug]);
            line_label(:left:w, tm[:mus + 4.1km], "96");
        }
    }
}


# PL 97.  Skawina - Żywiec
with detail = 2 {
    let sz = path("d2.pl.k.97");

    with railway = :first :cat:dc30 :pax {
        with link = "line.pl.97" {
            track(sz[:ska.yz, :kzp.y]);
            line_label(:left:w, sz[:ska.yz + 6.5km], "97");

            track(sz[:kzp.y, :kzl.yb]);
        }

        with link = "point.pl.Kalwaria-Zebrzydowska-Lanckorona" {
            track(:station, sz[:kzl.yb, :kzl]);
            statdot(sz[:kzl]);
            slabel(:right, sz[:kzl] + (1.5dt, -2.0dt),
                vbox(:left:top, "Kalwaria", " Zebrzydowska", "  Lanckorona")
            );
        }

        with link = "line.pl.97" {
            track(sz[:kzl, :str.ys]);
            track(sz[:str.ys, :zem.ys]);
            track(sz[:zem.ys, :sup.y]);
            line_label(:left:w, sz[:zem.ys + 1.5km], "97");
            track(sz[:sup.y, :suc.yc]);
        }

        with link = "point.pl.Sucha-Beskidzka" {
            track(:station, sz[:suc.yc, :suc]);
            statdot(sz[:suc]);
            slabel(:left, sz[:suc] + (0dt, -1.3dt), "Sucha Beskidzka");
        }
    }

    with railway = :second  :cat:dc30 :seasonal {
        with link = "line.pl.97" {
            track(sz[:suc, :lac.x]);
            line_label(:left:nw, sz[:lac.x - 1km], "97");
        }
    }
}


# PL 98.  Sucha Beskidzka - Chabówka
with detail = 2 {
    let sc = path("d2.pl.98");

    with railway = :first :cat:dc30 :pax {
        with link = "line.pl.98" {
            track(sc[:suc.yc, :spo.y]);
            track(sc[:spo.y, :chp.yz]);
            line_label(:left:sw, sc[:spo.y + 6.25km], "98");
            line_label(:left:s, sc[:chp.yz - 6.2km], (0.3dt, 0dt), "98");

            track(sc[:chp.yz, :cha.yz]);
        }

        with link = "point.pl.Chabówka" {
            track(:station, sc[:cha.yz, :cha]);
            statdot(sc[:cha]);
            slabel(:right, sc[:cha] + (-1dt, 1dt),
                hbox(:left:top, "Chabówka")
            );
        }
    }
}


# PL 99.  Chabówka - Zakopane
with detail = 2 {
    let cz = path("d2.pl.99");

    with railway = :first :cat:dc30 :pax {
        with link = "line.pl.99" {
            track(cz[:cha.yz, :chp.yp]);
            track(cz[:chp.yp, :nta]);
            line_label(:right:e, cz[:chp.yp + 4.7km], "99");
        }

        with link = "point.pl.Nowy-Targ" {
            track(:station, cz[:nta, :nta.ys]);
            statdot(cz[:nta]);
            slabel(:right, cz[:nta] + (1.5dt, 0.5dt), "Nowy Targ");
        }

        with link = "line.pl.99" {
            track(cz[:nta.ys, :zak]);
            line_label(:left:w, cz[:zak - 11km], "99");
        }

        with link = "point.pl.Zakopane" {
            statdot(cz[:zak]);
            slabel(:bottom, cz[:zak] + (-0.3dt, 0.8dt), "Zakopane");
        }
    }
}

