# DK AHG.  Aarhus H - Grenaa
#
let ag = path("d3.dk.ahg");

with detail = 4, railway = :first :cat:dc75 :pax {
    # point.dk.Aarhus-H  dk.FFH

    with link = "line.dk.AHG" {
        track(:double,
                ag[:aar + 379m, :aar + 380m] << 2mo
            ..  ag[:dok - 0.5sw, :dok - 0.49sw]
        );
    }

    with link = "point.dk.Dokk1", railway = :station {
        track(:double, ag[:dok - 0.5sw, :dok + 0.5sw]);
        marker(:right :de.hp, ag[:dok] >> 0.5mo >> 0.5mt);
        label(ag[:dok] >> 0.5mt >> 0.5mt >> 1sh + (1.5dt, 1.2dt),
            vbox(:left:topbase,
                span(:former, "Europaplads"),
                vbox(:center:topbase,
                    "Dokk1",
                     span(:xsmall, "AHG: ??")
                )
            )
        );
    }

    with link = "line.dk.AHG" {
        track(:double, ag[:dok + 0.49sw, :sko - 0.49sw]);
    }

    with link = "point.dk.Skolebakken", railway = :station {
        track(:double, ag[:sko - 0.5sw, :sko + 0.5sw]);
        marker(:right :de.hp, ag[:sko] >> 0.5mo >> 0.5mt);
        station(:right, ag[:sko] >> 0.5mo >> 0.5mt >> 1sh + (1.5dt, 1.4dt),
            "Skolebakken", "AHG: 1,3"
        );
    }

    with link = "line.dk.AHG" {
        track(:double, ag[:sko + 0.49sw, :sko.yl]);
        track(:double, ag[:sko.yl, :ost - 0.49sw]);
    }

    with link = "point.dk.Østbanetorvet", railway = :station {
        track(
                ag[:ost - 0.5sw, :ost + 100m] << 0.5mo
            ..  ag[:ost + 200m, :ost + 230m]
        );
        track(
                ag[:ost - 0.5sw, :ost + 100m] >> 0.5mo
            ..  ag[:ost + 200m, :ost + 201m]
        );
        marker(:left :de.bf, ag[:ost] << 0.5mo << 0.5mt);
        station(:right, ag[:ost] >> 0.5mo >> 0.5mt + (1.5dt, 1.3dt),
            vbox(:center:base,
                span(:former, "Århus Ø"),
                "Østbanetorvet"
            ),
            "AHG: 2,0"
        );
    }

    with link = "line.dk.AHG" {
        track(ag[:ost + 229m, :ost + 0.96km]);
        line_label(:left:e, ag[:ost + 0.95km] << 0.5mt, (0dt, -0.3dt), "AHG");
        track(ag[:ost + 0.94km, :per - 0.49sw]);
    }

    with link = "point.dk.Den-Permanente", railway = :station {
        track(ag[:per - 0.5sw, :per + 0.5sw]);
        marker(:right :de.hp :nopax, ag[:per] >> 0.5mt);
        station(:right, ag[:per] >> 0.5mt >> 1sh + (1.7dt, 1.4dt),
            "Den Permanente", "AHG: 3,8"
        );
    }

    with link = "line.dk.AHG" {
        track(ag[:per + 0.49sw, :ris - 0.49sw]);
    }

    with link = "point.dk.Risskov", railway = :station {
        track(ag[:ris - 0.5sw, :ris + 0.5sw]);
        marker(:left :de.hp :removed, ag[:ris] << 0.5mt);
        station(:left :removed, ag[:ris] << 0.5mt << 1sh + (-1.5dt, 1dt),
            "Risskov", "AHG: ??"
        );
    }

    with link = "line.dk.AHG" {
        track(ag[:ris + 0.49sw, :ves - 0.49sw]);
    }

    with link = "point.dk.Vestre-Strandallé", railway = :station {
        track(ag[:ves - 0.5sw, :ves + 0.5sw]);
        marker(:right :de.bf, ag[:ves] >> 0.5mt);
        station(:right, ag[:ves] >> 0.5mt >> 1sh + (1.5dt, 0.8dt),
            "Vestre Strandallé", "AHG: 5,900"
        );
    }

    with link = "line.dk.AHG" {
        track(ag[:ves + 0.49sw, :grv - 0.49sw]);
    }

    with link = "point.dk.Grenåvej", railway = :station {
        track(ag[:grv - 0.5sw, :grv + 0.5sw]);
        marker(:left :de.hp :removed, ag[:grv] << 0.5mt);
        station(:left :removed, ag[:grv] << 0.5mt << 1sh + (-1.7dt, 1.5dt),
            "Grenåvej", "AHG: ??"
        );
    }

    with link = "line.dk.AHG" {
        track(ag[:grv + 0.49sw, :tor - 0.49sw]);
    }

    with link = "point.dk.Torsøvej", railway = :station {
        track(ag[:tor - 0.5sw, :tor + 0.5sw]);
        marker(:right :de.bf, ag[:tor] >> 0.5mt);
        station(:right, ag[:tor] >> 0.5mt >> 1sh + (1.5dt, 0.8dt),
            "Torsøvej", "AHG: 7,145"
        );
    }

    with link = "line.dk.AHG" {
        track(ag[:tor + 0.49sw, :ter - 0.49sw]);
    }

    with link = "point.dk.Terp", railway = :station {
        track(ag[:ter - 0.5sw, :ter + 0.5sw]);
        marker(:left :de.hp :removed, ag[:ter] << 0.5mt);
        station(:left:right_align :removed,
            ag[:ter] << 0.5mt << 1sh + (-1.8dt, 1.2dt),
            "Terp", "AHG: ?? "
        );
    }

    with link = "line.dk.AHG" {
        track(ag[:ter + 0.49sw, :lys - 0.49sw]);
    }

    with link = "point.dk.Lystrup", railway = :station {
        track(ag[:lys - 0.5sw, :lys + 0.5sw]);
        marker(:left :de.bf, ag[:lys] << 0.5mt);
        station(:top, ag[:lys] << 0.5mt << 1sh + (-1.5dt, -0.8dt),
            span(:bold, "Lystrup"),
            "AHG: 11,700"
        );
    }

    with link = "line.dk.AHG" {
        track(ag[:lys + 0.49sw, :hov - 0.49sw]);
    }

    with link = "point.dk.Hovmarken", railway = :station {
        track(ag[:hov - 0.5sw, :hov + 0.5sw]);
        marker(:left :de.hp :nopax, ag[:hov] << 0.5mt);
        station(:right :nopax, ag[:hov] >> 0.5mt + (1.8dt, 1.5dt),
            "Hovmarken", "AHG: 13,056"
        );
    }

    with link = "line.dk.AHG" {
        track(ag[:hov + 0.49sw, :hjo - 0.49sw]);
    }

    with link = "point.dk.Hjortshøj", railway = :station {
        track(ag[:hjo - 0.5sw, :hjo + 0.5sw]);
        marker(:left :de.hp, ag[:hjo] << 0.5mt);
        station(:left, ag[:hjo] << 0.5mt << 1sh + (-1.8dt, 0.5dt),
            "Hjortshøj", "AHG: ??"
        );
    }

    with link = "line.dk.AHG" {
        track(ag[:hjo + 0.49sw, :sks - 0.49sw]);
    }

    with link = "point.dk.Skødstrup", railway = :station {
        track(ag[:sks - 0.5sw, :sks + 0.5sw]);
        marker(:right :de.bf, ag[:sks] >> 0.5mt);
        station(:right, ag[:sks] >> 0.5mt >> 1sh + (1.8dt, 1.5dt),
            "Skødstrup", "AHG: 17,400"
        );
    }

    with link = "line.dk.AHG" {
        track(ag[:sko + 0.49sw, :log - 0.49sw]);
    }

    with link = "point.dk.Løgten", railway = :station {
        track(ag[:log - 0.5sw, :log + 0.5sw]);
        marker(:left :de.hp, ag[:log] << 0.5mt);
        station(:left:right_align, ag[:log] << 0.5mt << 1sh + (-1.8dt, 1.0dt),
            "Løgten", "AHG: 19,200 "
        );
    }

    with link = "line.dk.AHG" {
        track(ag[:log + 0.49sw, :log + 1.51km]);
        line_label(:right:w, ag[:log + 1.5km] >> 0.5mt, "AHG");
        track(ag[:log + 1.49km, :hor - 0.49sw]);
    }

    with link = "point.dk.Hornslet", railway = :station {
        track(ag[:hor - 0.5sw, :hor + 0.5sw]);
        marker(:left :de.bf, ag[:hor] << 0.5mt);
        station(:left, ag[:hor] << 0.5mt << 1sh + (-1.8dt, 1.0dt),
            "Hornslet", "AHG: 24,915"
        );
    }

    with link = "line.dk.AHG" {
        track(ag[:hor + 0.49sw, :mor - 0.49sw]);
    }

    with link = "point.dk.Mørke", railway = :station {
        track(ag[:mor - 0.5sw, :mor + 0.5sw]);
        marker(:right :de.hp, ag[:mor] >> 0.5mt);
        marker(:right :de.exbf, ag[:mor] >> 0.5mt);
        station(:bottom, ag[:mor] >> 0.5mt >> 1.4sh + (1.0dt, 0.8dt),
            "Mørke", "AHG: 30,732"
        );
    }

    with link = "line.dk.AHG" {
        track(ag[:mor + 0.49sw, :dag - 0.49sw]);
    }

    with link = "point.dk.Dagstrup", railway = :station {
        track(ag[:dag - 0.5sw, :dag + 0.5sw]);
        marker(:right :de.hp :removed, ag[:dag] >> 0.5mt);
        station(:right :removed, ag[:dag] >> 0.5mt >> 1sh + (2.0dt, 2.0dt),
            "Dagstrup", "AHG: ??"
        );
    }

    with link = "line.dk.AHG" {
        track(ag[:dag + 0.49sw, :tho - 0.49sw]);
    }

    with link = "point.dk.Thorsager", railway = :station {
        track(ag[:tho - 0.5sw, :tho + 0.5sw]);
        marker(:right :de.hp, ag[:tho] >> 0.5mt);
        marker(:right :de.exbf, ag[:tho] >> 0.5mt);
        station(:right, ag[:tho] >> 0.5mt >> 1.4sh + (2.3dt, 2.0dt),
            "Thorsager", "AHG: ??"
        );
    }

    with link = "line.dk.AHG" {
        track(ag[:tho + 0.49sw, :tho + 2.01km]);
        line_label(:right:nw, ag[:tho + 2km] >> 0.5mt, "AHG");
        track(ag[:tho + 1.99km, :ryo.xr]);
        track(:lor,
                ag[:ryo.xr - 0.1dl, :ryo.xr]
            ..  ag[:ryo.yr, :ryo.yr + 0.1ld] >> 1mo
        );
    }

    with link = "point.dk.Ryomgård", railway = :station {
        track(:removed, ag[:ryo.yr, :ryo.yh]);
        track(ag[:ryo.yr, :ryo.yh] >> 1mo);
        marker(:left :de.bf, ag[:ryo] << 0.5mt);
        station(:top, ag[:ryo] << 0.5mt << 1sh << 1dt,
            span(:bold, "Ryomgård"),
            hbox(:center:top,
                vbox(:right:top,
                    span(:removed, "RAR: "),
                    span(:removed, "RGG: "),
                    "AHG: "
                ),
                vbox(:sep:top,
                    hbox(:sep:base :removed, "35,", anchor(), "5"),
                    hbox(:sep:base :removed, "0,", anchor(), "0"),
                    hbox(:sep:base, "40,", anchor(), "165")
                )
            )
        );
    }

    with link = "line.dk.AHG" {
        track(:lor,
                ag[:ryo.yh - 0.1dl, :ryo.yh] >> 1mo
            ..  ag[:ryo.xh + 8mo, :ryo.xh + 8.1mo]
        );
        track(ag[:ryo.xh + 8mo, :ryo.yh + 2.41km]);
        line_label(:right:n, ag[:ryo.yh + 2.4km] >> 0.5mt, "AHG");
        track(ag[:ryo.yh + 2.39km, :koe - 0.49sw]);
    }

    with link = "point.dk.Koed", railway = :station {
        track(ag[:koe - 0.5sw, :koe + 0.5sw]);
        marker(:left :de.hp :removed, ag[:koe] << 0.5mt);
        station(:top :removed, ag[:koe] << 0.5mt << 1sh + (1.0dt, -0.8dt),
            "Koed", "AHG: ??"
        );
    }

    with link = "line.dk.AHG" {
        track(ag[:koe + 0.49sw, :kol - 0.49sw]);
    }

    with link = "point.dk.Kolind", railway = :station {
        track(ag[:kol - 0.5sw, :kol + 0.5sw]);
        marker(:right :de.hp, ag[:kol] >> 0.5mt);
        marker(:right :de.exbf, ag[:kol] >> 0.5mt);
        station(:bottom, ag[:kol] >> 0.5mt >> 1.4sh + (-1.1dt, 1.0dt),
            "Kolind", "AHG: 46,100"
        );
    }

    with link = "line.dk.AHG" {
        track(ag[:kol + 0.49sw, :nod - 0.49sw]);
    }

    with link = "point.dk.Nødager", railway = :station {
        track(ag[:nod - 0.5sw, :nod + 0.5sw]);
        marker(:right :de.hp :removed, ag[:nod] >> 0.5mt);
        station(:bottom :removed, ag[:nod] >> 0.5mt >> 1sh >> 0.8dt,
            "Nødager", "AHG: ??"
        );
    }

    with link = "line.dk.AHG" {
        track(ag[:nod + 0.49sw, :hal - 0.49sw]);
    }

    with link = "point.dk.Hallendrup", railway = :station {
        track(ag[:hal - 0.5sw, :hal + 0.5sw]);
        marker(:right :de.hp :removed, ag[:hal] >> 0.5mt);
        station(:bottom :removed, ag[:hal] >> 0.5mt >> 1sh + (1.5dt, 1.0dt),
            "Hallendrup", "AHG: ??"
        );
    }

    with link = "line.dk.AHG" {
        track(ag[:hal + 0.49sw, :tru.ye - 0.49seg]);
    }

    with link = "point.dk.Trustrup", railway = :station {
        track(ag[:tru.ye - 0.5seg, :tru + 0.5sw]);
        track(:removed, ag[:tru.ye, :tru - 0.7sw] >> 1mo);
        marker(:right :de.bf, ag[:tru] >> 0.5mt);
        station(:bottom, ag[:tru] >> 0.5mt >> 1sh + (1.3dt, 1.0dt),
            "Trustrup",
            hbox(:center:top,
                vbox(:right:top, "AHG: ", span(:removed, "ETT: ")),
                vbox(:sep:top,
                    hbox(:sep:base, "58,", anchor(), "300"),
                    hbox(:sep:base :removed, "22,", anchor(), "5")
                )
            )
        );
    }

    with link = "line.dk.AHG" {
        track(ag[:tru + 0.49sw, :hom - 0.49sw]);
    }

    with link = "point.dk.Homå", railway = :station {
        track(ag[:hom - 0.5sw, :hom + 0.5sw]);
        marker(:right :de.hp :removed, ag[:hom] >> 0.5mt);
        station(:bottom :removed, ag[:hom] >> 0.5mt >> 1sh + (1.1dt, 1.0dt),
            "Homå", "AHG: ??"
        );
    }

    with link = "line.dk.AHG" {
        track(ag[:hom + 0.49sw, :als - 0.49sw]);
    }

    with link = "point.dk.Ålsø", railway = :station {
        track(ag[:als - 0.5sw, :als + 0.5sw]);
        marker(:right :de.hp :removed, ag[:als] >> 0.5mt);
        station(:right:left_align :removed,
            ag[:als] >> 0.5mt >> 1sh + (2.0dt, 2.0dt),
            "Ålsø", "AHG: ??"
        );
    }

    with link = "line.dk.AHG" {
        track(ag[:als + 0.49sw, :hes - 0.49sw]);
    }

    with link = "point.dk.Hessel", railway = :station {
        track(ag[:hes - 0.5sw, :hes + 0.5sw]);
        marker(:right :de.hp, ag[:hes] >> 0.5mt);
        station(:right, ag[:hes] >> 0.5mt >> 1sh + (1.5dt, 1.4dt),
            "Hessel", "AHG: ??"
        );
    }

    with link = "line.dk.AHG" {
        track(ag[:hes + 0.49sw, :hes + 1.11km]);
        line_label(:left:e, ag[:hes + 1.1km] << 0.5mt, "AHG");
        track(ag[:hes + 1.09km, :gre - 0.49sw]);
    }

    with link = "point.dk.Grenaa", railway = :station {
        track(ag[:gre - 0.5sw, :gre + 400m]);
        marker(:left :de.bf, ag[:gre] << 0.5mt);
        station(:right:left_align, ag[:gre] >> 0.5mt + (0.5dt, 2.8dt),
            span(:bold, "Grenaa"), "AHG: 68,830"
        );
    }
}


