# DE 1216.  St Michaelisdonn - Marne
#
let sm = path("d4.de.1216");

with detail = 3 {
    # point.de.St-Michaelisdonn  de.1210

    with link = "line.de.1216" {
        with layer = -1 track(:second:station :closed,
                path("d4.de.1210")[:smi.ym + 0.1dl, :smi.ym] >> 0.5dt
            ..  sm[:aa + 1.9dt, :aa + 2dt]
        );
        track(:second :closed, sm[:aa + 2dt, :vol - 1ssw]);
        with layer = 1 line_badge(:closed, sm[:vol - 1.6km], "1216");
    }

    with link = "point.de.Volsemenhusen" {
        track(:second:station :closed, sm[:vol - 1ssw, :vol + 1ssw]);
        with layer = -1 marker(:de.hst :removed :right, sm[:vol]);
        with layer = -2 marker(:de.bf :gone :right, sm[:vol]);
        slabel(:left :removed, sm[:vol - 1ssw] >> 1.4ssw, "Volsemenhusen");
    }

    with link = "line.de.1216" {
        track(:second :closed, sm[:vol + 1ssw, :maw - 1ssw]);
    }

    with link = "point.de.Marne" {
        track(:second:station :closed, sm[:maw - 1ssw, :f]);
        with layer = -1 track(:second:station :removed,
                sm[:maw - 1m, :maw]
            ..  path("d4.de.1217")[:a - 1m, :a + 1dt]
        );
        marker(:de.bf :closed :left, sm[:mar]);
        slabel(:right :closed, sm[:f] << 2.4ssw, span(:bold, "Marne"));
    }
}

