# PL 510.  Warszawa Główna Towarowa - Warszawa Aleje Jerozolimskie
with detail = 2 {
    let ga = path("d2.pl.510");

    with railway = :first :cat:dc30 :nopax {
        with link = "line.pl.510" {
            track(ga[:wgt.ya, :waw.yt]);
            track(ga[:waw.ya, :ale.yt]);
        }
    }
}

# PL 511.  Legionowo PR57 - Legionowo Piaski
with detail = 2 {
    with link = "line.pl.511" {
        track(:first :cat:dc30 :pax, path("d2.pl.511")[:lpr.yp, :lpi.yp]);
    }
}


# PL 512.  Pruszków – Komorów
with detail = 2 {
    with link = "line.pl.512" {
        track(:second :nopax, path("d2.pl.512")[:pru.yk, :kom.yp]);
    }
}


# PL 513.  Jasienica - Tłuszcz
with detail = 2 {
    with link = "line.pl.512" {
        track(:first :cat:dc30 :nopax, path("d2.pl.513")[:jas.y, :tlu.yj]);
    }
}


# PL 514.  Prostyń Bug - Treblinka
with detail = 2 {
    with link = "line.pl.512" {
        track(:second :removed, path("d2.pl.514")[:bug.y, :tre.yb]);
    }
}


# PL 515.  Białystok R606 - Białystok Starosielce
with detail = 2 {
    let bs = path("d2.pl.515");

    with railway = :first :cat:dc30 :pax {
        with link = "line.pl.515" {
            track(:casing, bs[:bia.yp, :bst.yb]);
        }
    }
}


# PL 516.  Turczyn - Białystok Starosielce
with detail = 2 {
    with link = "line.pl.516" {
        with layer = -1 track(:first :cat:dc30 :nopax,
                path("d2.pl.516")[:tur.y, :bst.yt]
        );
    }
}


# PL 517.  Papiernia - Las Suwalski
with detail = 2 {
    with link = "line.pl.517" {
        track(:second :nopax, path("d2.pl.517")[:pap.ys, :lsu.yp]);
    }
}


# PL 518.  Łęgówek - Lesk
with detail = 2 {
    with link = "line.pl.518" {
        track(:second :removed, path("d2.pl.518")[:leg.y, :les.y]);
    }
}

# PL 519.  Białystok R606 - Białystok R603
with detail = 2 {
    with link = "line.pl.518" {
        track(:first :cat:dc30 :nopax, path("d2.pl.519")[:bnm.y, :bia.yn]);
    }
}

