# PL 530.  Skierniewice R95 - Skierniewice R86
with detail = 2 {
    with link = "line.pl.530" {
        track(:first :double :cat:dc30 :pax,
                path("d2.pl.530")[:ski.yk, :ski.ys]
        );
    }
}


# PL 531.  Łowicz Główny R30 - Łowicz Przedmieście
with detail = 2 {
    with link = "line.pl.531" {
        track(:first :cat:dc30 :nopax, path("d2.pl.531")[:low.ya, :low.yb]);
    }
}


# PL 532.  Łowicz Główny - Łowicz Przedmieście
with detail = 2 {
    with link = "line.pl.532" {
        track(:first :cat:dc30 :pax, path("d2.pl.532")[:low.yp, :lop.yl]);
    }
}


# PL 533.  Łowicz Główny R1 - Łowicz Główny R12
with detail = 2 {
    with link = "line.pl.533" {
        track(:first :cat:dc30 :pax, path("d2.pl.533")[:low.yd, :low.yc]);
    }
}


# PL 534.  Koluszki - Mikołajów
with detail = 2 {
    let km = path("d2.pl.534");

    with railway = :first :cat:dc30 :pax {
        with link = "line.pl.534" {
            track(km[:kol.yl, :slo.yz]);
        }
    }

    with railway = :first :double :cat:dc30 :pax {
        with link = "point.pl.Słotwiny" {
            track(:station, km[:slo.yz, :slo]);
            statdot(km[:slo]);
            slabel(:right, km[:slo] + (1.3dt, -0.3dt), "Słotwiny");
        }

        with link = "line.pl.534" {
            track(km[:slo, :mik.yk]);
        }
    }
}


# PL 535.  Żakowice Południowe R 7 - Koluszki
with detail = 2 {
    with link = "line.pl.535" {
        track(:first :cat:dc30 :pax, path("d2.pl.535")[:zap.r7, :kol.yl]);
    }
}


# PL 537.  Żakowice Południowe - Słotwiny
with detail = 2 {
    let zs = path("d2.pl.537");

    with railway = :first :cat:dc30 :pax {
        with link = "line.pl.537" {
            track(:casing, zs[:zap.ys, :zap.r7]);
            track(:casing, zs[:zap.r7, :slo.yz]);
        }
    }
}


# PL 538.  Koluszki R145 - Koluszki R154
with detail = 2 {
    with link = "line.pl.538" {
        with layer = -1 track(:first :double :cat:dc30 :pax,
                path("d2.pl.538")[:kol.yp, :kol.yz]
        );
    }
}


# PL 539.  Łódź Kaliska Towarowa R226 - Retkinia
with detail = 2 {
    with link = "line.pl.539" {
        track(:first :double :cat:dc30 :pax,
                path("d2.pl.539")[:lka.yr, :ret.y]
        );
    }
}

