# PL RBR.  Rogów Osobowy Wąskotorowy - Biała Rawska
with detail = 2 {
    let rb = path("d2.pl.rbr");

    with railway = :second :narrower:g750 :museum {
        with link = "line.pl.RBR" {
            track(rb[:rog.yb, :jez]);
        }

        with link = "point.pl.Jeżów" {
            statdot(rb[:jez]);
            slabel(:top, rb[:jez] + (0dt, -0.7dt), "Jeżów");
        }
    }

    with railway = :second :narrower:g750 :nopax {
        with link = "line.pl.RBR" {
            track(rb[:jez, :pax - 2km]);
            line_label(:right:n, rb[:jez + 5km], (-0.1dt, 0dt), "RBR");
            line_label(:left:s, rb[:pax - 5km], "RBR");
            track(:casing, rb[:pax - 2km, :pax + 2km]);
            track(rb[:pax + 2km, :bia]);
        }

        with link = "point.pl.Biała-Rawska" {
            statdot(rb[:bia]);
            slabel(:right, rb[:bia] + (1.5dt, 0.8dt), "Biała Rawska");
        }
    }
}


# PL RCN.  Rokitno - Cieleśnica
with detail = 2 {
    let rc = path("d2.pl.rcn");

    with railway = :third :narrower:g750 :removed {
        with link = "line.pl.RCN" {
            track(rc[:rok.yc, :cie]);
            with zoom = :high line_label(:left:se, rc[:cie - 4.7km], "RCN");
        }

        with link = "point.pl.Cieleśnica" {
            with zoom = :high {
                statdot(rc[:cie]);
                slabel(:right, rc[:cie] + (1.5dt, 0.8dt), "Cieleśnica");
            }
        }
    }
}


# PL RJP.  Roskosz - Janów Podlaski
with detail = 2 {
    let rj = path("d2.pl.rjp");

    with railway = :third :narrower:g750 :removed {
        with link = "line.pl.RJP" {
            track(rj[:ros, :rok]);
            with zoom = :high line_label(:left:se, rj[:ros + 4km], "RJP");
        }

        with link = "point.pl.Rokitno" {
            with zoom = :high {
                statdot(rj[:rok]);
                slabel(:right, rj[:rok] + (1.5dt, 0.8dt), "Rokitno");
            }
        }

        with link = "line.pl.RJP" {
            track(rj[:rok, :rok.yc]);
            track(rj[:rok.yc, :jan]);
            with zoom = :high line_label(:left:e, rj[:rok.yc + 3.4km], "RJP");
        }

        with link = "point.pl.Janów-Podlaski" {
            with zoom = :high {
                statdot(rj[:jan]);
                slabel(:top, rj[:jan] + (2.5dt, -0.8dt), "Janów Podlaski");
            }
        }
    }
}


# PL ROK.  Rozjazd Oborski - Konstancin
with detail = 2 {
    let rk = path("d2.pl.rok");

    with railway = :third :narrow:g1000 :removed {
        with link = "line.pl.ROK" {
            track(rk[:roz.yk, :kon]);
        }

        with link = "point.pl.Konstancin" {
            with zoom = :high {
                statdot(rk[:kon]);
                slabel(:nw, rk[:kon] + (1.5dt, -0.8dt), "Konstancin");
            }
        }
    }
}

