# FR 340.  Paris-St-Lazare - Le Havre.
with detail = 2 {
    let ph = path("d2.fr.p.340");

    with link = "line.fr.340" {
        track(:first :double :cat:ac25 :pax, ph[:psl, :man]);

        line_badge(:cat:ac25 :pax, ph[:epo - 6km], "340");
    }

    with link = "point.fr.Paris-Saint-Lazare" {
        marker(:statdot :cat:ac25 :pax, ph[:psl]);
    }

    with link = "point.fr.Asnières-sur-Seine" {
        marker(:statdot :cat:ac25 :pax, ph[:asn]);
    }

    with link = "point.fr.La-Garenne-Colombes" {
        marker(:statdot :cat:ac25 :pax, ph[:lga]);
    }

    with link = "point.fr.Houilles-Carrières-sur-Seine" {
        marker(:statdot :cat:ac25 :pax, ph[:hou]);
    }

    with link = "point.fr.Sartrouville" {
        marker(:statdot :cat:ac25 :pax, ph[:sar]);
    }

    with link = "point.fr.Maisons-Laffitte" {
        marker(:statdot :cat:ac25 :pax, ph[:mai]);
    }

    with link = "point.fr.Poissy" {
        with layer = 1 marker(:statdot :cat:ac25 :pax, ph[:poi]);
    }

    with link = "point.fr.Épône-Mézières" {
        with layer = 1 marker(:statdot :cat:ac25 :pax, ph[:epo]);
        slabel(:left :cat:ac25 :pax, ph[:epo] + (0.5dt, 0.9dt),
            vbox(:right:top, "Épône-", "Mézières ")
        );
    }

    with link = "point.fr.Mantes-Station" {
        with layer = 1 marker(:statdot :cat:ac25 :pax, ph[:man]);
        slabel(:right :cat:ac25 :pax, ph[:man] + (0dt, -1.5dt), "Mantes");
    }
}

