with detail = 1 {
    with link = "line.be.30" {
        with layer = -4 track(:second :removed,
            path("d1.be.30")[:zic.a, :ser]
        );
    }

    with link = "line.be.31" {
        with layer = -4 track(:first :removed,
            path("d1.be.31")[:lie, :ans]
        );
    }

    with link = "line.be.32" {
        with layer = -4 track(:second :removed,
            path("d1.be.32")[:ans, :flg.a]
        );
    }

    with link = "line.be.34" {
        track(:first :double :cat:dc30 :pax, path("d1.be.34")[:has.a, :lig.a]);
    }

    with link = "line.be.35" {
        track(:first :double :cat:dc30 :pax, path("d1.be.35")[:leu.a, :has]);
    }

    with link = "line.be.36" {
        track(:first :double :cat:dc30 :pax, path("d1.be.36")[:sae.f, :lig]);
    }

    with link = "line.be.36A" {
        let vk = path("d1.be.36a");

        with layer = -2 track(:first :double :cat:dc30, vk[:bie, :flg.a]);
        with layer = -2 track(:first :double :cat:dc30, vk[:scl, :kin.f]);
    }

    with link = "line.be.36C" {
        track(:first :double :cat:dc30 :pax, path("d1.be.36c")[:yza, :ybr]);
    }

    with link = "line.be.37" {
        track(:first :double :cat:dc30 :pax, path("d1.be.37")[:lig, :herf]);
    }

    with link = "line.be.38" {
        with layer = -4 track(:first :removed,
            path("d1.be.38")[:che.g, :plo.f]
        );
    }

    with link = "line.be.38A" {
        with layer = -4 track(:second :removed,
            path("d1.be.38a")[:bat.f, :vec.a]
        );
    }

    with link = "line.be.39" {
        let wb = path("d1.be.39");

        with layer = -2 track(:first :cat:dc30, wb[:wel.a, :ymu]);
        with layer = -4 track(:first :removed, wb[:ymu, :bot]);
    }

    with link = "line.be.39.1" {
        with layer = -2 track(:first :cat:dc30,
            path("d1.be.39.1")[:ymu, :mon.f]
        );
    }

    with link = "line.be.39A" {
        with layer = -4 track(:second :removed,
            path("d1.be.39a")[:mor, :kel]
        );
    }
}

