# DE 9122.  Ochsenzoll - Ulzburg Süd
#
let ou = path("d4.de.9122");

with detail = [4, 5], style = :tram {
    with link = "point.de.Ochsenzoll" {
        track(:first:station :double :rail:dc75 :pax,
                ou[:och.a, :och + 300m] << 1.5dt
            ..  ou[:och.f - 0.1dl, :och.f]
        );
        marker(:de.bf :pax :left, ou[:och] << 2dt);
    }


    with link = "line.de.9122" {
        track(:first :double :rail:dc75 :pax, ou[:och.f, :gah - 1sw]);
    }


    with link = "point.de.Garstedt-Hp" {
        track(:first:station :double :rail:dc75 :pax,
                ou[:gah - 1sw, :gar - 1sw]
        );
        with style = :default {
            with layer = -4 marker(:de.hp :removed :left, ou[:gah] << 0.5dt);
            station(:left :removed, ou[:gah - 0.4sw] << 1.8sw,
                "Garstedt", "1,1"
            );
        }
    }

    
    with link = "point.de.Garstedt" {
        track(:first:station :double :rail:dc75 :pax,
                ou[:gar - 1sw, :gar + 1sw]
        );
            track(:station :rail:dc75,
                    ou[:gar - 0.5sw - 2dl] << 0.5dt
                --  ou[:gar - 0.5sw] >> 0.5dt
            );
            track(:station :rail:dc75,
                    ou[:gar - 0.5sw - 2dl] >> 0.5dt
                --  ou[:gar - 0.5sw] << 0.5dt
            );
        
        marker(:de.bf :left, ou[:gar] << 0.5dt);
        station(:left :pax, ou[:gar - 0.35sw] << 0.5dt << 1.4sw,
            "Garstedt", "1,6"
        );
    }


    with link = "point.de.Garstedt-Birkenweg" {
        track(:first:station :double :rail:dc75 :pax,
                ou[:gar + 1sw, :bir + 1sw]
        );
        with style = :default {
            with layer = -4 marker(:de.hp :removed :left, ou[:bir] << 0.5dt);
            station(:right :removed, ou[:bir] >> 2.0dt,
                "Birkenweg", "1,6"
            );
        }
    }


    with link = "line.de.9122" {
        track(:first :double :rail:dc75 :pax, ou[:bir + 1sw, :ric - 1sw]);
    }


    with link = "point.de.Norderstedt-Richtweg" {
        track(:first:station :double :rail:dc75 :pax,
                ou[:ric - 1sw, :ric + 1sw]
        );
        marker(:de.hp :left :pax, ou[:ric] << 0.5dt);
        station(:left :pax, ou[:ric - 0.4sw] << 0.5dt << 1.4sw,
            "Richtweg", "2,7"
        );
    }


    with link = "line.de.9122" {
        track(:first :double :rail:dc75 :pax, ou[:ric + 1sw, :nom.a]);
    }


    with link = "point.de.Norderstedt-Mitte" {
        # Gl. U-Bahn rechts
        track(:first:station :rail:dc75 :pax,
                ou[:nom.a, :nom.a + 100m] >> 0.5dt
            --  ou[:nom.a + 100m + 1dl, :nom + 0.6sw] >> 1.5dt
        );

        # Abstellgleis rechts
        track(:station :rail:dc75 :pax,
                ou[:nom.a + 100m + 1dl, :nom - 230m - 1dl] >> 0.5dt
            --  ou[:nom - 230m, :nom - 229m] << 1.5dt
        );

        # Abstellgleis links
        track(:station :rail:dc75 :pax,
                ou[:nom.a + 100m + 1dl, :nom - 230m - 1dl] << 0.5dt
            --  ou[:nom - 230m, :nom - 229m] >> 1.5dt
        );

        # Gl. U-Bahn links
        track(:first:station :rail:dc75 :pax,
                ou[:nom.a, :nom.a + 100m] << 0.5dt
            --  ou[:nom.a + 100m + 1dl, :nom + 0.6sw] << 1.5dt
        );
    }
}

with detail = [4, 5] {
    with link = "point.de.Norderstedt-Mitte" {
        track(:second:station :pax, ou[:nom - 0.5sw, :nom.f]);
        with layer = -1 marker(:de.bf :pax :left, ou[:nom] << 1.5dt);
        station(:left :pax, ou[:nom - 0.4sw] << 1.5dt << 1.4sw,
            span(:bold, "Norderstedt Mitte"),
            "9122: 4,0"
        );
    }


    with link = "line.de.9122" {
        track(:second :pax, ou[:nom.f, :wal - 1sw]);
    }


    with link = "point.de.Norderstedt-Waldstrasse" {
        track(:second:station :pax, ou[:wal - 1sw, :mor.a]);
        with layer = -4 marker(:de.hp :removed :left, ou[:wal]);
        station(:left :removed, ou[:wal - 0.4sw] << 1.4sw,
            "Waldstraße", "4,7"
        );
    }


    with link = "point.de.Norderstedt-Moorbekhalle" {
        track(:second:station :pax, ou[:mor.a, :mor + 1sw]);
        track(:second:station :pax,
                ou[:mor.a + 99m, :mor.a + 100m]
            --  ou[:mor.a + 100m + 1dl, :mor + 1sw] << 1dt
        );
        marker(:de.bftp :pax :left, ou[:mor] << 1dt);
        station(:left :pax, ou[:mor - 0.3sw] << 1dt << 1.4sw,
            "Moorbekhalle", "??"
        );
    }


    with link = "point.de.Harckesheyde" {
        track(:second:station :double :pax,
                ou[:mor + 1sw, :har + 1sw] << 0.5dt
        );
        with layer = -4 marker(:de.bf :removed :left, ou[:har] << 1dt);
        label(ou[:har + 0.2sw] << 0.5dt << 1.6sw,
            vbox(:right:middle,
                span(:medium :gone, "Friedrichsgabe-Heidberg"),
                hbox(:right:top,
                    vbox(:center:top,
                        span(:medium :removed, "Harkesheyde"),
                        span(:xsmall :removed, "5,6")
                    )
                )
            )
        );
    }


    with link = "line.de.9122" {
        track(:second:double :pax, ou[:har + 1sw, :fri - 1sw] << 0.5dt);
        with layer = 1 line_badge(:pax, ou[:har + 0.4km] << 0.5dt, "9122");
    }


    with link = "point.de.Friedrichsgabe" {
        track(:second:station :double :pax,
                ou[:fri - 1sw, :fri + 1sw] << 0.5dt
        );
        marker(:de.hp :pax :right, ou[:fri]);
        station(:left :pax, ou[:fri - 0.4sw] << 2.5dt,
            hbox(:center:base,
                "Friedrichsgabe ",
                span(:removed, "Mitte")
            ),
            "6,4"
        );
    }


    with link = "line.de.9122" {
        track(:second:double :pax,
                ou[:fri + 1sw, :fri + 1.1sw] << 0.5dt
            ..  ou[:qus - 1.1sw, :qus - 1sw]
        );
    }


    with link = "point.de.Norderstedt-Quickborner-Straße" {
        track(:second:station :double :pax, ou[:qus - 1sw, :qus + 1sw]);
        marker(:de.hp :pax :left, ou[:qus] << 0.5dt);
        station(:left :pax, ou[:qus - 0.9sw] << 0.5dt << 1.4sw,
            vbox(:center:bottom,
                span(:removed, "Friedrichsgabe Dorf"),
                "Quickborner Straße"
            ),
            "7,1"
        );
    }


    with link = "line.de.9122" {
        track(:second:double :pax, ou[:qus + 1sw, :ind - 1sw]);
    }

    with link = "line.de.9122" {
        let oui = path("d4.de.9122.ind");

        track(:second:station :double :pax, ou[:ind - 1sw, :ind + 1sw]);
            with layer = -1 track(:station,
                    ou[:ind + 1dl] >> 0.5dt
                --  ou[:ind + 2dl] << 0.5dt
            );

        with layer = -1 track(:station,
                oui[:ind - 0.1dl, :ind] << 0.5dt
            ..  oui[:aa, :s + 30m]
        );
        with layer = -4 track(:station :closed, oui[:s + 30m, :f]);

        with layer = -1 track(:station,
                oui[:r - 0.1dl, :r]
            --  oui[:r + 1dl, :s - 1dl] << 1dt
            --  oui[:s, :s + 0.1dl]
        );

        slabel(:right, oui[:r - 0.4km] << 2.0dt,
            vbox(:left:middle :italic, "Industriestammgleis", "Harkshörn")
        );
    }


    with link = "line.de.9122" {
        track(:second:double :pax, ou[:ind + 1sw, :has - 1sw]);
    }


    with link = "point.de.Haslohfurth" {
        track(:second:station :double :pax, ou[:has - 1sw, :has + 1sw]);
        marker(:de.hp :pax :right, ou[:has] >> 0.5dt);
        station(:right :pax, ou[:has - 0.4sw] >> 0.5dt >> 1.4sw,
            hbox(:center:base,
                "Haslohfurth", span(:removed, "-Kampmoor")
            ),
            "8,3"
        );
    }


    with link = "line.de.9122" {
        track(:second:double :pax, ou[:has + 1sw, :mee - 1sw]);
    }


    with link = "point.de.Meeschensee" {
        track(:second:station :double :pax, ou[:mee - 1sw, :mee + 1sw]);
        marker(:de.hp :pax :left, ou[:mee] << 0.5dt);
        station(:right:pax, ou[:mee - 0.5sw] >> 1.5dt,
            hbox(:center:base,
                "Meeschensee", span(:removed, "-Alsterquelle")
            ),
            "9,5"
        );
    }


    with link = "line.de.9122" {
        track(:second:double :pax, ou[:mee + 1sw, :ula - 1sw]);
        with layer = 1 line_badge(:pax, ou[:ula - 0.8km], "9122");
    }


    with link = "point.de.Ulzburg-Abzw" {
        track(:second:station :pax, ou[:ula - 1sw, :ula] << 0.5dt);
        track(:second:station :pax,
                ou[:ula - 1sw, :ula - 3dl] >> 0.5dt
            --  ou[:ula - 2dl, :ula - 1.9dl] << 0.5dt
        );
        with layer = -1 track(:station,
                ou[:ula - 2.1dl, :ula - 2.dl] << 0.5dt
            --  ou[:ula - 1dl, :ula] << 1.5dt
        );
    }


    # point.de.Ulzburg-Süd  de.9121
}


