with detail = 1 {
    with link = "line.it.CBP" {
        track(:first :removed, path("d1.it.cbp")[:car.yb, :bag.yc]);
    }

    with link = "line.it.CBR" {
        let cr = path("d1.it.cbr");

        track(:first :cat:dc30 :pax, cr[:cas.yl, :rus.yf]);
        track(:first :double :cat:dc30 :pax, cr[:rus.yf, :rav.yf]);
    }
    
    with link = "line.it.CEP" {
        track(:first :removed, path("d1.it.cep")[:col, :pog.yc]);
    }

    with link = "line.it.CFE" {
        track(:first :removed, path("d1.it.cfe")[:cav.yf, :fin]);
    }

    with link = "line.it.CLV" {
        track(:first :cat:dc30 :pax, path("d1.it.clv")[:cas, :vig]);
    }

    with link = "line.it.CPP" {
        let cp = path("d1.it.cpp");

        track(:first :double :cat:dc30 :pax, cp[:cam.yp, :fio]);
        track(:first :cat:dc30 :pax, cp[:fio, :pio]);
    }

    with link = "line.it.CRB" {
        track(:first :removed, path("d1.it.crb")[:cas.yr, :rio]);
    }

    with link = "line.it.CSE" {
        let ce = path("d1.it.cse");

        track(:first :double :cat:dc30 :pax, ce[:chi.ys, :mle.yd]);
        track(:first :pax, ce[:mle.yd, :pog]);
        track(:first :double :pax, ce[:pog, :gra]);
        track(:first :pax, ce[:gra, :emp.ys]);
    }

    with link = "line.it.CVT" {
        let cv = path("d1.it.cvt");

        track(:first, cv[:cec.yv, :sal]);
        track(:first :removed, cv[:sal, :vol]);
    }
}

