with detail = 1 {
    with link = "line.de.6200" {
        let kp = path("d1.de.6200");

        track(:first :pax, kp[:kam, :arn.yk]);
        track(:second :removed, kp[:arn.yd, :dur.yn]);
        track(:second :pax, kp[:dur.yn, :pir.yd]);
    }

    with link = "line.de.6211" {
        track(:first :double :pax, path("d1.de.6211")[:gog, :gor]);
    }

    with link = "line.de.6212" {
        let gd = path("d1.de.6212");

        track(:first :double :pax, gd[:gor, :klo.yf]);
        track(:first :double :cat:ac15 :pax, gd[:klo.yf, :dne.yk]);
    }

    with link = "line.de.6214" {
        let zl = path("d1.de.6214");

        track(:first :pax, zl[:zig, :zit]);
        track(:first :double :pax, zl[:zit, :ooa]);
        track(:second :removed, zl[:ooa.y, :ncu]);
        track(:second, zl[:ncu, :lob.yn]);
    }

    with link = "line.de.6215" {
        track(:first :pax, path("d1.de.6215")[:ooa, :wil.yb]);
    }

    with link = "line.de.6216" {
        let bs = path("d1.de.6216");

        track(:first :removed, bs[:bau.yw, :wil.yb]);
        track(:first :pax, bs[:wil.yb, :nkw.yb]);
        track(:second, bs[:nkw.yb, :eur]);
        track(:second :removed, bs[:eur, :nst]);
        track(:second :pax, bs[:nst, :san.ys]);
    }

    with link = "line.de.6217" {
        track(:first :pax, path("d1.de.6217")[:nkw.yb, :bis.yn]);
    }

    with link = "line.de.6240" {
        track(:first :double :cat:ac15 :pax, path("d1.de.6240")[:sog, :dne]);
    }

    with link = "line.de.6246" {
        track(:first :cat:ac15, path("d1.de.6246")[:pia, :dne]);
    }

    with link = "line.de.6248" {
        track(:first :double :cat:ac15 :pax,
                path("d1.de.6248")[:dfs.y, :elx]
        );
    }

    with link = "line.de.6252" {
        track(:first :cat:ac15 :pax, path("d1.de.6252")[:gro, :pri.yg]);
    }

    with link = "line.de.6255" {
        track(:first :double :cat:ac15 :pax,
                path("d1.de.6255")[:rie, :che.yr]
        );
    }

    with link = "line.de.6258" {
        track(:first :double :cat:ac15 :pax,
                path("d1.de.6258")[:dal.y, :web]
        );
    }

    with link = "line.de.6264" {
        let sz = path("d1.de.6264");

        track(:first :pax, sz[:swa, :sle]);
        track(:first :double :pax, sz[:sle, :zwi]);
    }

    with link = "line.de.6265" {
        track(:first :cat:ac15 :pax, path("d1.de.6265")[:gso.y, :gos.yg]);
    }

    with link = "line.de.6268" {
        track(:first :pax, path("d1.de.6268")[:gos.yr, :deb.yr]);
    }

    with link = "line.de.6269" {
        track(:first :pax, path("d1.de.d.6269")[:gre, :wei.yg]);
    }

    with link = "line.de.6270" {
        let pb = path("d1.de.6270");

        track(:first :pax, pb[:plo.yb, :pir]);
        track(:first :double :pax, pb[:pir, :ado]);
        track(:first :pax, pb[:ado, :rau]);
        track(:first :double :pax, pb[:rau, :bra]);
        track(:first :pax, pb[:bra, :brg]);
    }

    with link = "line.de.6273" {
        track(:first :double :cat:ac15 :pax,
                path("d1.de.6273")[:zei.ye, :els.yz]
        );
    }

    with link = "line.de.6274" {
        track(:first :double :cat:ac15 :pax,
                path("d1.de.6274")[:lec.y, :kot.y]
        );
    }
}

