with detail = 0 {
    with link = "line.lv.ED" {
        track(:first :g1520 :nopax, path("d0.lv.ed")[:edr, :ip3]);
    }

    with link = "line.lv.JM" {
        track(:first :g1520 :pax, path("d0.lv.jm")[:jel.yt, :mer]);
    }

    with link = "line.lv.KK" {
        let kk = path("d0.lv.kk");

        track(:first :g1520 :nopax, kk[:ksr, :rez]);
        track(:first :double :g1520 :nopax, kk[:rez, :pup]);
        track(:first :g1520 :nopax, kk[:pup, :kra]);
        track(:first :double :g1520 :nopax, kk[:kra, :agl]);
        track(:first :g1520 :nopax, kk[:agl, :cp524]);
        track(:first :double :g1520 :nopax, kk[:cp524, :das]);
        track(:first :g1520 :nopax, kk[:das, :kcr]);
    }

    with link = "line.lv.VI" {
        let vi = path("d0.lv.vi");

        track(:first :g1520 :nopax, vi[:ven, :tud]);
        track(:first :g1520 :nopax, vi[:tud, :jel.yt]);
        track(:first :g1520 :nopax, vi[:jel.yk, :kru.yj]);
        track(:first :g1520 :pax, vi[:kru.yz, :ind]);
        track(:first :double :g1520 :nopax, vi[:ind, :inr]);
    }

    with link = "line.lv.RL" {
        let rl = path("d0.lv.rl");

        track(:first :double :g1520 :cat:dc33 :pax, rl[:rig, :jel]);
        track(:first :double :g1520 :pax, rl[:jel, :glu.yr]);
        track(:first :g1520 :pax, rl[:glu.yr, :lie]);
    }

    with link = "line.lv.RV" {
        let rz = path("d0.lv.rv");

        track(:first :double :g1520 :pax, rz[:rig.yl, :kri]);
        track(:first :g1520 :pax, rz[:kri, :van]);
        track(:first :double :g1520 :pax, rz[:van, :sig]);
        track(:first :g1520 :pax, rz[:sig, :ces]);
        track(:first :double :g1520 :pax, rz[:ces, :jan]);
        track(:first :g1520 :pax, rz[:ces, :lur]);
    }

    with link = "line.lv.RZ" {
        let rz = path("d0.lv.rz");

        track(:first :double :g1520 :cat:dc33 :pax, rz[:rig, :aiz]);
        track(:first :double :g1520 :pax, rz[:aiz, :kru.yz]);
        track(:first :g1520 :pax, rz[:kru.yz, :zil]);
        track(:first :g1520 :nopax, rz[:zil, :zir]);

        with link = "point.lv.Riga-Pasažieru" {
            with zoom = :high slabel(:left :cat:dc33 :pax :bold,
                rz[:rig] + (-0.5dt, -0.8dt), "Riga"
            );
            with zoom = :low slabel(:left :cat:dc33 :pax :bold:xsmall,
                rz[:rig] + (-0.3dt, -0.5dt), "Riga"
            );
        }
    }
}

