# PL 403.  Piła Północ - Ulikowo
with detail = 2 {
    let pu = path("d2.pl.p.403");

    with railway = :second :pax {
        with link = "line.pl.403" {
            track(pu[:pip.y, :wal.yz]);
            line_label(:left:ne, pu[:pip.y + 11km], "403");
        }

        with link = "point.pl.Wałcz" {
            track(:station, pu[:wal.yz, :wal]);
            statdot(pu[:wal]);
            with zoom = :low slabel(
                :nw, pu[:wal] + (2km, 0dt) + (1.0dt, 0dt), "Wałcz"
            );
            with zoom = :high slabel(
                :right, pu[:wal] + (0dt, -0.5km) + (-1dt, -1dt), "Wałcz"
            );
        }

        with link = "line.pl.403" {
            track(pu[:wal, :wra.yw]);
        }

        with link = "point.pl.Wałcz-Raduń" {
            track(:station, pu[:wra.yw, :wra]);
            statdot(pu[:wra]);
            slabel(:left, pu[:wra] + (-1.5dt, -0.3dt), "Wałcz Raduń");
        }

        with link = "line.pl.403" {
            track(pu[:wra, :kre]);
            line_label(:left:nw, pu[:wra + 7km], "403");
        }

        with link = "point.pl.Krępa-Krajeńska" {
            statdot(pu[:kre]);
            slabel(:right, pu[:kre] + (0.8dt, -0.3dt),
                vbox(:left:bottom, "Krępa", "Krajeńska")
            );
        }

        with link = "line.pl.403" {
            track(pu[:kre, :krx]);
        }
    }
}


# PL 405.  Piła Główna - Ustka Uroczysko
with detail = 2 {
    let pu = path("d2.pl.p.405");

    with railway = :first :cat:dc30 :pax {
        with link = "line.pl.405" {
            track(:casing, pu[:pil.yu, :pip.y]);
            track(pu[:pip.y, :ply.yw]);
            line_label(:left:e, pu[:pip.y + 8km], "405");
        }

        with link = "point.pl.Płytnica" {
            track(:station, pu[:ply.yw, :ply.yz]);
            statdot(pu[:ply]);
            slabel(:left, pu[:ply] + (-1.5dt, 0.5dt), "Płytnica");
        }

        with link = "line.pl.405" {
            track(pu[:ply.yz, :jas.yc]);
            line_label(:left:e, pu[:ply.yz + 5km], "405");
        }

        with link = "point.pl.Jastrowie" {
            track(:station, pu[:jas.yc, :jas.yw]);
            statdot(pu[:jas]);
            slabel(:left, pu[:jas] + (-0.4km, 0.85km) + (-1.5dt, 0dt),
                hbox(:right:top, "Jastrowie")
            );
        }

        with link = "line.pl.405" {
            track(pu[:jas.yw, :tux]);
            line_label(:right:w, pu[:jas.yw + 6.5km], "405");
        }
    }
}

