# DE 3900.  Kassel Hbf - Frankfurt (Main) Hbf
with detail = 2 {
    let kf = path("d2.de.3900");

    with link = "line.de.3900" {
        track(:first :double :cat:ac15 :pax, kf[:wil.yg, :gie]);
        guide(:linenum :cat:ac15 :pax,
                kf[:gun + 10km] >> 1dt
            --  kf[:gun + 10km] >> 3dt
        );
        label(:linenum :cat:ac15 :pax, kf[:gun + 10km] >> 3dt,
            hbox(:right:middle :badgesize, "3900 ")
        );
        guide(:linenum :cat:ac15 :pax,
                kf[:kir - 12km] << 1dt
            --  kf[:kir - 12km] << 3dt
        );
        label(:linenum :cat:ac15 :pax, kf[:kir - 12km] << 3dt,
            hbox(:center:top :badgesize, "3900")
        );
        guide(:linenum :cat:ac15 :pax,
                kf[:lol - 5km] << 1dt
            --  kf[:lol - 5km] << 3dt
        );
        label(:linenum :cat:ac15 :pax, kf[:lol - 5km] << 3dt + (0dt, -0.2dt),
            hbox(:left:middle :badgesize, " 3900")
        );

        track(:first :double :cat:ac15 :pax, kf[:gie, :fra.yw]);
        line_badge(:cat:ac15 :pax, kf[:gbe + 7.8km], "3900");
        line_badge(:cat:ac15 :pax, kf[:fri.yh + 8.3km], "3900");
    }

    with link = "point.de.Baunatal-Guntershausen" {
        with layer = 1 marker(:statdot :cat:ac15 :pax, kf[:gun]);
        slabel(:left :cat:ac15 :pax, kf[:gun] + (-2.0dt, 0.3dt),
            "B.-Guntershausen"
        );
    }

    with link = "point.de.Edermünde-Grifte" {
        with layer = 1 marker(:statdot :cat:ac15 :pax, kf[:gri]);
        slabel(:left :cat:ac15 :pax, kf[:gri] + (-2.0dt, 0.3dt),
            "Edermünde-Grifte"
        );
    }

    with link = "point.de.Wabern-Kassel" {
        with layer = 1 marker(:statdot :cat:ac15 :pax, kf[:wab]);
        slabel(:right :cat:ac15 :pax, kf[:wab] + (1.3dt, 0.5dt),
            vbox(:left:top, "Wabern", span(:light, "(Bz Ksl.)"))
        );
    }

    with link = "point.de.Zimmersrode" {
        with layer = 1 marker(:statdot :cat:ac15 :pax, kf[:zim]);
        slabel(:right :cat:ac15 :pax, kf[:zim] + (0dt, 1.0dt),
            hbox(:left:top, "Zimmersrode")
        );
    }

    with link = "point.de.Treysa" {
        with layer = 1 marker(:statdot :cat:ac15 :pax, kf[:tre]);
        slabel(:left :cat:ac15 :pax, kf[:tre] + (-0.5dt, -1.5dt), "Treysa");
    }

    with link = "point.de.Kirchhain-Kassel" {
        with layer = 1 marker(:statdot :cat:ac15 :pax, kf[:kir]);
        slabel(:left :cat:ac15 :pax, kf[:kir] + (-0.dt, 0.8dt),
            vbox(:right:top, "Kirchhain", span(:light, "(Bz Kassel)"))
        );
    }

    with link = "point.de.Cölbe" {
        with layer = 1 marker(:statdot :cat:ac15 :pax, kf[:col]);
        slabel(:right :cat:ac15 :pax, kf[:col] + (0.5dt, 0.5dt),
            hbox(:left:top, "Cölbe")
        );
    }

    with link = "point.de.Marburg-Lahn" {
        with layer = 1 marker(:statdot :cat:ac15 :pax, kf[:mar]);
        slabel(:left :cat:ac15 :pax, kf[:mar] + (-1.8dt, 1.3dt),
            hbox(:right:base, "Marburg ", span(:light, "(Lahn)"))
        );
    }

    with link = "point.de.Niederwalgern" {
        with layer = 1 marker(:statdot :cat:ac15 :pax, kf[:nwa]);
        slabel(:right :cat:ac15 :pax, kf[:nwa] + (1.3dt, 2.3dt),
            "Niederwalgern"
        );
    }

    with link = "point.de.Lollar" {
        with layer = 1 marker(:statdot :cat:ac15 :pax, kf[:lol]);
        slabel(:left :cat:ac15 :pax, kf[:lol] + (-0.8dt, -1.3dt), "Lollar");
    }

    with link = "point.de.Gießen" {
        with layer = 1 marker(:statdot :cat:ac15 :pax, kf[:gie]);
        slabel(:left :cat:ac15 :pax, kf[:gbe] + (-2.0dt, 3dt), "Gießen");
    }

    with link = "point.de.Butzbach" {
        with layer = 1 marker(:statdot :cat:ac15 :pax, kf[:but]);
        slabel(:left :cat:ac15 :pax, kf[:but] + (-1.5dt, 0dt),
            hbox(:right:top, "Butzbach")
        );
    }

    with link = "point.de.Bad-Nauheim" {
        with layer = 1 marker(:statdot :cat:ac15 :pax, kf[:nau]);
        slabel(:left :cat:ac15 :pax, kf[:nau] + (-1.8dt, 1.3dt),
            "Bad Nauheim"
        );
    }

    with link = "point.de.Friedberg-Hess" {
        with layer = 1 marker(:statdot :cat:ac15 :pax, kf[:fri]);
        slabel(:left :cat:ac15 :pax, kf[:fri] + (-2.0dt, 0.8dt),
            hbox(:right:base, "Friedberg ", span(:light, "(Hess)"))
        );
    }

    with link = "point.de.Bad-Vilbel" {
        with layer = 1 marker(:statdot :cat:ac15 :pax, kf[:vil]);
        slabel(:left :cat:ac15 :pax, kf[:vil] + (-1.5dt, 0.5dt),
            vbox(:right:bottom, "Bad", "Vilbel")
        );
    }

    with link = "point.de.Frankfurt-Main-West" {
        with layer = 1 marker(:statdot :cat:ac15 :pax, kf[:fwe]);
    }
}


# DE 3901.  Kassel Hbf - Waldkappel
with detail = 2 {
    let kw = path("d2.de.3901");

    with link = "line.de.3901" {
        track(:second :cat:ac15, kw[:wil.yw, :bet]);
        track(:second, kw[:bet, :kin]);

        track(:second :cat:dc6 :pax, kw[:kin, :lic.yl]);
        guide(:linenum :cat:dc6 :pax,
                kw[:kin + 9.3km] >> 0.7dt
            --  kw[:kin + 9.3km] >> 3.0dt
        );
        label(:left :cat:dc6 :pax, kw[:kin + 9.3km] >> 3.0dt + (0dt, 0.2dt),
            hbox(:right:middle :badgesize, "3901 ")
        );

        track(:second :removed, kw[:lic.yl, :wka]);
    }

    with link = "point.de.Kassel-Bettenhausen" {
        with layer = 1 marker(:statdot :cat:ac15, kw[:bet]);
    }

    with link = "point.de.Walburg-Hess-Nass" {
        with layer = 1 marker(:statdot :removed, kw[:wal]);
        slabel(:left :removed, kw[:wal] + (-0.5dt, 1.5dt),
            hbox(:right:top, "Walburg")
        );
    }

    with link = "point.de.Waldkappel" {
        with layer = 1 marker(:statdot :removed, kw[:wka]);
        slabel(:left :removed, kw[:wka] + (-2.5dt, 1.5dt), "Waldkappel");
    }
}


# DE 3903.  Volkmarsen - Vellmar-Obervellmar
with detail = 2 {
    let vo = path("d2.de.3903");

    with link = "line.de.3903" {
        track(:second :pax, vo[:vol.yv, :ove.yv]);
        guide(:linenum :pax,
                vo[:oel.x] << 0.7dt
            --  vo[:oel.x] << 3.0dt
        );
        label(:linenum :pax, vo[:oel.x] << 3.0dt,
            hbox(:center:bottom :badgesize, "3903")
        );
    }
}


# DE 3904.  Kassel-Bettenhausen - Kassel Fuldahafen
with detail = 2 {
    with link = "line.de.3904" {
        track(:second, path("d2.de.3904")[:bet.yh, :haf]);
    }
}


# DE 3905.  Kassel-Bettenhausen - Wellerode Wald
with detail = 2 {
    let bw = path("d2.de.3905");

    with link = "line.de.3905" {
        track(:third :removed, bw[:bet.yl, :wel]);
        guide(:linenum :removed,
                bw[:wel - 4km] >> 0.7dt
            --  bw[:wel - 4km] >> 3.0dt
        );
        label(:linenum :removed, bw[:wel - 4km] >> 3.0dt,
            hbox(:right:middle :badgesize, "3905 ")
        );
    }

    with link = "point.de.Wellerode-Wald" {
        with layer = 1 marker(:statdot :removed, bw[:wel]);
        slabel(:bottom :removed, bw[:wel] + (0dt, 1.0dt),
            vbox(:center:top, "Wellerode", "Wald")
        );
    }
}


# DE 3906.  Hofgeismar-Hümme - Karlshafen l U
with detail = 2 {
    let hk = path("d2.de.3906");

    with link = "line.de.3906" {
        track(:second :removed, hk[:hum.yk, :kar]);
        guide(:linenum :removed,
                hk[:hum.yk + 5.3km] << 0.7dt
            --  hk[:hum.yk + 5.3km] << 3.0dt
        );
        label(:linenum :removed, hk[:hum.yk + 5.3km] << 3.0dt,
            hbox(:right:middle :badgesize, "3906 ")
        );
    }

    with link = "point.de.Karlshafen-l-U" {
        with layer = 1 marker(:statdot :removed, hk[:kar]);
        slabel(:left :removed, hk[:kar] + (-1.8dt, 2.0dt), "Karlshafen");
    }
}


# DE 3911.  Kassel Hbf Klb - Kassel Unterstadt
with detail = 2 {
    let ku = path("d2.de.3911");

    with link = "line.de.3911" {
        track(:second :removed, ku[:kas.yu, :unt]);
    }

    with link = "point.de.Kassel-Unterstadt" {
        with layer = 1 marker(:statdot :removed, ku[:unt]);
    }
}


# DE 3913.  Vellmar-Obervellmar - Kassel-Wilhelmshöhe
with detail = 2 {
    let ow = path("d2.de.3913");

    with link = "line.de.3913" {
        track(:first :double :cat:ac15 :pax, ow[:ove.yr, :kar.yo]);
        track(:first :double :cat:ac15 :pax, ow[:kar.yw, :wil.yk]);
    }

    with link = "point.de.Kassel-Rbf" {
        with layer = 1 marker(:statdot :cat:ac15, ow[:kar]);
    }
}


# DE 3920.  Walburg (Hess-Nass) - Großalmerode West
with detail = 2 {
    let wg = path("d2.de.3920");

    with link = "line.de.3920" {
        track(:second :removed, wg[:wal.yg, :gal]);
        guide(:linenum :removed,
                wg[:gal - 2km] << 0.7dt
            --  wg[:gal - 2km] << 3.0dt
        );
        label(:linenum :removed, wg[:gal - 2km] << 3.0dt,
            hbox(:right:middle :badgesize, "3920 ")
        );
    }

    with link = "point.de.Velmeden" {
        with layer = 1 marker(:statdot :removed, wg[:vel]);
        slabel(:right :removed, wg[:vel] + (1.8dt, 1.5dt), "Velmeden");
    }

    with link = "point.de.Steinholz" {
        with layer = 1 marker(:statdot :removed, wg[:ste]);
    }

    with link = "point.de.Großalmerode-West" {
        with layer = 1 marker(:statdot :removed, wg[:gal]);
    }
}


# DE 3921.  Velmeden - Großalmerode Ost
with detail = 2 {
    let vg = path("d2.de.3921");

    with link = "line.de.3921" {
        track(:second :removed, vg[:vel.yg, :gal]);
        guide(:linenum :removed,
                vg[:vel.yg + 3km] >> 0.7dt
            --  vg[:vel.yg + 3.3km] >> 3.0dt
        );
        label(:linenum :removed, vg[:vel.yg + 3.3km] >> 3.0dt,
            hbox(:left:middle :badgesize, "3921")
        );
    }

    with link = "point.de.Großalmerode-Ost" {
        with layer = 1 marker(:statdot :removed, vg[:gal]);
        slabel(:left :removed, vg[:gal] + (2.0dt, -1.0dt),
            vbox(:right:bottom, "Groß- ", "almerode")
        );
    }
}


# DE 3922.  Großalmerode Ost - Eichenberg
with detail = 2 {
    let ge = path("d2.de.3922");

    with link = "line.de.3922" {
        track(:second :removed, ge[:gal.ye, :eic.yg]);
        guide(:linenum :removed,
                ge[:eic.yg - 6km] << 0.7dt
            --  ge[:eic.yg - 6km] << 3.0dt
        );
        label(:linenum :removed, ge[:eic.yg - 6km] << 3.0dt,
            hbox(:right:middle :badgesize, "3922 ")
        );
    }
}


# DE 3924.  Steinholz - Hirschhagen
with detail = 2 {
    let sh = path("d2.de.3924");

    with link = "line.de.3924" {
        track(:second :removed, sh[:ste.yh, :hir]);
    }

    with link = "point.de.Hirschhagen" {
        with layer = 1 marker(:statdot :removed, sh[:hir]);
    }
}


# DE 3940.  Edermünde-Grifte - Gudensberg
with detail = 2 {
    let gg = path("d2.de.3940");

    with link = "line.de.3940" {
        track(:second :removed, gg[:gri.yg, :gud]);
        line_badge(:removed, gg[:gud - 3km] @ -5 << 0.2dt, "3940");
    }

    with link = "point.de.Gudensberg" {
        with layer = 1 marker(:statdot :removed, gg[:gud]);
        slabel(:left :removed, gg[:gud] + (-1.8dt, 0.8dt), "Gudensberg");
    }
}


# DE 3941.  Wabern (Bz Kassel) - Bad Wildungen
with detail = 2 {
    let ww = path("d2.de.3941");

    with link = "link.de.3941" {
        track(:second :pax, ww[:wab, :wil]);
        guide(:linenum :pax,
                ww[:wab + 5km] >> 0.7dt
            --  ww[:wab + 5km] >> 3.0dt
        );
        label(:linenum :pax, ww[:wab + 5km] >> 3.0dt + (0.2dt, 0dt),
            hbox(:center:bottom :badgesize, "3941")
        );
    }

    with link = "point.de.Wega" {
        with layer = 1 marker(:statdot :pax, ww[:weg]);
        slabel(:right :pax, ww[:weg] + (-0.5dt, 1.0dt),
            hbox(:left:top, "Wega")
        );
    }

    with link = "point.de.Bad-Wildungen" {
        with layer = 1 marker(:statdot :pax, ww[:wil]);
        slabel(:left :pax, ww[:wil] + (-1.5dt, 1.2dt), "Bad Wildungen");
    }
}


# DE 3944.  Wega, W 17 - Brilon Wald
with detail = 2 {
    let wb = path("d2.de.3944");

    with link = "line.de.3944" {
        track(:second :removed, wb[:weg.yk, :kor.yw]);
        line_badge(:removed, wb[:kor.yw - 16.5km] @ -8 << 0.45dt, "3944");
        track(:second :pat, wb[:kor.yb, :brw]);
        line_badge(:pax, wb[:kor.yb + 17.1km] @ 2 >> 0.2dt, "3944");
    }
}


# DE 3945.  Zimmersrode - Gemünden (Wohra)
with detail = 2 {
    let zg = path("d2.de.3945");

    with link = "line.de.3945" {
        track(:second :removed, zg[:zim.yg, :gem]);
        line_badge(:removed, zg[:zim.yg + 7.5km] @ -2 << 0.5dt, "3945");
    }

    with link = "point.de.Gemünden-Wohra" {
        with layer = 1 marker(:statdot :removed, zg[:gem]);
        slabel(:left :removed, zg[:gem] + (-1.8dt, 0dt),
            vbox(:right:middle, "Gemünden", span(:light, "(Wohra)"))
        );
    }
}


# DE 3946.  Uttershausen - Wabern Kimm
with detail = 2 {
    with link = "line.de.3946" {
        track(:station, path("d2.de.3946")[:utt, :kim]);
    }
}


# DE 3950.  Burg- und Nieder Gemünden - Kirchhain (Bz Kassel)
with detail = 2 {
    let bk = path("d2.de.3950");

    with link = "line.de.3950" {
        track(:second :removed, bk[:bng.yk, :oof.x]);
        track(:second, bk[:oof.x, :kir.yb]);
        line_badge(:open, bk[:kir.yb - 8km] @ -4 >> 0.3dt, "3950");
    }
}


# DE 3951.  Kirchhain (Bz Kassel) - Gemünden (Wohra)
with detail = 2 {
    let kg = path("d2.de.3951");

    with link = "line.de.3951" {
        track(:second :removed, kg[:kir.yg, :gem]);
        line_badge(:removed, kg[:gem - 6.3km] @ -5 << 0.3dt, "3951");
    }
}


# DE 3952.  Stadtallendorf - Stadtallendorf Industriegelände Süd
with detail = 2 {
    with link = "line.de.3952" {
        track(:station, path("d2.de.3952")[:sal.ys, :sis]);
    }
}


# DE 3952.  Stadtallendorf - Stadtallendorf Industriegelände Nord
with detail = 2 {
    with link = "line.de.3954" {
        track(:station, path("d2.de.3954")[:sal.yn, :sin]);
    }
}


# DE 3953.  Niederwalgern - Herborn (Dillkr)
with detail = 2 {
    let nh = path("d2.de.3953");

    with link = "line.de.3953" {
        track(:second :removed, nh[:nwa, :her.yn]);
        line_badge(:removed, nh[:nwa + 15km] >> 0.5dt, "3953");
    }
}

