# FR 440.  Vire - Romagny
with detail = 2 {
    let vr = path("d2.fr.440");

    with link = "line.fr.440" {
        track(:first :removed, vr[:fou, :rom.yv]);

        guide(:linenum :removed,
                vr[:fou + 8km] >> 0.7dt
            --  vr[:fou + 8km] >> 3.0dt
        );
        label(:linenum :removed, vr[:fou + 8km] >> 3.5dt,
            hbox(:right:middle, "440")
        );
        guide(:linenum :removed,
                vr[:mau + 12.8km] << 0.7dt
            --  vr[:mau + 12.8km] << 3.0dt
        );
        label(:linenum :removed, vr[:mau + 12.8km] << 3.5dt,
            hbox(:left:middle, "440")
        );
    }

    with link = "point.fr.Les-Maures" {
        with layer = 1 marker(:statdot :removed, vr[:mau]);
        slabel(:left :removed, vr[:mau] + (-1.7dt, 0.5dt), "Les Maures");
    }
}


# FR 441.  Rennes - St-Malo
with detail = 2 {
    let rm = path("d2.fr.441");

    with link = "line.fr.441" {
        track(:first :double :cat:ac25 :pax, rm[:ren.ym, :sma]);

        line_badge(:cat:ac25 :pax, rm[:ren.ym + 28km] @ 8, "441");
        line_badge(:cat:ac25 :pax, rm[:dol + 7.5km], "441");
    }

    with link = "point.fr.Dol-de-Bretagne" {
        with layer = 1 marker(:statdot :cat:ac25 :pax, rm[:dol]);
        slabel(:right :cat:ac25 :pax, rm[:dol] + (1.0dt, -1.3km),
            "Dol-de-Bretagne"
        );
    }

    with link = "point.fr.La-Gouesnière-Cancale" {
        with layer = 1 marker(:statdot :cat:ac25 :pax, rm[:gou]);
        slabel(:right :cat:ac25 :pax, rm[:gou] + (-1.3dt, -1.0dt),
            vbox(:left:bottom, "La Gouesnière-", "Cancale")
        );
    }

    with link = "point.fr.St-Malo" {
        with layer = 1 marker(:statdot :cat:ac25 :pax, rm[:sma]);
        slabel(:left :cat:ac25 :pax, rm[:sma] + (1.7dt, -1.5dt), "St-Malo");
    }
}


# FR 443.  La Brohinière - Dinan
with detail = 2 {
    let bd = path("d2.fr.443");

    with link = "line.fr.443" {
        track(:first :removed, bd[:bro.yd, :din.yb]);

        guide(:linenum :removed,
                bd[:din.yb - 16km] >> 0.7dt
            --  bd[:din.yb - 16km] >> 3.0dt
        );
        label(:linenum :removed, bd[:din.yb - 16km] >> 3.5dt,
            hbox(:left:middle, "443")
        );
    }
}


# FR 444.  Dinan - Dinard
with detail = 2 {
    let dd = path("d2.fr.444");

    with link = "line.fr.444" {
        track(:first :removed, dd[:din.yd, :did]);

        line_badge(:removed, dd[:din.yd + 5km] @ -4, "444");
    }

    with link = "point.fr.Dinard" {
        with layer = 1 marker(:statdot :removed, dd[:did]);
        slabel(:left :removed, dd[:did] + (-1.8dt, 0.6dt), "Dinard");
    }
}


# FR 445.  Saint-Brieuc - Le Légué
with detail = 2 {
    let bl = path("d2.fr.445");

    with link = "line.fr.445" {
        track(:first :removed, bl[:sbr.yl, :leg]);

        guide(:linenum :removed,
                bl[:sbr.yl + 2km] >> 0.7dt
            --  bl[:sbr.yl + 2km] >> 3.0dt
        );
        label(:linenum :removed, bl[:sbr.yl + 2km] >> 3.5dt,
            hbox(:left:middle, "445")
        );
    }

    with link = "point.fr.Le-Légué" {
        with layer = 1 marker(:statdot :removed, bl[:leg]);
        slabel(:right :removed, bl[:leg] + (-1.8dt, -1.3dt), "Le Légué");
    }
}


# FR 446.  Plouaret-Trégor - Lannion
with detail = 2 {
    let pl = path("d2.fr.446");

    with link = "line.fr.446" {
        track(:first :cat:ac25 :pax, pl[:plo.yl, :lan]);

        guide(:linenum :cat:ac25 :pax,
                pl[:plo.yl + 7.5km] >> 0.7dt
            --  pl[:plo.yl + 7.5km] >> 3.0dt
        );
        label(:linenum :cat:ac25 :pax, pl[:plo.yl + 7.5km] >> 3.5dt,
            hbox(:left:middle, "446")
        );
    }

    with link = "point.fr.Lannion" {
        with layer = 1 marker(:statdot :cat:ac25 :pax, pl[:lan]);
        slabel(:top :cat:ac25 :pax, pl[:lan] + (0dt, -0.8dt), "Lannion");
    }
}


# FR 447.  Morlaix - Roscoff
with detail = 2 {
    let mr = path("d2.fr.447");

    with link = "line.fr.447" {
        track(:first :closed, mr[:mor.yr, :ros]);

        guide(:linenum :closed,
                mr[:mor.yr + 10km] >> 0.7dt
            --  mr[:mor.yr + 10km] >> 3.0dt
        );
        label(:linenum :closed, mr[:mor.yr + 10km] >> 3.0dt,
            hbox(:center:bottom, "447")
        );
    }

    with link = "point.fr.Saint-Pol-de-Léon" {
        with layer = 1 marker(:statdot :closed, mr[:spo]);
        slabel(:right :closed, mr[:spo] + (1.7dt, 0.5dt),
            "Saint-Pol-de-Léon"
        );
    }

    with link = "point.fr.Roscoff" {
        with layer = 1 marker(:statdot :closed, mr[:ros]);
        slabel(:top :closed, mr[:ros] + (0dt, -0.8dt), "Roscoff");
    }
}


# FR 448.  St-Hilaire-du-Harcouët - Fougères
with detail = 2 {
    let hf = path("d2.fr.448");

    with link = "line.fr.448" {
        track(:first :removed, hf[:shi.yf, :fou.yh]);

        guide(:linenum :removed,
                hf[:shi.yf + 15.5km] << 0.7dt
            --  hf[:shi.yf + 15.5km] << 3.0dt
        );
        label(:linenum :removed, hf[:shi.yf + 15.5km] << 3.5dt,
            hbox(:left:middle, "448")
        );
    }
}

