with detail = 1 {
    with link = "line.pl.301" {
        let on = path("d2.pl.301");

        track(:second :pax, on[:bol.yn, :jel.yk]);
        track(:second :nopax, on[:jel.yk, :mur]);
        track(:second :suspended, on[:mur, :bie]);
        track(:second :nopax, on[:bie, :nam.yo]);
    }

    with link = "line.pl.302" {
        let mm = path("d1.pl.302");

        track(:second :suspended, mm[:mal.ym, :str.yj]);
        track(:second :nopax, mm[:str.yg, :gra]);
        track(:second :removed, mm[:gra, :mar.ym]);
    }

    with link = "line.pl.303" {
        let rk = path("d1.pl.d.303");

        track(:second :pax, rk[:rot.yk, :cho]);
        track(:second :removed, rk[:cho, :rux]);
    }

    with link = "line.pl.304" {
        let bl = path("d1.pl.304");

        track(:second :suspended, bl[:brz.yl, :mal]);
        track(:second :removed, bl[:mal, :str.yb]);
        track(:second :removed, bl[:str, :lag.yb]);
    }

    with link = "line.pl.306" {
        let gp = path("d1.pl.306");

        track(:second :removed, gp[:gog.yp, :kra]);
        track(:second :nopax, gp[:kra, :pru.yg]);
    }

    with link = "line.pl.307" {
        track(:second :removed, path("d1.pl.d.307")[:nam.yk, :bux]);
    }

    with link = "line.pl.308" {
        let oj = path("d1.pl.308");

        track(:second :suspended, oj[:ogo, :mys.yk]);
        track(:second :pax, oj[:mys.yk, :jel.yk]);
    }

    with link = "line.pl.306" {
        let kk = path("d1.pl.309");

        track(:second :pax, kk[:kln.yk, :kuz]);
        track(:second :removed, kk[:kuz, :kug]);
    }
}

