with detail = 1 {
    with link = "line.se.GAH" {
        let ga = path("d1.se.gah");

        with railway = :first :double :cat:ac15 :pax {
            track(ga[:got.ym, :alm.yb]);
            track(ga[:alm.yb, :fja.yl]);
            track(ga[:fja.yl, :var.yb]);
            track(ga[:var.yb, :var.yg]);
            track(ga[:var.yg, :tor.ys]);
            track(ga[:tor.ys, :heb.yn]);
            track(ga[:heb.yn, :bra.ys]);
            track(ga[:bra.ys, :fur]);
            track(ga[:fur, :hal.yn]);
            track(ga[:hal.yn, :eld.ya]);
            track(ga[:eld.ya, :ban.yh]);
            track(ga[:ban.yh, :ban.ya]);
            track(ga[:ban.ya, :via.yn]);
            track(ga[:via.yn, :ang.yh]);
        }
    }

    with link = "line.se.GBM" {
        let ga = path("d1.se.gbm");

        track(:first :pax :removed, ga[:var.yg, :tor.ys]);
        track(:first :cat:ac15 :nopax, ga[:tor.ys, :far.yl]);
        track(:first :pax :removed, ga[:far.yl, :heb.yn]);
        track(:first :pax :removed, ga[:bra.ys, :hal.yn]);
        track(:first :cat:ac15 :nopax, ga[:eld.ya, :vel.yh]);
        track(:first :pax :removed, ga[:vel.yh, :ban.yh]);
        track(:first :pax :removed, ga[:ban.ya, :via.yn]);
        track(:first :cat:ac15 :nopax, ga[:ang.yh, :ast.yk]);
        with railway = :first :cat:ac15 :pax {
            track(ga[:ast.yk, :ast.yr]);
            track(ga[:ast.yr, :bil.yh]);
            track(ga[:bil.yh, :bil.yl]);
            track(ga[:bil.yl, :tec.yl]);
            track(ga[:tec.yl, :tec.ye]);
            track(ga[:tec.ye, :kav.yn]);
            track(ga[:kav.ys, :arl]);
        }
    }

    with link = "line.se.GFH" {
        let gf = path("d1.se.gfh");

        track(:first :g891 :removed, gf[:ols.yv, :bro]);
        track(:first :g891:museum, gf[:bro, :gra]);

        with railway = :first :g891 :removed {
            track(gf[:gra, :nos.yt]);
            track(gf[:nos.yt, :tum.yh]);
            track(gf[:tum.yh, :var.yg]);
            track(gf[:var.ys, :ska.yl]);
            track(gf[:ska.yl, :ska]);
        }

        track(:first :g891 :museum, gf[:ska, :luk]);

        with railway = :first :g891 :removed {
            track(gf[:luk, :gos.yh]);
            track(gf[:gos.yh, :for.yg]);
        }
    }

    with link = "line.se.GFR" {
        track(:first :g891 :pax :removed, path("d1.se.gfr")[:gim.yf, :far.yg]);
    }

    with link = "line.se.GHT" {
        let gh = path("d1.se.ght");

        with railway = :first :pax {
            track(gh[:gar.yh, :tor.yg]);
            track(gh[:tor.yg, :mar.ym]);
            track(gh[:mar.ym, :for.yg]);
            track(gh[:for.yg, :kal.yk]);
            track(gh[:kal.yk, :lid.ys]);
            track(gh[:lid.ys, :lid.yt]);
            track(gh[:lid.yt, :hak.yl]);
        }
    }

    with link = "line.se.GJK" {
        let gj = path("d1.se.gjk");

        with railway = :first :pax :removed {
            track(gj[:gan.yj, :ulr.yg]);
            track(gj[:ulr.yj, :jon.yu]);
        }
    }

    with link = "line.se.GKS" {
        let gs = path("d1.se.gks");

        with railway = :first :cat:ac15 :nopax {
            track(gs[:kvi.yh, :lin]);
            track(:double, gs[:lin, :ska]);
        }
    }

    with link = "line.se.GKV" {
        track(:first :museum, path("d1.se.gkv")[:gam.yk, :kar]);
    }

    with link = "line.se.GMO" {
        let gm = path("d1.se.gmo");

        track(:first :double :cat:ac15 :pax, gm[:gav.ym, :hag.ys]);
        track(:first :cat:ac15 :pax, gm[:hag.ys, :stv.yg]);
        track(:first :cat:ac15 :pax, gm[:stv.yf, :fal.yb]);
        track(:first :nopax, gm[:fal.yb, :gry]);
        track(:first :pax :removed, gm[:gry, :rat.ya]);
        track(:first :cat:ac15 :pax, gm[:rat.ya, :mor.yr]);
    }

    with link = "line.se.GLH" {
        let gl = path("d1.se.glh");

        track(:first :nopax, gl[:gav.yf, :fli]);
        track(:side :nopax, gl[:fli, :lan]);
    }

    with link = "line.se.GOD" {
        track(:first :pax :removed, path("d1.se.god")[:gor.yd, :dal]);
    }

    with link = "line.se.GSA" {
        track(:first :pax :removed, path("d1.se.gsa")[:got, :sav]);
    }

    with link = "line.se.GSS" {
        let gs = path("d1.se.gss");

        with railway = :first :cat:ac15 :pax {
            track(gs[:ols.ys, :kvi.yh]);
            track(gs[:kvi.yh, :udd.yo]);
            track(gs[:udd.yo, :udd]);
            track(gs[:udd, :mun]);
            track(gs[:mun, :sme.yl]);
            track(gs[:sme.yl, :str]);
        }
    }

    with link = "line.se.GTB" {
        track(:first :pax :removed, path("d1.se.gtb")[:gyt.yb, :bre.yg]);
    }

    with link = "line.se.GTV" {
        track(:first :nopax :removed, path("d1.se.gtv")[:gal.ym, :tin]);
    }

    with link = "line.se.GVF" {
        track(:first :cat:ac15 :nopax, path("d1.se.gvf")[:gal.ym, :vit]);
    }

    with link = "line.se.GVO" {
        track(:first :cat:ac15 :pax, path("d1.se.gvo")[:str, :ock.yg]);
    }
}

