with detail = 1 {
    with link = "line.se.HaF" {
        track(:first :pax :removed, path("d1.se.haf")[:hil.ya, :axe]);
    }

    with link = "line.se.HAJ" {
        let ha = path("d1.se.haj");

        track(:first :nopax, ha[:hal.yl, :sto.yn]);
        track(:first :tourist, ha[:sto.yn, :arv.ys]);
    }

    with link = "line.se.HBF" {
        track(:first :double :cat:ac15 :pax, path("d1.se.hbf")[:hal.yf, :fro]);
    }

    with link = "line.se.HBM" {
        let hm = path("d1.se.hbm");

        with railway = :first :cat:ac15 :pax {
            track(hm[:hal, :sky]);
            track(hm[:sky, :ste]);
        }
        with railway = :first :double :cat:ac15 :pax {
            track(hm[:ste, :ler]);
            track(hm[:ler, :mot]);
            track(hm[:mot, :fag.yo]);
            track(hm[:fag.yo, :fag.yl]);
            track(hm[:fag.yl, :ska.yb]);
            track(hm[:ska.yb, :ska.yv]);
            track(hm[:ska.yv, :mjo.yh]);
        }
    }

    with link = "line.se.HEL" {
        let he = path("d1.se.hel");

        with railway = :first :cat:ac15 :pax {
            track(:double, he[:hel, :ram.yh]);
            track(:double, he[:ram.yh, :ram.yl]);
            track(he[:ram.yl, :bil.yl]);
            track(he[:bil.yl, :tec.yl]);
            track(he[:tec.ye, :esl.yl]);
        }
    }

    with link = "line.se.HFG" {
        track(:first :g802 :pax :removed, path("d1.se.hfg")[:hal.yg, :gra.yh]);
    }

    with link = "line.se.HHA" {
        let ha = path("d1.se.hha");

        with railway = :first :cat:ac15 :pax {
            track(ha[:has.yv, :kar.yh]);
            track(ha[:kar.yh, :kri.yk]);
            track(ha[:kri.yk, :kri.ys]);
        }
        track(:first :nopax, ha[:kri.ys, :ahu]);
    }

    with link = "line.se.HHR" {
        let hr = path("d1.se.hhr");

        with railway = :first :cat:ac15 :pax {
            track(hr[:has.yh, :kli.ye]);
            track(hr[:kli.ye, :kli.ya]);
            track(hr[:kli.ya, :kar.yv]);
            track(hr[:kar.yv, :ast.yk]);
            track(hr[:ast.yr, :ast.ym]);
            track(hr[:ast.ym, :bju.yb]);
            track(hr[:bju.yb, :bju.yh]);
            track(hr[:bju.yh, :ram.yh]);
        }
    }

    with link = "line.se.HKB" {
        track(:first :pax :removed, path("d1.se.hkb")[:hal.yk, :kat]);
    }

    with link = "line.se.HMB" {
        let hb = path("d1.se.hmb");

        with railway = :first :g891 :pax :removed {
            track(hb[:har.yv, :vat.yh]);
            track(hb[:vat.yh, :ber]);
        }
    }

    with link = "line.se.HNS" {
        track(:first :nopax, path("d1.se.hns")[:ham.yn, :nor]);
    }

    with link = "line.se.HNS" {
        let hl = path("d1.se.hnv.1");
        let ln = path("d1.se.hnv.2");

        with railway = :first :g802 :pax :removed {
            track(hl[:hor.yn, :lov.yn]);
            track(hl[:lov.yn, :lov]);
            track(ln[:lov.yn, :gra.yh]);
            track(ln[:gra.yh, :nev.yh]);
        }
    }

    with link = "line.se.HRS" {
        track(:first :cat:ac15 :nopax, path("d1.se.hrs")[:har.ys, :sky]);
    }

    with link = "line.se.HRT" {
        track(:first :pax :removed, path("d1.se.hrt")[:hes.yr, :ref.yh]);
    }

    with link = "line.se.HSL" {
        let hk = path("d1.se.hsl.1");

        with railway = :first :pax :removed {
            track(hk[:hav.ys, :han]);
        }
        with railway = :first :pax :closed {
            track(hk[:han, :far.ys]);
            track(hk[:far.ys, :kar.yh]);
        }

        track(:first :pax :removed, path("d1.se.hsl.2")[:kar.yh, :ske.yk]);
    }

    with link = "line.se.HSM" {
        track(:first :cat:ac15 :pax, path("d1.se.hsm")[:has.ym, :mor.ya]);
    }

    with link = "line.se.HSV" {
        let hv = path("d1.se.hsv");

        with railway = :first :g1067 :pax :removed {
            track(hv[:hal, :ase.yu]);
            track(hv[:ase.yu, :lju.yh]);
            track(hv[:lju.yv, :vis.yh]);
        }
    }

    with link = "line.se.HUR" {
        track(:first :cat:ac15 :nopax, path("d1.se.hur")[:hun.yr, :rag]);
    }

    with link = "line.se.HVB" {
        let hb = path("d1.se.hvb");

        with railway = :first :g891 :pax :removed {
            track(hb[:hud.yb, :hud.xn]);
            track(hb[:hud.zn, :vat.yh]);
        }
    }

    with link = "line.se.HVV" {
        let hv = path("d1.se.hvv");

        track(:first :g891 :nopax :removed, hv[:haa, :val.xs]);
        track(:side :nopax, hv[:val.xs, :vas]);
    }

    with link = "line.se.HYH" {
        track(:first :pax :removed, path("d1.se.hyh")[:hor.yh, :hoo.yh]);
    }
}

