# DE BA1.  Tegel Hafen - Tegel Ost
with detail = 2 {
    let tt = path("d2.de.ba1");

    with link = "line.de.BA1" {
        track(:third :removed, tt[:teh, :teg.yh]);
    }

    with link = "point.de.Berlin-Tegel-Hafen" {
        with layer = 1 marker(:statdot :removed, tt[:teh]);
    }
}


# DE BA9.  Berlin-Hohenschönhausen Gbf - Berlin Magerviehhof Aff
with detail = 2 {
    with link = "line.de.BA9" {
        track(:third :removed, path("d2.de.ba9")[:bno.ya, :aff.yh]);
    }
}


# DE BB1.  Weißwasser Teichstraße - Bad Muskau WEM
with detail = 2 {
    let wm = path("d2.de.bb1");

    with railway = :third :narrow:g600 :museum {
        with link = "point.de.Weißwasser-Teichstraße" {
            statdot(wm[:wet]);
        }

        with link = "line.de.BB1" {
            track(wm[:wet, :gle.ys]);
            track(wm[:gle.ys, :mus]);
            line_label(:left:s, wm[:mus - 2.8km], "BB1");
        }

        with link = "point.de.Bad-Muskau-WEM" {
            statdot(wm[:mus]);
        }
    }
}


# DE BB2.  Gleisdreieck Weißwasser Süd - Kromlau
with detail = 2 {
    let wk = path("d2.de.bb2");

    with railway = :third :narrow:g600 :museum {
        with link = "line.de.BB2" {
            track(wk[:gle.ys, :kro.yb]);
            track(wk[:kro.yb, :kro]);
        }

        with link = "point.de.Kromlau" {
            statdot(wk[:kro]);
        }
    }
}


# DE BB3.  Abzw Kromlau - Schwerer Berg
with detail = 2 {
    let kh = path("d2.de.bb3.1");
    let hs = path("d2.de.bb3.2");

    with railway = :third :narrow:g600 :museum {
        with link = "line.de.BB3" {
            track(kh[:kro.yb, :hal]);
            track(hs[:hal.y, :swe]);
        }
        
        with link = "point.de.Schwerer-Berg" {
            statdot(hs[:swe]);
        }
    }
}


# DE BG1.  Spremberg - Spremberg Stadt
with detail = 2 {
    let st = path("d2.de.bg1");

    with link = "line.de.BG1" {
        track(:third :removed, st[:spr.ys, :spw.ys]);

        guide(:linenum :removed,
                st[:spr.ys + 1km] >> 0.7dt
            --  st[:spr.ys + 1km] >> 3.0dt
        );
        label(:linenum :removed, st[:spr.ys + 1km] >> 3.0dt,
            hbox(:center:bottom, "BG1")
        );
    }
}


# DE BH1.  Hennickendorf - Stienitzsee
with detail = 2 {
    let hs = path("d2.de.bh1");

    with link = "line.de.bh1" {
        track(:third :removed, hs[:hen.ys, :sti]);
    }

    with link = "point.de.Stienitzsee" {
        with layer = 1 marker(:statdot :removed, hs[:sti]);
    }
}


# DE BH2.  Herzfelde - Lichtenow
with detail = 2 {
    let hl = path("d2.de.bh2");

    with link = "line.de.BH2" {
        track(:third :removed, hl[:her.yl, :lic]);
    }

    with link = "point.de.Lichtenow" {
        with layer = 1 marker(:statdot :removed, hl[:lic]);
    }
}


# DE BJ1.  Dahme (Mark) Kleinb - Jüterbog Kleinb
with detail = 2 {
    let dj = path("d2.de.bj1");

    with link = "line.de.BJ1" {
        track(:third :narrower:g750 :removed, dj[:dah, :jut.yz]);

        line_badge(:removed, dj[:dah + 5.9km] @ 3, "BJ1");
        line_badge(:removed, dj[:hse + 12.5km] @ 10 << 0.5dt, "BJ1");
    }

    with link = "point.de.Hohenseefeld" {
        with layer = 1 marker(:statdot :removed, dj[:hse]);
        slabel(:left :removed, dj[:hse] + (-1.5dt, 0dt),
            hbox(:right:top, "Hohenseefeld")
        );
    }
}


# DE BJ2.  Hohenseefeld - Luckenwalde Süd
with detail = 2 {
    let hl = path("d2.de.bj2");

    with link = "line.de.BJ2" {
        track(:third :narrower:g750 :removed, hl[:hse, :jan.yh]);
        track(:third :narrower:g750 :removed, hl[:jan.yl, :luc.yh]);

        guide(:linenum :removed,
                hl[:hse + 8.7km] << 0.7dt
            --  hl[:hse + 8.7km] << 3.0dt
        );
        label(:linenum :removed, hl[:hse + 8.7km] << 3.0dt,
            hbox(:right:middle, "BJ2 ")
        );
        guide(:linenum :removed,
                hl[:lux] + (0.2dt, -0.7dt)
            --  hl[:lux] + (1dt, -2.7dt)
        );
        label(:linenum :removed, hl[:lux] + (1.1dt, -3.0dt),
            hbox(:center:bottom, "BJ2")
        );
    }
}


# DE BJ3.  Dahme (Mark) Kleinb - Görsdorf
with detail = 2 {
    let dg = path("d2.de.bj3");

    with link = "line.de.BJ3" {
        track(:third :narrower:g750 :removed, dg[:dah.yg, :gor]);

        guide(:linenum :removed,
                dg[:dah.yg + 2km] << 0.7dt
            --  dg[:dah.yg + 2km] << 3.0dt
        );
        label(:linenum :removed, dg[:dah.yg + 2km] << 3.0dt + (0dt, -0.3dt),
            hbox(:right:middle, "BJ3 ")
        );
    }

    with link = "point.de.Görsdorf" {
        with layer = 1 marker(:statdot :removed, dg[:gor]);
        slabel(:top :removed, dg[:gor] + (0dt, -1dt), "Görsdorf");
    }
}


# DE BL1.  Sallgast - Lauchhammer Ost
with detail = 2 {
    let sl = path("d2.de.bl1");

    with link = "line.de.BL1" {
        track(:second :removed, sl[:sal, :law]);
        line_badge(:removed, sl[:sal + 3.7km], "BL1");
    }
}


# DE BM1.  Petersdorf (Kr Fürstenwalde/Spree) - Silberberg Waldschänke
with detail = 2 {
    let ps = path("d2.de.bm1");

    with link = "line.de.BM1" {
        track(:third :removed, ps[:pet.ys, :wal]);

        guide(:linenum :removed,
                ps[:pet.ys + 4km] >> 0.7dt
            --  ps[:pet.ys + 4km] >> 3.0dt
        );
        label(:linenum :removed, ps[:pet.ys + 4km] >> 3.0dt,
            hbox(:right:middle, "BM1 ")
        );
    }

    with link = "point.de.Silberberg-Waldschänke" {
        with layer = 1 marker(:statdot :removed, ps[:wal]);
        slabel(:right :removed, ps[:wal] + (1.3dt, -0.5dt),
            vbox(:left:top, "Silberberg", "Waldschänke")
        );
    }
}


# DE BR1.  Hasenfelde Nord - Hasenfelde Ost
with detail = 2 {
    with link = "line.de.BR1" {
        track(:second :removed, path("d2.de.br1")[:han.y, :hao.y]);
    }
}


# DE BR3.  Friedrichsaue - Genschmar
with detail = 2 {
    let fg = path("d2.de.br3");

    with link = "line.de.BR3" {
        track(:third :removed, fg[:fri.yg, :gen]);

        guide(:linenum :removed,
                fg[:fri.yg + 2.3km] >> 0.7dt
            --  fg[:fri.yg + 2.3km] >> 3.0dt
        );
        label(:linenum :removed, fg[:fri.yg + 2.3km] >> 3.0dt - (0.5dt, 0dt),
            hbox(:left:top, "BR3")
        );
    }

    with link = "point.de.Genschmar" {
        with layer = 1 marker(:statdot :removed, fg[:gen]);
        slabel(:right :removed, fg[:gen] + (-1.0dt, -1.5dt), "Genschmar");
    }
}


# DE BR4.  Wollup - Voßberg
with detail = 2 {
    let wv = path("d2.de.br4");

    with link = "line.de.BR4" {
        track(:third :removed, wv[:wol.yv, :vos]);
    }

    with link = "point.de.Voßberg" {
        with layer = 1 marker(:statdot :removed, wv[:vos]);
        slabel(:top :removed, wv[:vos] + (0dt, -1dt),
            vbox(:center:bottom, " Voß-", "berg")
        );
    }
}


# DE BR5.  Letschin - Voßberg
with detail = 2 {
    with link = "line.de.BR5" {
        track(:third :removed, path("d2.de.br5")[:let.yv, :vos.yl]);
    }
}


# DE BS1.  Strausberg StE - Landesjugendheim
with detail = 2 {
    let sl = path("d2.de.bs1");

    with link = "line.de.BS1" {
        track(:tram :cat:dc7 :pax, sl[:str, :lus]);
        track(:third :removed, sl[:lus, :lju]);

        guide(:linenum :tram :cat:dc7 :pax,
                sl[:str + 4km] << 0.7dt
            --  sl[:str + 4km] << 3.0dt
        );
        label(:linenum :tram :cat:dc7 :pax, sl[:str + 4km] << 3.0dt,
            hbox(:right:middle, "BS1 ")
        );
    }

    with link = "point.de.Strausberg-Lustgarten" {
        with layer = 1 marker(:statdot :tram :pax, sl[:lus]);
    }

    with link = "point.de.Strausberg-Landesjugendheim" {
        with layer = 1 marker(:statdot :removed, sl[:lju]);
    }
}


# DE BS2.  Hegermühle - Lustgarten
with detail = 2 {
    with link = "line.de.BS2" {
        track(:third :removed, path("d2.de.bs2")[:heg, :lus]);
    }
}


# DE BW1.  Lübben Spreewaldbf - Cottbus Spreewaldbf
with detail = 2 {
    let lc = path("d2.de.bw1");

    with link = "line.de.BW1" {
        track(:third :narrow:g1000 :removed, lc[:lub, :cos]);

        line_badge(:removed, lc[:str - 8km] @ 4 >> 0.4dt, "BW1");
        line_badge(:removed, lc[:cos - 9km] @ 10 >> 0.2dt, "BW1");
    }

    with link = "point.de.Straupitz" {
        with layer = 1 marker(:statdot :removed, lc[:str]);
        slabel(:left :removed, lc[:str] + (-1.5dt, 0dt),
            hbox(:right:top, "Straupitz")
        );
    }

    with link = "point.de.Byhlen" {
        with layer = 1 marker(:statdot :removed, lc[:byh]);
        slabel(:right :removed, lc[:byh] + (1.5dt, -0.5dt),
            hbox(:left:top, "Byhlen")
        );
    }

    with link = "point.de.Cottbus-Spreewaldbf" {
        with layer = 1 marker(:statdot :removed, lc[:cos]);
    }
}


# DE BW2.  Straupitz - Goyatz
with detail = 2 {
    let sg = path("d2.de.bw2");

    with link = "line.de.BW2" {
        track(:third :narrow:g1000 :removed, sg[:str.yg, :goy]);
        line_badge(:removed, sg[:str.yg + 6.5km], "BW2");
    }

    with link = "point.de.Goyatz" {
        with layer = 1 marker(:statdot :removed, sg[:goy]);
        slabel(:right :removed, sg[:goy] + (1.5dt, 0.8dt), "Goyatz");
    }
}


# DE BW3.  Byhlen - Lieberose Spreewaldbf
with detail = 2 {
    let sj = path("d2.de.bw3");

    with link = "line.de.BW3" {
        track(:third :narrow:g1000 :removed, sj[:byh, :jam]);
        line_badge(:removed, sj[:byh + 7.5km], "BW3");
    }
}

