with detail = 1 {
    with link = "line.pl.420" {
        track(:second :removed, path("d1.pl.420")[:wor.yw, :wys.yw]);
    }

    with link = "line.pl.421" {
        let ps = path("d1.pl.421");

        track(:second :removed, ps[:pol.ys, :sma]);
        track(:second :nopax, ps[:sma, :swi.yp]);
    }

    with link = "line.pl.422" {
        track(:second :suspended, path("d1.pl.z.422")[:pyr.yg, :gla.yp]);
    }

    with link = "line.pl.423" {
        track(:second :removed, path("d1.pl.423")[:chw.ys, :swo]);
    }

    with link = "line.pl.424" {
        track(:second :removed, path("d1.pl.424")[:gol.ym, :mas]);
    }

    with link = "line.pl.425" {
        track(:second :removed, path("d1.pl.425")[:lub.yb, :bor]);
    }

    with link = "line.pl.427" {
        track(:second :tourist, path("d1.pl.427")[:msc.ym, :mie]);
    }

    with link = "line.pl.428" {
        track(:second :cat:dc30 :tourist, path("d1.pl.428")[:wid.yp, :spo.yd]);
    }

    with link = "line.pl.429" {
        let sn = path("d1.pl.429");

        track(:second :suspended, sn[:sto.yn, :dol]);
        track(:second :removed, sn[:dol, :nwa]);
    }
}

