# DE 1216.  St Michaelisdonn - Marne
#
let smimar = path("path.de.1216");

with detail = 3 {
    with link = "line.de.1216" {
        with layer = -1 track(:second:station :closed,
                path("path.de.1210")[:fmar + 1m, :fmar] >> 0.5dt
            ..  smimar[:aa + 1.9dt, :aa + 2dt]
        );
        track(:second :closed, smimar[:aa + 2dt, :vol - 1ssw]);
    }

    with link = "point.de.Volsemenhusen" {
        track(:second:station :closed, smimar[:vol - 1ssw, :vol + 1ssw]);
        with layer = -1 marker(:de.hst :removed :right, smimar[:vol]);
        with layer = -2 marker(:de.bf :gone :right, smimar[:vol]);
        slabel(:left :removed, smimar[:vol - 1ssw] >> 1.4ssw, "Volsemenhusen");
    }

    with link = "line.de.1216" {
        track(:second :closed, smimar[:vol + 1ssw, :maw - 1ssw]);
    }

    with link = "point.de.Marne" {
        track(:second:station :closed, smimar[:maw - 1ssw, :f]);
        with layer = -1 track(:second:station :removed,
                smimar[:maw - 1m, :maw]
            ..  path("path.de.1217")[:a - 1m, :a + 1dt]
        );
        marker(:de.bf :closed :left, smimar[:mar]);
        slabel(:right :closed, smimar[:f] << 2.4ssw, span(:bold, "Marne"));
    }
}


