# BE 0.  Brussel-Zuid - Brussel-Noord
with detail = 2 {
    let bb = path("simple.be.0");

    with link = "line.be.0" {
        track(:first :double :cat :pax, bb[:bmz, :brn]);
    }

    with link = "point.be.Bruxelles-Midi" {
        with layer = 1 marker(:statdot :pax, bb[:bmz]);
        label(bb[:bmz] + (-4.0km, 3.0km),
            hbox(:right:top :medium :bold, "Bruxelles")
        );
    }

    with link = "point.be.Brussel-Nord" {
        with layer = 1 marker(:statdot :pax, bb[:brn]);
        label(bb[:brn] + (4.0km, 1dt),
            hbox(:left:bottom :medium :bold, "Brussel")
        );
    }
}


# BE 1.  Halle - Esplechin-Frontiere
with detail = 2 {
    let he = path("simple.be.1");

    with link = "line.be.1" {
        track(:first :double :cat :pax, he[:lem.f, :espf]);
        with layer = 1 line_badge(:open, he[:lem.f + 9km], "1");
        with layer = 1 line_badge(:open, he[:sil.a + 4km], "1·94");
        with layer = 1 line_badge(:open, he[:sil.f + 16km], "1");
        with layer = 1 line_badge(:open, he[:espf - 6km], "1");
    }

    with link = "point.int.Esplechin-Wannehain" {
        with layer = 1 marker(:refdt :right, he[:espf]);
        with layer = 1 marker(:refdt :left, he[:espf]);
    }
}


# BE 2.  Leuven - Ans
with detail = 2 {
    let la = path("simple.be.2");

    with link = "line.be.2" {
        track(:first :double :cat :pax, la[:leu.g, :bie]);
        with layer = 1 line_badge(:open, la[:leu.g + 19km], "2");
        with layer = 1 line_badge(:open, la[:bie - 10.5km], "2");
    }
}


# BE 3.  Chênée - Y.Hammerbrucke
with detail = 2 {
    let ch = path("simple.be.3");

    with link = "line.be.3" {
        track(:first :double :cat :pax, ch[:che.f, :ham]);
        with layer = 1 line_badge(:open, ch[:che.f + 9km], "3");
        with layer = 1 line_badge(:open, ch[:ham - 5km], "3");
    }
}


# BE 4.  Y.Luchtbal - Meer-grens
with detail = 2 {
    let lm = path("simple.be.4");

    with link = "line.be.4" {
        track(:first :double :cat :pax, lm[:ylu, :meeg]);
        with layer = 1 line_badge(:open, lm[:ylu + 19km], "4");
    }
}

