# DE 1500.  Oldenburg (Oldbf) Hbf - Bremen Hbf
with detail = 2 {
    let ob = path("d2.de.g.1500");

    with link = "line.de.1500" {
        track(:first :double :cat:ac15 :pax, ob[:old, :des]);
        with layer = 1 line_badge(:axen, ob[:old + 6.6km], "1500");
    }

    with link = "point.de.Oldenburg-Oldb-Hbf" {
        with layer = 1 marker(:statdot :pax, ob[:old]);
        slabel(:left, ob[:old] + (-2dt, 0.5dt),
            vbox(:right:top,
                "Oldenburg",
                hbox(:right:base, span(:light, "(Oldb)"), " Hbf")
            )
        );
    }

    with link = "point.de.Hude" {
        with layer = 1 marker(:statdot :pax, ob[:hud]);
        slabel(:left, ob[:hud] + (0.5dt, 3.5dt), "Hude");
    }

    with link = "point.de.Delmenhorst" {
        with layer = 1 marker(:statdot :pax, ob[:del]);
        slabel(:left, ob[:del] - (5dt, 1.8dt), "Delmenhorst");
    }
}


# DE 1501.  Oldenburg (Oldb) Hbf - Brake (Unterweser)
with detail = 2 {
    let ob = path("d2.de.1501");

    with link = "line.de.1501" {
        with layer = -1 track(:second :removed, ob[:old.f, :bra.a]);
        with layer = 1 line_badge(:removed, ob[:old.f + 15km], "1501");
    }
}


# DE 1502.  Oldenburg (Oldb) Hbf - Osnabrück-Eversburg
with detail = 2 {
    let ol = path("d2.de.1502");

    with link = "line.de.1502" {
        track(:first :double :pax, ol[:old.ff, :ost]);
        track(:first :pax, ol[:ost, :bra]);
        track(:first :double :pax, ol[:bra, :ach]);
        track(:first :pax, ol[:ach, :eve]);
        with layer = 1 line_badge(:open, ol[:ahl - 6.5km], "1502");
        with layer = 1 line_badge(:open, ol[:clo + 8km], "1502");
        with layer = 1 line_badge(:open, ol[:qua + 7km], "1502");
        with layer = 1 line_badge(:open, ol[:eve - 6.5km], "1502");
    }

    with link = "point.de.Ahlhorn" {
        with layer = 1 marker(:statdot :pax, ol[:ahl]);
        slabel(:right, ol[:ahl] + (1.8dt, 0.8dt), "Ahlhorn");
    }

    with link = "point.de.Cloppenburg" {
        with layer = 1 marker(:statdot :pax, ol[:clo]);
        slabel(:left, ol[:clo] - (1.8dt, 0.8dt), "Cloppenburg");
    }

    with link = "point.de.Essen-Oldb" {
        with layer = 1 marker(:statdot :pax, ol[:esn]);
        slabel(:right, ol[:esn] + (1.8dt, 0.8dt),
            hbox(:left:base, "Essen ", span(:light, "(Oldb)"))
        );
    }

    with link = "point.de.Quakenbrück" {
        with layer = 1 marker(:statdot :pax, ol[:qua]);
        slabel(:right, ol[:qua] + (1.6dt, 0.8dt), "Quakenbrück");
    }

    with link = "point.de.Bersenbrück" {
        with layer = 1 marker(:statdot :pax, ol[:ber]);
        slabel(:right, ol[:ber] + (1.8dt, 2dt),
            vbox(:left:bottom, "Bersen-", "brück")
        );
    }

    with link = "point.de.Hesepe" {
        with layer = 1 marker(:statdot :pax, ol[:hes]);
        slabel(:left, ol[:hes] + (-1.8dt, 0.8dt), "Hesepe");
    }
}


# DE 1503.  Hude - Nordenham-Blexen
with detail = 2 {
    let hb = path("d2.de.1503");

    with link = "line.de.1503" {
        track(:first :cat:ac15 :pax, hb[:hud.a, :gol]);
        with layer = 1 line_badge(:open, hb[:hud.a + 7km], "1503");

        track(:first :double :cat:ac15 :pax, hb[:gol, :rod]);
        track(:first :cat:ac15 :pax, hb[:rod, :nor]);
        with layer = 1 line_badge(:open, hb[:rod + 3km], "1503");

        track(:first, hb[:nor, :noh]);
        with layer = -1 track(:first :removed, hb[:noh, :blx]);
    }

    with link = "point.de.Brake-Unterweser" {
        with layer = 1 marker(:statdot :pax, hb[:bra]);
        slabel(:left, hb[:bra + 800m] - (1.5dt, 0.5dt),
            hbox(:right:base, "Brake ", span(:light, "(Unterweser)"))
        );
    }

    with link = "point.de.Rodenkirchen-Oldb" {
        with layer = 1 marker(:statdot :pax, hb[:rod]);
        slabel(:left, hb[:rod] - (1.0dt, 2.0dt),
            vbox(:right:bottom, "Rodenkirchen", span(:light, "(Oldb)"))
        );
    }

    with link = "point.de.Nordenham" {
        with layer = 1 marker(:statdot :pax, hb[:nor]);
        slabel(:left, hb[:nor] + (-2.5dt, 3.5dt), "Nordenham");
    }

    with link = "point.de.Nordenham-Blexen" {
        with layer = 1 marker(:statdot :removed, hb[:blx]);
        slabel(:left :removed, hb[:blx] + (1dt, -1.7dt), "N.-Blexen");
    }
}


# DE 1520.  Oldenburg (Oldb) Hbf - Leer (Ostfriesl)
with detail = 2 {
    let ol = path("d2.de.1520");

    with link = "line.de.1520" {
        track(:first :cat:ac15 :pax, ol[:old.f, :lee.f]);
        with layer = 1 line_badge(:open, ol[:old + 7.5km], "1520");
        with layer = 1 line_badge(:open, ol[:lee - 10km], "1520");
    }

    with link = "point.de.Bad-Zwischenahn" {
        with layer = 1 marker(:statdot :pax, ol[:zwi]);
        slabel(:right, ol[:zwi] - (2dt, 2dt), "Bad Zwischenahn");
    }

    with link = "point.de.Westerstede-Ocholt" {
        with layer = 1 marker(:statdot :pax, ol[:och]);
        slabel(:right, ol[:och] + (-2.5dt, 2.5dt),
            vbox(:left:top, "Wester-", "stede-", "Ocholt")
        );
    }
}


# DE 1521.  Cloppenburg - Westerstede-Ocholt
with detail = 2 {
    let co = path("d2.de.1521");

    with link = "line.de.1521" {
        track(:second, co[:clo.a, :fri]);
        with layer = -1 track(:second :removed, co[:fri, :sed]);
        track(:second, co[:sed, :och.f]);

        with layer = 1 line_badge(:open, co[:fri - 10km], "1521");
        with layer = 1 line_badge(:open, co[:sed + 13km], "1521");
    }

    with link = "point.de.Friesoythe" {
        with layer = 1 marker(:statdot, co[:fri]);
        slabel(:left, co[:fri] + (1dt, 4dt), "Friesoythe");
    }

    with link = "point.de.Sedelsberg" {
        with layer = 1 marker(:statdot, co[:sed]);
        slabel(:left, co[:sed] + (-1.8dt, 1.5dt), "Sedelsberg");
    }
}


# DE 1522.  Oldenburg (Oldb) Hbf - Wilhelmshaven Hbf
with detail = 2 {
    let ow = path("d2.de.1522");

    with link = "line.de.1522" {
        track(:first :double :pax, ow[:old, :wil]);
        with layer = 1 line_badge(:open, ow[:old.f + 23km], "1522");
    }

    with link = "point.de.Varel-Oldb" {
        with layer = 1 marker(:statdot :pax, ow[:var]);
    }

    with link = "point.de.Ellenserdamm" {
        with layer = 1 marker(:statdot :removed, ow[:ell]);
        slabel(:left :removed, ow[:ell] + (-2.2dt, 0.8dt), "Ellenserdamm");
    }

    with link = "point.de.Sande" {
        with layer = 1 marker(:statdot :pax, ow[:san]);
        slabel(:left, ow[:san] + (-1.8dt, 0.8dt), "Sande");
    }

    with link = "point.de.Wilhelmshaven" {
        with layer = 1 marker(:statdot :pax, ow[:wil]);
        slabel(:top, ow[:wil] + (0dt, -1.2dt), "Wilhemshaven");
    }
}


# DE 1530.  Varel (Oldb) - Rodenkirchen (Oldb)
with detail = 2 {
    let vr = path("d2.de.1530");

    with link = "line.de.1530" {
        with layer = -1 track(:second :removed, vr[:var.a, :rod.f]);
        with layer = 1 line_badge(:removed, vr[:var.a + 11.5km], "1530");
    }
}


# DE 1531.  Varel (Oldb) - Varelerhafen
with detail = 2 {
    let vh = path("d2.de.1531");

    with link = "line.de.1531" {
        with layer = -1 track(:second :removed, vh[:var, :vah]);
    }

    with link = "point.de.Varelerhafen" {
        with layer = 1 marker(:statdot :removed, vh[:vah]);
        slabel(:right, vh[:vah] - (1.5dt, 1.5dt),
            vbox(:center:bottom, "Varel", span(:light, "(Oldb)"))
        );
    }
}


# DE 1532.  Varel (Oldb) - Neuenburg (Oldb)
with detail = 2 {
    let vn = path("d2.de.1532");

    with link = "line.de.1532" {
        with layer = -1 track(:second :removed, vn[:var.f, :boc.f]);
        with layer = -1 track(:second :removed, vn[:boc.a, :nbu]);

        track(:guide :removed,
                vn[:nbu - 2km] >> 0.7dt
            --  vn[:nbu - 2km] >> 3dt
        );
        label(vn[:nbu - 2km] >> 3.7dt,
            hbox(:right:middle :badgesize :removed, "1532")
        );
    }

    with link = "point.de.Borgstede" {
        with layer = 1 marker(:statdot :removed, vn[:bor]);
    }

    with link = "point.de.Neuenburg-Oldb" {
        with layer = 1 marker(:statdot :removed, vn[:nbu]);
        slabel(:left :removed, vn[:nbu] - (1.0dt, 1.0dt),
            vbox(:center:top, "Neuenburg ", span(:light, " (Oldb)"))
        );
    }
}


# DE 1533.  Borgstede - Bramloge
with detail = 2 {
    let bb = path("d2.de.1533");

    with link = "line.de.1533" {
        with layer = -1 track(:second :removed, bb[:bor, :bra]);

        track(:guide :removed,
                bb[:bor + 1.5km] << 0.7dt
            --  bb[:bor + 1.5km] << 3dt
        );
        label(bb[:bor + 1.5km] << 3.7dt,
            hbox(:left:middle :badgesize :removed, "1533")
        );
    }

    with link = "point.de.Bramloge" {
        with layer = 1 marker(:statdot :removed, bb[:bra]);
        slabel(:right :removed, bb[:bra] + (-3dt, 3.5dt), "Bramloge");
    }
}


# DE 1534.  Ellenserdamm - Westerstede-Ocholt
with detail = 2 {
    let eo = path("d2.de.1534");

    with link = "line.de.1534" {
        with layer = -1 track(:second :removed, eo[:ell.a, :wes]);
        with layer = -1 track(:second :closed, eo[:wes, :och.a]);

        with layer = 1 line_badge(:removed, eo[:wes - 8.5km], "1534");
    }

    with link = "point.de.Bockhorn" {
        with layer = 1 marker(:statdot :removed, eo[:boc]);
        slabel(:right :removed, eo[:boc] + (0dt, 1.8dt),
            vbox(:left:top, "Bock-", "horn")
        );
    }
}


# DE 1540.  Sande - Jever
with detail = 2 {
    let sj = path("d2.de.1540");

    with link = "line.de.1540" {
        track(:second :pax, sj[:san.f, :jev]);
        with layer = 1 line_badge(:open, sj[:jev - 5km], "1540");
    }

    with link = "point.de.Jever" {
        with layer = 1 marker(:statdot :pax, sj[:jev]);
        slabel(:left, sj[:jev] + (-0.5dt, 3.5dt), "Jever");
    }
}


# DE 1541.  Jever - Harlesiel
with detail = 2 {
    let jh = path("d2.de.1541");

    with link = "line.de.1541" {
        with layer = -1 track(:second :removed, jh[:jev.a, :har]);
        with layer = 1 line_badge(:removed, jh[:jev.a + 7.5km], "1541");
    }

    with link = "point.de.Hohenkirchen" {
        with layer = 1 marker(:statdot :removed, jh[:hki]);
        slabel(:left :removed, jh[:hki] + (-1.8dt, 1.3dt), "Hohenkirchen");
    }

    with link = "point.de.Harlesiel" {
        with layer = 1 marker(:statdot :removed, jh[:har]);
        slabel(:top :removed, jh[:har] + (0dt, -1.2dt), "Harlesiel");
    }
}


# DE 1542.  Wangerooge - Wangerooge Westanleger
with detail = 2 {
    let ww = path("d2.de.1542");

    with link = "line.de.1542" {
        track(:second :narrow :pax, ww[:wan, :wes]);

        track(:guide,
                ww[:sal + 0.7km] << 0.7dt
            --  ww[:sal + 0.7km] << 3.0dt
        );
        with layer = 2 label(ww[:sal + 0.7km] << 3.7dt + (0dt, -0.4dt),
            hbox(:left:middle :badgesize, "1542")
        );
    }

    with link = "point.de.Wangerooge" {
        with layer = 1 marker(:statdot :pax, ww[:wan]);
        with layer = 2 slabel(:right, ww[:wan] - (2dt, 1.8dt), "Wangerooge");
    }

    with link = "point.de.Wangerooge-Westanleger" {
        with layer = 1 marker(:statdot :pax, ww[:wes]);
        slabel(:bottom, ww[:wes] + (0dt, 1dt), "W. Westanleger");
    }
}


# DE 1543.  Wangerooge Saline - Wangerooge Westen
with detail = 2 {
    let we = path("d2.de.1543");

    with link = "line.de.1543" {
        track(:second :narrow :pax, we[:sal.f, :wes]);

        track(:guide,
                we[:sal + 0.7km] >> 0.7dt
            --  we[:sal + 0.7km] >> 3.0dt
        );
        label(we[:sal + 0.7km] >> 3.0dt,
            hbox(:center:bottom :badgesize, "1543")
        );
    }

    with link = "point.de.Wangerooge-Westen" {
        with layer = 1 marker(:statdot :pax, we[:wes]);
        slabel(:left, we[:wes] + (-1.8dt, 0.8dt), "W. Westen");
    }
}


# DE 1545.  Wangerooge - Ostanleger
with detail = 2 {
    let wo = path("d2.de.1545");

    with link = "line.de.1545" {
        with layer = -1 track(:second :narrow :removed, wo[:wan, :ost]);
        with layer = 1 line_badge(:removed, wo[:ost - 2.5km], "1545");
    }

    with link = "point.de.Wangerooge-Ostanleger" {
        with layer = 1 marker(:statdot :removed, wo[:ost]);
        slabel(:right :removed, wo[:ost] + (1.8dt, 1.2dt), "W. Ostanleger");
    }
}


# DE 1552.  Schortens Weißer Floh - Wilhelmshaven Nord
with detail = 2 {
    let sw = path("d2.de.1552");

    with link = "line.de.1552" {
        with layer = -2 track(:second, sw[:flo, :win]);
        with layer = 1 line_badge(:open, sw[:flo + 4.5km], "1552");
    }

    with link = "point.de.Wilhelmshaven-Nord" {
        with layer = 1 marker(:statdot, sw[:win]);
        slabel(:bottom, sw[:win] + (0dt, 1dt), "W. Nord");
    }
}


# DE 1553.  Wilhelmshaven Ölweiche - Wilhelmshaven Mobil Oil
with detail = 2 {
    let wo = path("d2.de.1553");

    with link = "line.de.1553" {
        track(:third, wo[:oel, :mob]);
    }
}


# DE 1554.  Wilhelmshaven Ölweiche - Wilhelmshaven JadeWeserPort
with detail = 2 {
    let wj = path("d2.de.1554");

    with link = "line.de.1554" {
        track(:second, wj[:oel, :jwp]);

        track(:guide,
                wj[:oel + 2.5km] << 0.7dt
            --  wj[:oel + 2.5km] << 3dt
        );
        label(wj[:oel + 2.5km] << 3.0dt,
            hbox(:center:bottom :badgesize, "1554")
        );
    }

    with link = "point.de.Wilhelmshaven-JadeWeserPort" {
        with layer = 1 marker(:statdot, wj[:jwp]);
        slabel(:right, wj[:jwp] + (1.8dt, 0dt),
            vbox(:left:middle, "W. Jade-", "Weser-", "Port")
        );
    }
}


# DE 1560.  Delmenhorst - Hesepe
with detail = 2 {
    let dh = path("d2.de.1560");

    with link = "line.de.1560" {
        track(:second :pax, dh[:del.a, :hes.a]);
        with layer = 1 line_badge(:open, dh[:del.a + 13km], "1560");
        with layer = 1 line_badge(:open, dh[:vec + 3.7km], "1560");
        with layer = 1 line_badge(:open, dh[:hes.a - 7.5km], "1560");
    }

    with link = "point.de.Vechta" {
        with layer = 1 marker(:statdot :pax, dh[:vec]);
        slabel(:right, dh[:vec] + (1.8dt, 0.8dt), "Vechta");
    }

    with link = "point.de.Lohne-Oldb" {
        with layer = 1 marker(:statdot :pax, dh[:loh]);
        slabel(:right, dh[:loh] + (1.8dt, 0.8dt),
            hbox(:left:base, "Lohne ", span(:light, "(Oldb)"))
        );
    }

    with link = "point.de.Holdorf-Oldb" {
        with layer = 1 marker(:statdot :pax, dh[:hol]);
        slabel(:left, dh[:hol] + (-1.8dt, 0dt),
            vbox(:right:bottom, "Holdorf", span(:light, "(Oldb)"))
        );
    }
}


# DE 1561.  Ahlhorn - Vechta
with detail = 2 {
    let av = path("d2.de.1561");

    with link = "line.de.1561" {
        with layer = -1 track(:second :removed, av[:ahl.f, :vec.a]);
        with layer = 1 line_badge(:removed, av[:ahl.f + 5km], "1561");
    }
}


# DE 1562.  Holdorf (Oldb) - Damme (Oldb)
with detail = 2 {
    let hd = path("d2.de.1562");

    with link = "line.de.1562" {
        with layer = -1 track(:second :removed, hd[:hol, :dam]);
        with layer = 1 line_badge(:removed, hd[:hol + 3km], "1562");
    }

    with link = "point.de.Damme-Oldb" {
        with layer = 1 marker(:statdot :removed, hd[:dam]);
        slabel(:right :removed, hd[:dam] + (1.8dt, 0.8dt),
            hbox(:left:base, "Damme ", span(:light, "(Oldb)"))
        );
    }
}


# DE 1563.  Delmenhorst Süd - Lemwerder
with detail = 2 {
    let dl = path("d2.de.1563");

    with link = "line.de.1563" {
        with layer = -1 track(:second :removed, dl[:des, :lem]);
        with layer = 1 line_badge(:removed, dl[:lem - 4.2km], "1563");
    }

    with link = "point.de.Lemwerder" {
        with layer = 1 marker(:statdot :removed, dl[:lem]);
        slabel(:left :removed, dl[:lem] + (-1.8dt, 0.8dt), "Lemwerder");
    }
}


# DE 1564.  Lohne (Oldb) - Dinklage
with detail = 2 {
    let ld = path("d2.de.1564");

    with link = "line.de.1564" {
        with layer = -1 track(:second :removed, ld[:loh.f, :din]);
        with layer = 1 line_badge(:removed, ld[:din - 2.5km], "1564");
    }

    with link = "point.de.Dinklage" {
        with layer = 1 marker(:statdot :removed, ld[:din]);
        slabel(:bottom :removed, ld[:din] + (0dt, 1dt), "Dinklage");
    }
}


# DE 1570.  Emden Rbf - Norden - Jever
with detail = 2 {
    let ej = path("d2.de.1570");

    with link = "line.de.1570" {
        track(:first :cat:ac15 :pax, ej[:ems, :nor.f]);
        with layer = 1 line_badge(:open, ej[:abe - 4.5km], "1570");

        track(:second, ej[:nor.f, :dor]);
        with layer = 1 line_badge(:open, ej[:nor + 8km], "1570");

        with layer = -1 track(:second :removed, ej[:dor, :ese]);
        track(:second :pax, ej[:ese, :jev]);
        with layer = 1 line_badge(:open, ej[:ese + 7km], "1570");
    }

    with link = "point.de.Emden-Rbf" {
        with layer = 1 marker(:statdot, ej[:emr]);
    }

    with link = "point.de.Emden" {
        with layer = 1 marker(:statdot :pax, ej[:emd]);
        slabel(:left, ej[:emd] + (-1.8dt, 0.8dt), "Emden");
    }

    with link = "point.de.Abelitz" {
        with layer = 1 marker(:statdot, ej[:abe]);
        slabel(:left, ej[:abe] + (-1.8dt, 0dt), "Abelitz");
    }

    with link = "point.de.Norden" {
        with layer = 1 marker(:statdot :pax, ej[:nor]);
        slabel(:left, ej[:nor] + (-1.8dt, 1.2dt), "Norden");
    }

    with link = "point.de.Dornum-Ostfriesl" {
        with layer = 1 marker(:statdot, ej[:dor]);
        slabel(:top, ej[:dor] - (0dt, 1dt),
            vbox(:center:bottom, "Dornum", span(:light, "(Ostfriesl)"))
        );
    }

    with link = "point.de.Esens-Ostfriesl" {
        with layer = 1 marker(:statdot :pax, ej[:ese]);
        slabel(:right, ej[:ese] + (1.0dt, -0.5dt),
            vbox(:left:bottom, "Esens", span(:light, "(Ostfriesl)"))
        );
    }

    with link = "point.de.Wittmund" {
        with layer = 1 marker(:statdot :pax, ej[:wit]);
        slabel(:right, ej[:wit] - (0.5dt, 1.5dt),
            vbox(:center:bottom, "Witt-", "mund")
        );
    }
}


# DE 1572.  Emden Hbf - Emden Außenhafen
with detail = 2 {
    let ea = path("d2.de.1572");

    with link = "line.de.1572" {
        track(:second :cat:ac15 :pax, ea[:emr.f, :aus]);
    }

    with link = "point.de.Emden-Außenhafen" {
        with layer = 1 marker(:statdot :pax, ea[:aus]);
        slabel(:left, ea[:aus] + (1dt, 3.0dt), "E. Außenhafen");
    }
}


# DE 1573.  Abelitz - Aurich
with detail = 2 {
    let aa = path("d2.de.1573");

    with link = "line.de.1573" {
        with layer = -2 track(:second, aa[:abe.f, :aur]);
        with layer = 1 line_badge(:open, aa[:geo + 3km], "1573");
    }

    with link = "point.de.Georgsheil" {
        with layer = 1 marker(:statdot :removed, aa[:geo]);
    }

    with link = "point.de.Aurich" {
        with layer = 1 marker(:statdot :removed, aa[:aur]);
        slabel(:left :removed, aa[:aur] + (0.8dt, 3.5dt), "Aurich");
    }
}


# DE 1574.  Norden - Norddeich Mole
with detail = 2 {
    let nn = path("d2.de.1574");

    with link = "line.de.1574" {
        track(:second :cat:ac15 :pax, nn[:nor.f, :nom]);
        with layer = 1 line_badge(:open, nn[:nom - 3km] @ 2, "1574");
    }

    with link = "point.de.Norddeich-Mole" {
        with layer = 1 marker(:statdot :pax, nn[:nom]);
        slabel(:left, nn[:nom] + (-1.8dt, 0.8dt), "Norddeich Mole");
    }
}


# DE 1575.  Ihrhove - Weener Grenze
with detail = 2 {
    let iw = path("d2.de.1575");

    with link = "line.de.1575" {
        track(:second, iw[:ihr.a, :weg]);
        with layer = 1 line_badge(:open, iw[:wee + 3km], "1575");
    }

    with link = "point.de.Weener" {
        with layer = 1 marker(:statdot, iw[:wee]);
        slabel(:left, iw[:wee] + (1.0dt, 3.5dt), "Weener");
    }
}


# DE 1576.  Emden Polder - Emden Hbf Volkswagenwerk
with detail = 2 {
    let ew = path("d2.de.1576");

    with link = "line.de.1576" {
        track(:second, ew[:emd.a, :evw]);
    }
}


# DE 1577.  Emden Rbf - Emden Südkai
with detail = 2 {
    let es = path("d2.de.1577");

    with link = "line.de.1577" {
        track(:station, es[:emr, :sud]);
    }
}

