with detail = 0 {
    with link = "line.it.BAM" {
        with layer = -1 track(:first:station :double :cat:ac25 :pax,
                path("d0.it.4.bam")[:cae.y, :fio.y]
        );
    }

    with link = "line.it.BLC" {
        track(:first :double :cat:dc30 :pax, path("d0.it.4.blc")[:bol, :fan]);
    }

    with link = "line.it.BOM" {
        track(:first :double :cat:dc30 :pax,
                path("d0.it.4.bom")[:bol, :fid.ys]
        );
    }

    with link = "line.it.BOP" {
        track(:first :double :cat:dc30 :pax,
                path("d0.it.4.bop")[:bol.yp, :fer.yc]
        );
    }

    with link = "line.it.BOV" {
        track(:first :double :cat:dc30 :pax,
                path("d0.it.4.bov")[:svi.yv, :pog.ys]
        );
    }

    with link = "line.it.FAB" {
        with layer = -1 track(:first :double :cat:ac25 :pax,
            path("d0.it.fab")[:fca.yb, :bsr.yn]
        );
    }

    with link = "line.it.FIB" {
        track(:first :double :cat:dc30 :pax, path("d0.it.fib")[:fir, :bol.yc]);
    }

    with link = "line.it.FLI" {
        track(:first :double :cat:dc30 :pax, path("d0.it.fli")[:fri.yp, :lca]);
    }

    with link = "line.it.PLS" {
        track(:first :double :cat:dc30 :pax, path("d0.it.pls")[:pis.yv, :spe]);
    }

    with link = "line.it.RPI" {
        track(:first :double :cat:dc30 :pax,
                path("d0.it.4.rpi")[:orb, :vad.yl]
        );
    }

    with link = "line.it.RAF" {
        track(:first :double :cat:dc30 :pax,
                path("d0.it.4.raf")[:chi, :fir.yr]
        );
    }

    with link = "line.it.VAL" {
        track(:first :double :cat:dc30 :pax, path("d0.it.val")[:vad.yl, :lca]);
    }
}

