# DE 1002.  Flensburg Weiche (ausschl) - Flensburg Hafen Ost
#
let flwfho = path("d4.de.1002");

with detail = 5 {
    with link = "line.de.1002" {
        track(:second :removed :flip, flwfho[:flw.f, :wil - 60m] << 1.5dt);
        with layer = 1 line_badge(:removed,
            flwfho[:wil - 0.5km] << 2.25dt,
            "1002"
        );
    }

    # Fl. Wilhelminental s. 1040.

    with link = "line.de.1002" {
        track(:second :closed :flip,
                flwfho[:wil + 100m, :afla] << 1.5dt
            ..  flwfho[:afle.f, :fla.a]
        );
        with layer = 1 line_badge(:closed, flwfho[:wil + 1.0km], "1002");
    }

    with link = "point.de.Flensburg-Alter-Bf" {
        # Einfahrgl. Ostseite
        track(:second :station :closed, flwfho[:fla.a, :fla]);
        track(:station :closed, flwfho[:fla, :fla + 2wl]);
        # Einfahrgl. Westseite
        track(:station :removed,
                flwfho[:fla.a + 2.0wl, :fla + 1.0wl] << 1dt
        );
        track(:station :closed,
                flwfho[:fla + 1.0wl, :fla + 2.0wl] << 1dt
        );
        # Umlaufgleis
        track(:station :removed,
                flwfho[:fla.a + 0.9wl, :fla.a + 1.0wl]
            --  flwfho[:fla.a + 3.0wl, :fla - 0.5sw - 1.0wl] << 2dt
            --  flwfho[:fla - 0.5sw, :fla - 0.49sw] << 1dt
        );
        # Gleisverbindung bei Fhf
        track(:station :closed,
                flwfho[:fla - 0.1wl, :fla]
            --  flwfho[:fla + 1.0wl, :fla + 1.1wl] << 1dt
        );

        marker(:de.bbf :closed :left, flwfho[:fla] << 1dt);
        station(
            :right :closed, flwfho[:fla - 0.4sw] >> 2dt,
            "Flensburg Alter Bf",
            hbox(:center:base,
                span(:regular, "177,305 "),
                span(:gone, "(171,79)")
            )
        );

        marker(:de.stw :closed :left, flwfho[:fla] << 1dt << 1sh);
        slabel(:left :closed, flwfho[:fla - 1dt] << 4.5dt << 1sh, "Fhf");
    }

    with link = "point.de.Flensburg-Hafen-Ost" {
        # Dammgleis - Gl 23 - Gl 90
        track(:station :removed, flwfho[:fla + 2wl, :f]);

        # Gl. 20
        track(:station :removed,
                flwfho[:w15 - 0.1dl, :w15]
            ..  path("d4.de.1002.gl20")[:a, :f]
        );

        # Gl. 24
        track(:station :removed,
                flwfho[:w17 + 2.19wl, :w17 + 2.2wl]
            --  flwfho[:w17 + 3.2wl, :w33 - 3.2wl] >> 1dt
            --  flwfho[:w33 - 2.2wl, :w33 - 2.19wl]
        );

        # Gl. 25
        track(:station :removed,
                flwfho[:w17 + 1.09wl, :w17 + 1.1wl]
            --  flwfho[:w17 + 3.1wl, :w33 - 3.1wl] >> 2dt
            --  flwfho[:w33 - 1.1wl, :w33 - 1.09wl]
        );

        # Gl. 26
        track(:station :removed, flwfho[:w17 + 3wl, :w33 - 3wl] >> 3dt);

        # Gl. 27
        track(:station :removed,
                flwfho[:w17 - 0.1dl, :w17]
            --  flwfho[:w17 + 4wl, :w33 - 4wl] >> 4dt
            --  flwfho[:w33, :w33 + 0.1dl]
        );


        # Gl. 85 - Gl. 82
        let gl82 = path("d4.de.1002.gl82");
        track(:station :removed,
                flwfho[:w103 - 0.1dl, :w103]
            ..  gl82[:a, :f]
        );
        track(:station :removed, gl82[:r, :f] << 1dt);
        track(:station :removed, gl82[:r + 1wl, :f] << 2dt);
        track(:station :removed,
                gl82[:r - 0.1dl, :r]
            --  gl82[:r + 2wl, :r + 2.01wl] << 2dt
        );

        # Gl 88, Gl 89
        let gl89 = path("d4.de.1002.gl89");
        track(:station :removed,
                flwfho[:w105 - 0.1dl, :w105]
            ..  gl89[:a, :f]
        );
        track(:station :removed,
                gl89[:a, :a + 0.1dl]
            --  gl89[:a + 1wl, :f] << 1dt
        );

        slabel(:right :removed, flwfho[:fho] >> 6dt,
            span(:italic, "Hafenbahn Ostseite")
        );
    }
}

