with detail = 1 {
    with link = "line.cz.600" {
        let zd = path("d1.cz.600");

        track(:first :cat:ac15 :pax, zd[:znh, :zno]);
        track(:first :pax, zd[:zno, :jih]);
        track(:first :cat:ac25 :pax, zd[:jih, :hav.yb]);
        track(:first :double :cat:ac25 :pax, zd[:hav.yb, :kut]);
        track(:first :double :cat:dc30 :pax, zd[:kut, :kol.yh]);
        track(:first :double :cat:dc30 :pax, zd[:kut, :kol.yh]);
        track(:first :double :cat:dc30 :pax, zd[:kol.yn, :dvy]);
        track(:first :cat:dc30, zd[:dvy, :dpr.yn]);
    }

    with link = "line.cz.602" {
        track(:second :tourist, path("d1.cz.602")[:mor.yj, :jem]);
    }

    with link = "line.cz.605" {
        track(:first :pax, path("d1.cz.605")[:str.yo, :okr.ys]);
    }

    with link = "line.cz.607" {
        track(:second :pax, path("d1.cz.607")[:stu.yk, :kri.ys]);
    }

    with link = "line.cz.609" {
        let mo = path("d1.cz.609");

        track(:second :pax, mo[:mbr.yo, :iva]);
        track(:second, mo[:iva, :osl]);
    }
}

