# PL 672.  Maciejów Północny - Zabrze Makoszowy Kopalnia
with detail = 2 {
    with link = "line.pl.672" {
        with layer = -1 track(:first :double :cat:dc30 :nopax,
                path("d2.pl.672")[:mac.y, :gso.yw]
        );
    }
}


# PL 676.  Gliwice Sośnica R1 - Gliwice Sośnica GSB
with detail = 2 {
    with link = "line.pl.676" {
        track(:first :cat:dc30 :nopax, path("d2.pl.676")[:gso.yk, :gso.yp]);
    }
}


# PL 677.  Zabrze Makoszowy Kopalnia - Mizerów
with detail = 2 {
    with link = "line.pl.677" {
        track(:first :double :cat:dc30 :pax,
                path("d2.pl.677")[:zmk.ym, :miz.y]
        );
    }
}


# PL 678.  Borki - Katowice Dąbrówka Mała
with detail = 2 {
    with link = "line.pl.677" {
        track(:second :suspended, path("d2.pl.678")[:bor.y, :kdm.yk]);
    }
}


# PL 679.  Chałupki - Granica Państwa Chałupki
with detail = 2 {
    with railway = :first :cat:dc30 :nopax {
        with link = "line.pl.151" {
            track(path("d2.pl.151")[:cha, :chg] >> 0.35dt);
        }
    }
}

