# IT TEP.  Tempio - Palau Marina
with detail = 2 {
    let tp = path("d2.it.tep");

    with link = "line.it.TEP" {
        track(:first :narrow:g950 :museum, tp[:tem, :lur]);
    }

    with link = "point.it.Luras" {
        track(:first:station :narrow:g950 :museum, tp[:lur, :lur.ym]);
        statdot(:museum, tp[:lur]);
        slabel(:left :museum, tp[:lur] + (0.5dt, -1.5dt), "Luras");
    }

    with link = "line.it.TEP" {
        track(:first :narrow:g950 :museum, tp[:lur.ym, :pam]);
        line_label(:left:s :museum, tp[:lur.ym + 8.3km], "TEP  ");
        line_label(:left:e :museum, tp[:pau - 8km], "TEP");
    }

    with link = "point.it.Palau-Marina" {
        statdot(:museum, tp[:pam]);
        slabel(:right :museum, tp[:pam] + (1.5dt, 1.0dt), "Palau Marina");
    }
}


# IT TIC.  Tirso - Ozieri-Chilivani
with detail = 2 {
    let to = path("d2.it.tic");

    with link = "line.it.TIC" {
        track(:first :narrow:g950 :removed, to[:tir.yo, :ozi.yt]);
        line_label(:left:e :removed, to[:tir.yo + 22.7km], "TIC");
    }
}

