# DE 9112.  Winsen (Luhe) Süd - Hützel (Lüneb)
#
let winhut = path("path.de.9112");

with detail = [4, 5] {
    with link = "point.de.Winsen-Luhe-Süd" {
        let lehcux = path("path.de.1720");

        with layer = -2 track(:third:station,
                lehcux[:win - 1sw, :fnie] << 3.5dt
            ..  winhut[:win.f - 1m, :win.f] << 1dt
        );
        with layer = -2 track(:third:station,
                lehcux[:win - 1sw, :fnie] << 4.5dt
        );

        with layer = -2 marker(:de.bf :top, lehcux[:win - 1sw] >> 4dt);
        with detail = 4 {
            station(:right, lehcux[:win] + (850m, 0m),
                hbox(:center:base,
                    span(:bold, "Winsen "),
                    span(:regular, "(Luhe) "),
                    span(:bold, "Süd")
                ),
                hbox(:center:top,
                    vbox(:right:top,
                        span(:open, "9112: "),
                        span(:open, "9113: ")
                    ),
                    vbox(:left:top,
                        span(:open, "0,0"),
                        span(:open, "0,0")
                    )
                )
            );
        }
        with detail = 5 {
            station(:top, lehcux[:win - 1sw] >> 3.5dt >> 1.6sh,
                hbox(:center:base,
                    span(:bold, "Winsen "),
                    span(:regular, "(Luhe) "),
                    span(:bold, "Süd")
                ),
                hbox(:center:top,
                    vbox(:right:top,
                        span(:open, "9112: "),
                        span(:open, "9113: ")
                    ),
                    vbox(:left:top,
                        span(:open, "0,0"),
                        span(:open, "0,0")
                    )
                )
            );
        }
    }


    with link = "line.de.9112" {
        with layer = 2 track(:third,
                winhut[:win.f, :win.f + 0.1dl] << 1dt
            ..  winhut[:win.x + 200m, :luh - 1sw]
        );
        with layer = 1 casing(:third,
                winhut[:win.f, :win.f + 0.1dl] << 1dt
            ..  winhut[:win.x + 200m, :win.x + 201m]
        );
        with layer = 3 line_badge(:open, winhut[:luh - 1.7km], "9112");
    }


    with link = "point.de.Luhdorf" {
        track(:third:station, winhut[:luh - 1sw, :luh + 1sw]);
        marker(:de.bf :right, winhut[:luh]);
        station(:left, winhut[:luh + 0.4sw] >> 1.4sh,
            "Luhdorf", "3,6"
        );
    }


    with link = "line.de.9112" {
        track(:third, winhut[:luh + 1sw, :pat - 1sw]);
    }


    with link = "point.de.Pattensen-Lüneb" {
        track(:third:station, winhut[:pat - 1sw, :pat + 1sw]);
        marker(:de.bf :right, winhut[:pat]);
        station(:left, winhut[:pat + 0.3sw] >> 1.4sh,
            hbox(:center:base,
                span(:regular, "Pattensen "),
                span(:light, "(Lüneb)")
            ),
            "7,6"
        );
    }


    with link = "line.de.9112" {
        track(:third, winhut[:pat + 1sw, :wun - 1sw]);
    }


    with link = "point.de.Wulfsen-Nord" {
        track(:third:station, winhut[:wun - 1sw, :wun + 1sw]);
        with layer = -1 track(:station :removed,
                winhut[:wun - 41m, :wun - 40m]
            --  winhut[:wun, :wun + 1m] >> 1dt
        );

        marker(:de.hp :left, winhut[:wun]);
        with layer = -1 marker(:de.bf :removed :left, winhut[:wun]);
        station(:right, winhut[:wun + 0.3sw] << 1.6sh,
            hbox(:center:base,
                span(:regular, "Wulfen "),
                span(:light :removed, "(b Lüneburg) "),
                span(:regular, "Nord")
            ),
            "??"
        );
    }


    with link = "line.de.9112" {
        track(:third, winhut[:wun + 1sw, :gar - 1sw]);
    }


    with link = "point.de.Garstedt-Lüneburg" {
        track(:third:station, winhut[:gar - 1sw, :gar + 1sw]);
        marker(:de.anst :left, winhut[:gar]);
        with layer = -1 marker(:de.bf :gone :left, winhut[:gar]);
        station(:right, winhut[:gar + 0.3sw] << 1.7sh,
            hbox(:center:base,
                span(:regular, "Garstedt "),
                span(:light, "(Lüneburg)")
            ),
            "10,2"
        );
    }


    with link = "line.de.9112" {
        track(:third, winhut[:gar + 1sw, :nga - 1sw]);
        with layer = 1 line_badge(:open, winhut[:nga - 0.8km], "9112");
    }


    with link = "point.de.Neu-Garstedt" {
        track(:third:station, winhut[:nga - 1sw, :nga + 1sw]);
        with layer = -1 marker(:de.zst :removed :left, winhut[:nga]);
        station(:right :removed, winhut[:nga + 0.3sw] << 1.6sh,
            hbox(:center:base,
                span(:regular, "Neu Garstedt "),
                span(:light, "(Lüneb)")
            ),
            "??"
        );
    }


    with link = "line.de.9112" {
        track(:third, winhut[:nga + 1sw, :top - 1sw]);
    }


    with link = "point.de.Toppenstedt" {
        track(:third:station, winhut[:top - 1sw, :top + 1sw]);
        marker(:de.bf :right, winhut[:top]);
        station(:left, winhut[:top + 0.3sw] >> 1.4sh,
            "Toppenstedt", "13,9"
        );
    }


    with link = "line.de.9112" {
        track(:third, winhut[:top + 1sw, :gat - 1sw]);
    }


    with link = "point.de.Garlstorf-Harburg" {
        track(:third:station, winhut[:gat - 1sw, :gat + 1sw]);
        marker(:de.bf :right, winhut[:gat]);
        station(:left, winhut[:gat + 0.4sw] >> 1.4sh,
            hbox(:center:base,
                span(:regular, "Garlstorf "),
                span(:light, "(Kr Harburg)")
            ),
            "16,8"
        );
    }


    with link = "line.de.9112" {
        track(:third, winhut[:gat + 1sw, :god - 1sw]);
    }


    with link = "point.de.Gödenstorf-Oelstorf" {
        track(:third:station, winhut[:god - 1sw, :god + 1sw]);
        marker(:de.bf :right, winhut[:god]);
        station(:bottom, winhut[:god] >> 1.4sh,
            "Gödenstorf-Oelstorf",
            "18,8"
        );
    }


    with link = "line.de.9112" {
        track(:third, winhut[:god + 1sw, :sal - 1sw]);
    }


    with link = "point.de.Salzhausen-Lüneburg" {
        track(:third:station, winhut[:sal - 1sw, :sal + 1sw]);
        marker(:de.bf :left, winhut[:sal]);
        station(:right, winhut[:sal + 0.4sw] << 1.4sh,
            hbox(:center:base,
                span(:regular, "Salzhausen "),
                span(:light, "(b Lüneburg)")
            ),
            "21,4"
        );
    }


    with link = "line.de.9112" {
        track(:third, winhut[:sal + 1sw, :eye - 1sw]);
    }


    with link = "point.de.Eyendorf" {
        track(:third:station, winhut[:eye - 1sw, :eye + 1sw]);
        marker(:de.bf :left, winhut[:eye]);
        station(:right, winhut[:eye + 0.2sw] << 2.0sh,
            "Eyendorf", "23,4"
        );
    }


    with link = "line.de.9112" {
        track(:third, winhut[:eye + 1sw, :lub - 1sw]);
        with layer = 1 line_badge(:open, winhut[:eye + 2.1km], "9112");
    }


    with link = "point.de.Lübberstedt-Lüneburg" {
        track(:third:station, winhut[:lub - 1sw, :lub + 1sw]);
        marker(:de.hp :right, winhut[:lub]);
        with layer = -1 marker(:de.bf :gone :right, winhut[:lub]);
        station(:top, winhut[:lub] >> 1.2sh,
            hbox(:center:base,
                span(:regular, "Lübberstedt "),
                span(:light, "(Lüneburg)")
            ),
            "??"
        );
    }


    with link = "line.de.9112" {
        track(:third, winhut[:lub + 1sw, :ege - 1sw]);
    }


    with link = "point.de.Egestorf-Lüneburg" {
        track(:third:station, winhut[:ege - 1sw, :ege + 1sw]);
        marker(:de.bf :right, winhut[:ege]);
        station(:left, winhut[:ege + 0.4sw] >> 1.2sw,
            hbox(:center:base,
                span(:regular, "Egestorf "),
                span(:light, "(b Lüneburg)")
            ),
            "31,0"
        );
    }


    with link = "line.de.9112" {
        track(:third, winhut[:ege + 1sw, :doh - 1sw]);
    }


    with link = "point.de.Döhle" {
        track(:third:station, winhut[:doh - 1sw, :doh + 1sw]);
        marker(:de.hp :right, winhut[:doh]);
        station(:left, winhut[:doh + 0.4sw] >> 1.2sw,
            "Döhle", "??"
        );
    }


    with link = "line.de.9112" {
        track(:third, winhut[:doh + 1sw, :eve - 1sw]);
    }


    with link = "point.de.Evendorf-Hörpel" {
        track(:third:station, winhut[:eve - 1sw, :eve + 1sw]);
        marker(:de.hp :left, winhut[:eve]);
        station(:right, winhut[:eve + 0.4sw] << 1.4sw,
            "Evendorf-Hörpel", "35,6"
        );
    }


    with link = "line.de.9112" {
        track(:third, winhut[:eve + 1sw, :ff]);
        track(:third:station,
                winhut[:ff, :ff + 1m]
            ..  path("path.de.9111")[:fwin - 1m, :fwin] >> 1dt
        );
        with layer = 1 line_badge(:open, winhut[:eve + 2.5km], "9112");
    }
}

