# CZ 250.  Železná Ruda st.hr. - Plzeň hl.n.
with detail = 2 {
    let zp = path("d2.cz.250");

    with link = "line.cz.250" {
        track(:second :pax, zp[:zeh, :jan.yd]);
        line_label(:right:w :pax, zp[:zeh + 8km], "250");
        line_label(:left:e :pax, zp[:jan.yd - 6.7km], "250");
    }

    with link = "point.cz.Janovice-nad-Úhlavou" {
        track(:second:station :pax, zp[:jan.yd, :jan]);
        statdot(:pax, zp[:jan]);
        slabel(:right :pax, zp[:jan] + (0dt, 0.7dt),
            vbox(:left:top, " Janovice", " nad", "Úhlavou")
        );
    }

    with link = "line.cz.250" {
        track(:second :pax, zp[:jan, :kla]);
        line_label(:left:se :pax, zp[:jan + 3km], "250");
    }

    with link = "point.cz.Klatovy" {
        track(:first :station :cat:ac25 :pax, zp[:kla, :kla.yh]);
        statdot(:cat:ac25 :pax, zp[:kla]);
        slabel(:left :cat:ac25 :pax, zp[:kla] + (-0.6dt, -1.0dt), "Klatovy");
    }

    with link = "line.cz.250" {
        track(:first :cat:ac25 :pax, zp[:kla.yh, :plz.yk]);
        line_label(:left:e :cat:ac25 :pax, zp[:kla.yh + 7.6km], "250");
        line_label(:right:w :cat:ac25 :pax, zp[:plz.yk - 11km], "250");
    }
}


# CZ 252.  Janovice nad Úhlavou - Domažlice
with detail = 2 {
    let jd = path("d2.cz.252");

    with link = "line.cz.252" {
        track(:second :pax, jd[:jan.yd, :dom.yj]);
        line_label(:right:s :pax, jd[:jan.yd + 13km], "252");
    }
}


# CZ 256.  Horažďovice předměstí - Klatovy
with detail = 2 {
    let hk = path("d2.cz.256");

    with link = "line.cz.256" {
        track(:second :pax, hk[:hop.yk, :kla.yh]);
        line_label(:right:se :pax, hk[:hop.yk + 9km], "256");
        line_label(:right:w :pax, hk[:kla.yh - 4.7km], "256");
    }
}

