# CZ 520.  Nymburk hl.n. - Mladá Boleslav hl.n.
with detail = 2 {
    let nm = path("d2.cz.520");

    with link = "line.cz.520" {
        track(:first :pax, nm[:nym.ym, :vel.ym]);
    }

    with link = "point.cz.Veleliby" {
        track(:first :station :pax, nm[:vel.ym, :vel.yj]);
        statdot(:pax, nm[:vel]);
        slabel(:left :pax, nm[:vel] + (-1.5dt, 0.8dt), "Veleliby");
    }

    with link = "line.cz.520" {
        track(:first :pax, nm[:vel.yj, :mla.yn]);
        line_label(:left:e :pax, nm[:vel.yj + 9km], "520");
    }
}


# CZ 522.  Poříčany - Nymburk město
with detail = 2 {
    let pn = path("d2.cz.522");

    with link = "line.cz.522" {
        track(:second :pax, pn[:por.ym, :nme]);
        line_label(:left:se :pax, pn[:por.ym + 7km], "522");
    }

    with link = "point.cz.Nymburk-město" {
        track(:second :station :pax, pn[:nme, :nme.ym]);
        statdot(:pax, pn[:nme]);
    }
}


# CZ 523.  Nymburk město - Nymburk hl.n.
with detail = 2 {
    with link = "line.cz.523" {
        track(:second :pax, path("d2.cz.523")[:nme.ym, :nym.ym]);
    }
}


# CZ 524.  Nymburk město - Veleliby
with detail = 2 {
    with link = "line.cz.524" {
        track(:second :pax, path("d2.cz.524")[:nme.ym, :vel.ym]);
    }
}

