# CZ 682.  Ledečko - Kácov
with detail = 2 {
    let lk = path("d2.cz.682");

    with link = "line.cz.682" {
        track(:second :pax, lk[:led.yk, :kac]);
        line_label(:right:ne :pax, lk[:kac - 6.2km], "682");
    }

    with link = "point.cz.Kácov" {
        statdot(:pax, lk[:kac]);
        slabel(:right :pax, lk[:kac] + (-0.8dt, -1.3dt), "Kácov");
    }
}


# CZ 683.  Kácov - Světlá nad Sázavou
with detail = 2 {
    let ks = path("d2.cz.683");

    with link = "line.cz.683" {
        track(:second :pax, ks[:kac, :zru.yk]);
        line_label(:left:sw :pax, ks[:kac + 7km], "683");
    }

    with link = "point.cz.Zruč-nad-Sázavou" {
        track(:second :station :pax, ks[:zru.yk, :zru]);
        statdot(:pax, ks[:zru]);
        slabel(:left :pax, ks[:zru] + (-1.3km, 0dt) + (-0.5dt, 1.3dt),
            "Zruč nad Sázavou"
        );
    }

    with link = "line.cz.683" {
        track(:second :pax, ks[:zru, :sve.yc]);
        line_label(:left:s :pax, ks[:zru + 15.75km], "683");
    }
}


# CZ 684.  Kutná Hora hl. n. - Zruč nad Sázavou
with detail = 2 {
    let kz = path("d2.cz.684");

    with link = "line.cz.684" {
        track(:second :pax, kz[:kut.yz, :zru.yk]);
        line_label(:left:w :pax, kz[:kut.yz + 17km], "684");
    }
}


# CZ 686.  Čáslav místní n. - Třemošnice
with detail = 2 {
    let cz = path("d2.cz.686.1");
    let zt = path("d2.cz.686.2");

    with link = "line.cz.686" {
        track(:second :pax, cz[:cas.yt, :zle.yt]);
        line_label(:left:sw :pax, cz[:zle.yt - 1.5km], "686");
    }

    with link = "point.cz.Žleby" {
        track(:second :station :pax, cz[:zle.yt, :zle]);
    }

    with link = "line.cz.686" {
        track(:second :pax, zt[:zle.yt, :tre]);
    }

    with link = "point.cz.Třemošnice" {
        statdot(:pax, zt[:tre]);
        slabel(:bottom :pax, zt[:tre] + (-0.5dt, 0.8dt), "Třemošnice");
    }
}


# CZ 688.  Čáslav místní n. - Močovice
with detail = 2 {
    let cm = path("d2.cz.688");

    with link = "line.cz.688" {
        track(:second :removed, cm[:cas, :moc]);
        with zoom = :high line_label(
            :right:e :removed, cm[:moc - 0.7km], "688"
        );
    }

    with link = "point.cz.Močovice" {
        statdot(:removed, cm[:moc]);
        slabel(:bottom :removed, cm[:moc] + (-1.5dt, 0.7dt), "Močovice");
    }
}

