with detail = 2, layer = -10 {
    # Belgium - Netherlands
    border(:national, path("d2.b.int.be.nl.0")[:kno, :oss]);
    border(:national, path("d2.b.int.be.nl.1")[:oss, :bud]);
    border(:national, path("d2.b.int.be.nl.2")[:bud, :kan]);
    border(:national, path("d2.b.int.be.nl.3")[:kan, :val]);

    # Finland - Norway
    border(:national, path("d2.b.int.fi.no")[:gal, :kir]);

    # Germany - Netherlands
    border(:national, path("d2.b.int.de.nl.0")[:val, :gra]);
    border(:national, path("d2.b.int.de.nl.1")[:gra, :rek]);
    border(:national, path("d2.b.int.de.nl.2")[:rek, :gro]);
    border(:national, path("d2.b.int.de.nl.3")[:gro, :coe]);
    border(:national, path("d2.b.int.de.nl.4")[:coe, :rut]);
    border(:national, path("d2.b.int.de.nl.5")[:rut, :emd]);

#   with layer = -20 marker(:statdot :pax, path("d2.b.int.de.nl.4")[:rut]);

    # Norway - Russia
    border(:national, path("d2.b.int.no.ru")[:kir, :jak]);

    # Norway - Sweden
    border(:national, path("d2.b.int.no.se.0")[:kos, :lem]);
    border(:national, path("d2.b.int.no.se.1")[:lem, :van]);
    border(:national, path("d2.b.int.no.se.2")[:van, :jet]);
    border(:national, path("d2.b.int.no.se.3")[:jet, :gal]);

    # Lithuania - Russia/Kaliningrad
    border(:national, path("d2.b.int.lt.ru-kg")[:gro, :nw]);

    # Poland - Russia/Kaliningrad
    border(:national, path("d2.b.int.pl.ru-kg")[:gro, :w]);
}

