# RU KG 2.  Калининград-Пассажирский - Чернышевское
#
let kalter = path("path.ru.kg.2");

with detail = 3 {
    with link = "line.ru.kg.2" {
        track(:first :double :pax, kalter[:kal + 1ssw, :aiw - 1ssw]);
    }


    with link = "point.ru.Айвазовский" {
        track(:first:station :double :pax, kalter[:aiw - 1ssw, :aiw + 1ssw]);
        marker(:de.hp :pax :right, kalter[:aiw] >> 0.5dt);
        slabel(:right :pax, kalter[:aiw - 0.3ssw] << 1.5dt,
            "Айвазовский"
        );
    }

    with link = "line.ru.kg.2" {
        track(:first :double :pax, kalter[:aiw + 1ssw, :lug - 1ssw]);
        with layer = 1 line_badge(:open :pax, kalter[:aiw + 1.8km], "2");
    }


    with link = "point.ru.Луговое-Новое" {
        track(:first:station :double :pax, kalter[:lug - 1ssw, :lug + 1ssw]);
        marker(:de.bf :pax :right, kalter[:lug] >> 0.5dt);
        slabel(:left :pax, kalter[:lug + 0.5sw] >> 0.5dt >> 0.6ssw,
            vbox(:right:top, "Луговое-", "Новое")
        );
    }

    with link = "line.ru.kg.2" {
        track(:first :double :pax, kalter[:lug + 1ssw, :op1271 - 1ssw]);
    }


    with link = "point.ru.kg.2.1271-км" {
        track(:first:station :double :pax,
                kalter[:op1271 - 1ssw, :op1271 + 1ssw]
        );
        marker(:de.hp :pax :left, kalter[:op1271] << 0.5dt);
        slabel(:top :pax, kalter[:op1271] << 0.5dt << 1.4ssw,
            "1271 км"
        );
    }

    with link = "line.ru.kg.2" {
        track(:first :double :pax, kalter[:op1271 + 1ssw, :kom - 1ssw]);
    }

    with link = "point.ru.Комсомольск-Западный" {
        track(:first:station :double :pax, kalter[:kom - 1ssw, :kom + 1ssw]);
        marker(:de.hp :pax :left, kalter[:kom] << 0.5dt);
        with layer = -1 marker(:de.bf :removed :left, kalter[:kom] << 0.5dt);
        slabel(:right :pax, kalter[:kom - 1ssw] << 0.5dt << 1.0ssw,
            vbox(:left:bottom :bold,
                span(:gone, "Löwenhagen"),
                "Комсомольск",
                "Западный"
            )
        );
    }

    with link = "line.ru.kg.2" {
        track(:first :double :pax, kalter[:kom + 1ssw, :ose - 1ssw]);
    }


    with link = "point.ru.Озерки-Новые" {
        track(:first:station :double :pax, kalter[:ose - 1ssw, :ose + 1ssw]);
        marker(:de.bf :pax :left, kalter[:ose] << 0.5dt);
        slabel(:top :pax, kalter[:ose] << 0.5dt << 1.4ssw,
            vbox(:center:bottom, "Озерки", "Новые")
        );
    }

    with link = "line.ru.kg.2" {
        track(:first :double :pax, kalter[:ose + 1ssw, :op1252 - 1ssw]);
    }

    with link = "point.ru.kg.2.1252-км" {
        track(:first:station :double :pax,
                kalter[:op1252 - 1ssw, :op1252 + 1ssw]
        );
        marker(:de.hp :pax :left, kalter[:op1252] << 0.5dt);
        slabel(:left :pax, kalter[:op1252 + 1ssw] >> 0.5dt >> 1.8ssw,
            "1252 км"
        );
    }

    with link = "line.ru.kg.2" {
        track(:first :double :pax, kalter[:op1252 + 1ssw, :gwa - 1ssw]);
    }

    with link = "point.ru.Гвардейск" {
        track(:first:station :double :pax, kalter[:gwa - 1ssw, :gwa + 1ssw]);
        marker(:de.bf :pax :left, kalter[:gwa] << 0.5dt);
        slabel(:left :pax, kalter[:gwa - 0.5ssw] << 0.5dt << 1.3ssw,
            vbox(:right:bottom :bold,
                span(:gone, "Tapiau"),
                "Гвардейск"
            )
        );
    }

    with link = "line.ru.kg.2" {
        track(:first :double :pax, kalter[:gwa + 1ssw, :sna - 1ssw]);
        with layer = 1 line_badge(:open :pax, kalter[:gwa + 5.0km], "2");
    }

    with link = "point.ru.Знаменск" {
        track(:first:station :double :pax, kalter[:sna - 1ssw, :sna + 1ssw]);
        marker(:de.bf :pax :left, kalter[:sna] << 0.5dt);
        slabel(:top :pax, kalter[:sna] << 0.5dt << 1.2ssw,
            vbox(:center:bottom :bold,
                span(:gone, "Wehlau"),
                "Знаменск"
            )
        );
    }

    with link = "line.ru.kg.2" {
        track(:first :double :pax, kalter[:sna + 1ssw, :pus - 1ssw]);
    }

    with link = "point.ru.Пушкарёво" {
        track(:first:station :double :pax, kalter[:pus - 1ssw, :pus + 1ssw]);
        marker(:de.hp :pax :left, kalter[:pus] << 0.5dt);
        with layer = -1 marker(:de.bf :removed :left, kalter[:pus] << 0.5dt);
        slabel(:top :pax, kalter[:pus] << 0.5dt << 1.2ssw, "Пушкарёво");
    }

    with link = "line.ru.kg.2" {
        track(:first :double :pax, kalter[:pus + 1ssw, :mot - 1ssw]);
        with layer = 1 line_badge(:open :pax, kalter[:pus + 2.8km], "2");
    }

    with link = "point.ru.Моторное" {
        track(:first:station :double :pax, kalter[:mot - 1ssw, :mot + 1ssw]);
        with layer = -1 marker(:de.hp :removed :left, kalter[:mot] << 0.5dt);
        slabel(:top :removed, kalter[:mot] << 0.5dt << 1.2ssw, "Моторное");
    }

    with link = "line.ru.kg.2" {
        track(:first :double :pax, kalter[:mot + 1ssw, :mes - 1ssw]);
    }

    with link = "point.ru.Междуречье" {
        track(:first:station :double :pax, kalter[:mes - 1ssw, :mes + 1ssw]);
        marker(:de.bf :pax :left, kalter[:mes] << 0.5dt);
        slabel(:top :pax, kalter[:mes] << 0.5dt << 1.2ssw, "Междуречье");
    }

    with link = "line.ru.kg.2" {
        track(:first :double :pax, kalter[:mes + 1ssw, :pas - 1ssw]);
    }

    with link = "point.ru.Пастухово-Новое" {
        track(:first:station :double :pax, kalter[:pas - 1ssw, :pas + 1ssw]);
        marker(:de.bf :pax :right, kalter[:pas] >> 0.5dt);
        slabel(:top :pax, kalter[:pas] << 1.5dt,
            vbox(:center:bottom, "Пастухово-", "Новое")
        );
    }

    with link = "line.ru.kg.2" {
        track(:first :double :pax, kalter[:pas + 1ssw, :tja - 1ssw]);
        with layer = -1 casing(:first :double, kalter[:tja.r - 2km, :tja.r]);
        with layer = 1 line_badge(:pax, kalter[:pas + 6km], "КГ 2");
    }

    with link = "point.ru.Черняховск" {
        track(:first:station :double :pax, kalter[:tja - 1sw, :tja + 1ssw]);
        marker(:de.bf :pax :left, kalter[:tja] << 0.5dt);
        slabel(:left :pax, kalter[:fsel - 0.5ssw] << 2.5dt,
            vbox(:right:bottom :bold,
                span(:gone, "Insterburg"),
                "Черняховск"
            )
        );
    }

    with link = "line.ru.kg.2" {
        track(:first :double :pax, kalter[:tja + 1ssw, :pen - 1ssw]);
    }

    with link = "point.ru.Pendershof" {
        track(:first:station :double :pax, kalter[:pen - 1sw, :pen + 1sw]);
        with layer = -1 marker(:de.hp :removed :right, kalter[:pen] >> 0.5dt);
        slabel(:bottom :removed, kalter[:pen] >> 0.5dt >> 1.2ssw,
            "Pendershof"
        );
    }

    with link = "line.ru.kg.2" {
        track(:first :double :pax, kalter[:pen + 1ssw, :wes - 1ssw]);
        with layer = 1 line_badge(:open :pax, kalter[:pen + 3.0km], "2");
    }

    with link = "point.ru.Веселовка" {
        track(:first:station :double :pax, kalter[:wes - 1ssw, :wes + 1ssw]);
        marker(:de.hp :right, kalter[:wes] >> 0.5dt);
        with layer = -1 marker(:de.bf :removed :right, kalter[:wes] >> 0.5dt);
        slabel(:bottom :pax, kalter[:wes] >> 0.5dt >> 1.2ssw,
            "Веселовка"
        );
    }

    with link = "line.ru.kg.2" {
        track(:first :double :pax, kalter[:wes + 1ssw, :gus - 1ssw]);
    }

    with link = "point.ru.kg.Гусев" {
        track(:first:station :double :pax, kalter[:gus - 1ssw, :gus + 1ssw]);
        marker(:de.bf :pax :left, kalter[:gus] << 0.5dt);
        slabel(:top :pax, kalter[:gus] << 0.5dt << 1.2ssw,
            vbox(:center:bottom :bold,
                span(:gone, "Gumbinnen"),
                "Гусев"
            )
        );
    }

    with link = "line.ru.kg.2" {
        track(:first :double :pax, kalter[:gus + 1ssw, :op1163 - 1ssw]);
    }

    with link = "point.ru.kg.2.1163-км" {
        track(:first:station :double :pax,
                kalter[:op1163 - 1ssw, :op1163 + 1ssw]
        );
        marker(:de.hp :pax :right, kalter[:op1163] >> 0.5dt);
        slabel(:right :pax, kalter[:op1163 - 1.0ssw] >> 0.5dt >> 2.4ssw,
            "1163 км"
        );
    }

    with link = "line.ru.kg.2" {
        track(:first :double :pax, kalter[:op1163 + 1ssw, :diw - 1ssw]);
        with layer = 1 line_badge(:open :pax, kalter[:op1163 + 2.6km], "2");
    }

    with link = "point.ru.Дивное-Новое" {
        track(:first:station :double :pax, kalter[:diw - 1ssw, :diw + 1ssw]);
        marker(:de.hp :pax :right, kalter[:diw] >> 0.5dt);
        slabel(:bottom, kalter[:diw] >> 0.5dt >> 1.2ssw,
            vbox(:center:top, "Дивное-", "Новое")
        );
    }

    with link = "line.ru.kg.2" {
        track(:first :double :pax, kalter[:diw + 1ssw, :nes - 1ssw]);
    }

    with link = "point.ru.Нестеров" {
        track(:first:station :double :pax, kalter[:nes - 1ssw, :nes + 1ssw]);
        marker(:de.bf :pax :left, kalter[:nes] << 0.5dt);
        slabel(:top :pax, kalter[:nes + 1dt] << 0.5dt << 1.2ssw,
            vbox(:center:bottom :bold,
                span(:gone, "Stallupönen"),
                span(:gone, "Ebenrode"),
                "Нестеров"
            )
        );
    }

    with link = "line.ru.kg.2" {
        track(:first :double :pax, kalter[:nes + 1ssw, :ter - 1ssw]);
        with layer = 1 line_badge(:open :pax, kalter[:nes + 5.0km], "2");
    }


    with link = "point.ru.Чернышевское" {
        track(:first:station :double :pax, kalter[:ter - 1ssw, :ter + 1ssw]);
        marker(:de.bf :pax :left, kalter[:ter] << 0.5dt);
        slabel(:left :pax, kalter[:ter + 0.5ssw] << 0.5dt << 1.0ssw,
            vbox(:right:bottom :bold,
                span(:gone, "Eydtkuhnen"),
                span(:gone, "Eydtkau"),
                "Чернышевское"
            )
        );
    }

    with link = "line.ru.kg.2" {
        track(:first :double :pax, kalter[:ter + 1ssw, :gr - 0.5ssw]);
    }


    with link = "point.int.Kybartai-Чернышевское" {
        track(:first:station :double :pax, kalter[:gr - 0.5ssw, :gr + 0.5ssw]);
        marker(:de.dirgr :right, kalter[:gr] >> 0.5dt);
        marker(:de.dirgr :left, kalter[:gr] << 0.5dt);
    }
}

