# RU KG 77.  Гвардейск Северный - Рощино
#
let gwaros = path("path.ru.kg.77");

with detail = 3 {
    with link = "line.ru.kg.77" {
        track(:third :narrower :removed, gwaros[:gws, :gho - 1ssw]);
    }

    with link = "point.ru.kg.Großhof" {
        track(:third:station :narrower :removed,
                gwaros[:gho - 1ssw, :gho + 1ssw]
        );
        marker(:de.kzst :right :removed, gwaros[:gho]);
        slabel(:right :removed, gwaros[:gws] >> 2.0dt - (0dt, 0.4ssw),
            "Großhof"
        );
    }

    with link = "line.ru.kg.77" {
        track(:third :narrower :removed, gwaros[:gho + 1ssw, :pri - 1ssw]);
    }

    with link = "point.ru.kg.Пригородное" {
        track(:third:station :narrower :removed,
                gwaros[:pri - 1ssw, :pri + 1ssw]
        );
        marker(:de.kzst :left :removed, gwaros[:pri]);
        slabel(:left :removed, gwaros[:pri] + (-1.8ssw, 0.4ssw),
            span(:designation, "Пригородное")
        );
    }

    with link = "line.ru.kg.77" {
        track(:third :narrower :removed, gwaros[:pri + 1ssw, :lus - 1ssw]);
    }

    with link = "point.ru.kg.Лужки" {
        track(:third:station :narrower :removed,
                gwaros[:lus - 1ssw, :lus + 1ssw]
        );
        marker(:de.kzst :right :removed, gwaros[:lus]);
        slabel(:left :removed, gwaros[:lus - 1.0ssw] << 1.0dt,
            span(:designation, "Лужки")
        );
    }

    with link = "line.ru.kg.77" {
        track(:third :narrower :removed, gwaros[:lus + 1ssw, :kir - 1ssw]);
        with layer = 1 line_badge(
            :removed, gwaros[:kir - 1.9km] << 0.2dt, "77"
        );
    }

    with link = "point.ru.kg.Звеньевое-Кирпичное" {
        track(:third:station :narrower :removed,
                gwaros[:kir - 1ssw, :kir + 1ssw]
        );
        marker(:de.kzst :left :removed, gwaros[:kir]);
        with layer = 2 slabel(:right :removed, gwaros[:kir + 1.0ssw] >> 0.5dt,
            vbox(:left:bottom :designation, "Звеньевое", "Кирпичное")
        );
    }

    with link = "line.ru.kg.77" {
        track(:third :narrower :removed, gwaros[:kir + 1ssw, :swe - 1ssw]);
    }

    with link = "point.ru.kg.Звеньевое" {
        track(:third:station :narrower :removed,
                gwaros[:swe - 1ssw, :swe + 1ssw]
        );
        marker(:de.kzst :left :removed, gwaros[:swe]);
        slabel(:left :removed, gwaros[:swe - 0.5ssw] << 2.5ssw,
            span(:designation, "Звеньевое")
        );
    }

    with link = "line.ru.kg.77" {
        track(:third :narrower :removed, gwaros[:swe + 1ssw, :kal - 1ssw]);
    }

    with link = "point.ru.kg.Калинково" {
        track(:third:station :narrower :removed,
                gwaros[:kal - 1ssw, :kal + 1ssw]
        );
        marker(:de.kzst :left :removed, gwaros[:kal]);
        slabel(:left :removed, gwaros[:kal - 1.2ssw] << 1.6ssw,
            span(:designation, "Калинково")
        );
    }

    with link = "line.ru.kg.77" {
        track(:third :narrower :removed, gwaros[:kal + 1ssw, :pru - 1ssw]);
    }

    with link = "point.ru.kg.Пружалы" {
        track(:third:station :narrower :removed,
                gwaros[:pru - 1ssw, :pru + 1ssw]
        );
        marker(:de.kzst :left :removed, gwaros[:pru]);
        slabel(:right :removed, gwaros[:pru + 0.6ssw] >> 1.0dt,
            span(:designation, "Пружалы")
        );
    }

    with link = "line.ru.kg.77" {
        track(:third :narrower :removed, gwaros[:pru + 1ssw, :pog - 1ssw]);
    }

    with link = "point.ru.kg.Pogirmen" {
        track(:third:station :narrower :removed,
                gwaros[:pog - 1ssw, :pog + 1ssw]
        );
        marker(:de.kzst :right :removed, gwaros[:pog]);
        slabel(:right :removed, gwaros[:pog + 0.5ssw] >> 1.5ssw, "Pogirmen");
    }

    with link = "line.ru.kg.77" {
        track(:third :narrower :removed, gwaros[:pog + 1ssw, :mar - 1ssw]);
    }

    with link = "point.ru.kg.Марково" {
        track(:third:station :narrower :removed,
                gwaros[:mar - 1ssw, :mar + 1ssw]
        );
        marker(:de.kzst :right :removed, gwaros[:mar]);
    }

    with link = "line.ru.kg.77" {
        track(:third :narrower :removed, gwaros[:mar + 1ssw, :jab - 1ssw]);
    }

    with link = "point.ru.kg.Яблоновка" {
        track(:third:station :narrower :removed,
                gwaros[:jab - 1ssw, :jab + 1ssw]
        );
        marker(:de.kzst :left :removed, gwaros[:jab]);
        slabel(:bottom :removed, gwaros[:jab] << 1.0ssw,
            span(:designation, "Яблоновка")
        );
    }

    with link = "line.ru.kg.77" {
        track(:third :narrower :removed, gwaros[:jab + 1ssw, :mal - 1ssw]);
    }

    with link = "point.ru.kg.Малиновка-Рощино" {
        track(:third:station :narrower :removed,
                gwaros[:mal - 1ssw, :mal + 1ssw]
        );
        marker(:de.kzst :right :removed, gwaros[:mal]);
    }

    with link = "line.ru.kg.77" {
        track(:third :narrower :removed, gwaros[:mal + 1ssw, :pos - 1ssw]);
    }

    # point.ru.kg.Рощино: ru.kg.60
}

