# DE 1103.  Fehmarnsund - Orth (Fehmarn)
#
let fo = path("d4.de.1103");

with detail = 3 {
    with link = "point.de.Fehmarnsund" {
        track(:third:station :removed, fo[:feh.a, :feh.a + 1.5ssw]);
        marker(:de.bf :removed :right, fo[:feh.a + 0.5sw]);
        slabel(:right :removed, fo[:feh.a] >> 2.1ssw,
            span(:bold, "Fehmarnsund")
        );
    }

    with link = "line.de.1103" {
        track(:third :removed, fo[:feh.f, :wul - 1ssw]);
    }

    with link = "point.de.Wulfen-Fehmarn" {
        track(:third:station :removed, fo[:wul - 1ssw, :wul + 1ssw]);
        marker(:de.hp :removed :left, fo[:wul]);
        slabel(:right :removed, fo[:wul - 0.4ssw] >> 1dt >> 3pt,
            hbox(:center:base,
                span(:regular, "Wulfen "),
                span(:light, "(Fehmarn)")
            )
        );
    }

    with link = "line.de.1103" {
        track(:third :removed, fo[:wul + 1ssw, :bus - 1ssw]);

        guide(:linenum :removed,
                fo[:wul + 1km] << 0.7dt
            --  fo[:wul + 1km] << 2dt
        );
        label(:linenum, fo[:wul + 1km] << 2dt,
            hbox(:center:bottom :badgesize :removed, "1103")
        );
    }

    with link = "point.de.Burgstaaken" {
        track(:third:station :removed, fo[:bus - 1ssw, :bus + 1ssw]);
        marker(:de.hp :removed :right, fo[:bus]);
        slabel(:right :removed, fo[:bus - 0.1ssw] >> 1.8ssw,
            "Burgstaaken"
        );
    }

    with link = "line.de.1103" {
        track(:third :removed, fo[:bus + 1ssw, :bur - 1ssw]);
    }

    with link = "point.de.Burg-Fehmarn" {
        track(:second:station :removed, fo[:bur - 1ssw, :bur - 0.5ssw]);
        track(:second:station, fo[:bur - 0.5ssw, :bur + 1ssw]);

        marker(:de.bftp :right, fo[:bur]);
        with layer = -1 marker(:de.bf :gone :right, fo[:bur]);
        slabel(:right, fo[:bur - 0.6ssw] >> 1.4ssw,
            span(:bold, "Fehmarn-Burg")
        );
    }

    with link = "line.de.1103", layer = -2 {
        let lp = path("d4.de.1100");

        track(:second,
                fo[:bur + 1ssw, :bur + 1.1ssw]
            ..  lp[:fort + 0.1ssw, :fort]
        );
        track(:second :removed,
                lp[:fort + 0.1ssw, :fort]
            ..  fo[:fort + 300m, :lan - 1ssw]
        );
    }

    with link = "point.de.Landkirchen" {
        track(:third:station :removed, fo[:lan - 1ssw, :lan + 1ssw]);
        marker(:de.bf :removed :left, fo[:lan]);
        slabel(:left:removed, fo[:lan - 0.7ssw] << 2.8ssw + (1ssw, 0ssw),
            "Landkirchen"
        );
    }

    with link = "line.de.1103" {
        track(:third :removed, fo[:lan + 1ssw, :aje - 1ssw]);

        guide(:linenum :removed,
                fo[:lan + 1km] >> 0.7dt
            --  fo[:lan + 1km] >> 2dt
        );
        label(:linenum, fo[:lan + 1km] >> 2dt,
            hbox(:center:bottom :badgesize :removed, " 1103")
        );
    }

    with link = "point.de.Alt-Jellingsdorf" {
        track(:third:station :removed, fo[:aje - 1ssw, :aje + 1ssw]);
        marker(:de.hp :removed :left, fo[:aje]);
        slabel(:left :removed, fo[:aje - 0.7ssw] << 3.0ssw + (2ssw, 0ssw),
            "Alt Jellingsd."
        );
    }

    with link = "line.de.1103" {
        track(:third :removed, fo[:aje + 1ssw, :lem - 1ssw]);
    }

    with link = "point.de.Lemkendorf" {
        track(:third:station :removed, fo[:lem - 1ssw, :lem + 1ssw]);
        marker(:de.hst :removed :right, fo[:lem]);
        with layer = -1 marker(:de.bf :gone :right, fo[:lem]);
        slabel(:right :removed, fo[:lem] >> 1.4ssw, "Lemkendorf");
    }

    with link = "line.de.1103" {
        track(:third :removed, fo[:lem + 1ssw, :pet - 1ssw]);
    }

    with link = "point.de.Petersdorf-Fehmarn" {
        track(:third:station :removed, fo[:pet - 1ssw, :pet + 1ssw]);
        marker(:de.bf :removed :right, fo[:pet]);
        slabel(:top :removed, fo[:pet] >> 1.4ssw,
            vbox(:center:base,
                span(:regular, "Petersdorf"),
                span(:light, "(Fehmarn)")
            )
        );
    }

    with link = "line.de.1103" {
        track(:third :removed, fo[:pet + 1ssw, :ort - 1ssw]);
    }

    with link = "point.de.Orth-Fehmarn" {
        track(:third:station :removed, fo[:ort - 1ssw, :ort.f]);
        marker(:de.hst :removed :left, fo[:ort]);
        with layer = -1 marker(:de.bf :gone :left, fo[:ort]);
        slabel(:left :removed, fo[:ort + 0.4ssw] >> 1dt,
            hbox(:center:base,
                span(:bold, "Orth "),
                span(:regular, "(Fehmarn)")
            )
        );
    }
}

