#   DE 1245.  Hamburg-Rothenburgsort - Hamburg Hbf
#
let rh = path("d4.de.1245");

with detail = 5 {
    # point.de.Hamburg-Rothenburgsort-Ro: de.1280


    with link = "line.de.1245" {
        track(:second, rh[:rot.g, :ham.a]);
        with layer = 1 line_badge(:open, rh[:ham.a - 150m], "1245");
    }


    #--- Hamburg Hbf, Gl. 91 - 96
    #
    with link = "point.de.Hamburg-Hbf" {
        let w502 = rh[:w502 - 1m, :w502];
        let w503 = rh[:w502 + 30m] << 0.30dt
                -- rh[:w502 + 35m] << 0.40dt;
        let w504 = rh[:w502 + 34m, :w502 + 35m];
        let w505 = rh[:w502 + 79m, :w502 + 80m];
        let w506 = rh[:w502 + 75m] >> 1.15dt
                -- rh[:w502 + 80m] >> 1.33dt;
        let w511 = rh[:w515 - 80m] << 0.40dt
                -- rh[:w515 - 75m] << 0.30dt;
        let w512 = rh[:w515 - 60m, :w515 - 59m];
        let w513 = rh[:w515 - 50m] >> 0.5dt
                -- rh[:w515 - 45m] >> 0.40dt;
        let w514 = rh[:w515 - 20m, :w515 - 19m];
        let w515 = rh[:w515, :w515 + 1m];

        # Gl. 91
        track(:station,
                w506
            ..  rh[:w502 + 120m, :w515 - 130m] >> 3dt
            ..  w515
        );

        # Gl. 92
        track(:second:station,
                rh[:ham.a, :w502 + 35m]
            ..  w506
            ..  rh[:w502 + 120m, :w515 - 130m] >> 2dt
            ..  w513
            ..  rh[:w515 - 20m, :w515 + 50m]
        );

        # Gl. 93
        with layer = -1 track(:station :removed,
                w505
            ..  rh[:w502 + 120m, :w502 + 121m] >> 1dt
        );
        track(:station,
                rh[:w502 + 120m, :w515 - 130m] >> 1dt
            ..  w513
        );

        # Gl. 94
        track(:station,
                rh[:w502 + 35m,  :w515 - 20m]
        );

        # Gl. 95
        track(:station,
                w502
            ..  w503
            ..  rh[:w502 + 120m, :w515 - 150m] << 1dt
            ..  w511
            ..  w512
        );

        # Gl. 96
        with layer = -1 track(:station :closed,
                w503
            ..  rh[:w502 + 120m, :w515 - 150m] << 2dt
            ..  w511
        );
    }

    #--- Hamburg Hbf, Gl. 59 - 87
    #
    with link = "point.de.Hamburg-Hbf" {
        let w101 = rh[:ber - 66m, :ber - 65m];
        let w102 = rh[:ber - 30m] << 0.3dt
                -- rh[:ber - 25m] << 0.4dt;
        let w106 = rh[:ber + 39m, :ber + 40m] << 10dt;
        let w111 = rh[:ber + 40m, :ber + 41m] >> 3dt;
        let w112 = rh[:ber - 5m, :ber - 4m] >> 3dt;
        let w113 = rh[:ber - 30m, :ber - 29m] >> 3dt;
        let w114 = rh[:ber - 61m, :ber - 60m] >> 2dt;
        let w115 = rh[:ber - 60m] >> 3.7dt
                -- rh[:ber - 55m] >> 3.5dt;
        let w116 = rh[:ber - 90m] >> 4.6dt
                -- rh[:ber - 85m] >> 4.5dt;
        let w121 = rh[:ber + 195m, :ber + 200m] >> 11dt;
        let w122 = rh[:ber + 215m, :ber + 220m] >> 11dt;
        let w125 = rh[:ber + 155m, :ber + 160m] >> 11dt;
        let w126 = rh[:ber + 220m] >> 9.30dt
                -- rh[:ber + 225m] >> 9.00dt;
        let w127 = rh[:ber + 240m] >> 8.00dt
                -- rh[:ber + 245m] >> 7.70dt;
        let w128 = rh[:ber + 270m] >> 5.70dt
                -- rh[:ber + 275m] >> 5.25dt;
        let w129 = rh[:ber + 280m] >> 4.53dt
                -- rh[:ber + 285m] >> 4.35dt;
        let w130 = rh[:ber + 310m] >> 3.35dt
                -- rh[:ber + 315m] >> 3.10dt;
        let w131 = rh[:ber + 350m] >> 0.70dt
                -- rh[:ber + 355m] >> 0.30dt;
        let w132 = rh[:ber + 380m] << 1.10dt
                -- rh[:ber + 385m] << 1.30dt;
        let w135 = rh[:ber + 380m] << 2.40dt
                -- rh[:ber + 385m] << 2.60dt;
        let w141 = rh[:ber + 140m, :ber + 141m] >> 3dt;
        let w142 = rh[:ber + 199m, :ber + 200m] >> 3dt;
        let w143 = rh[:ber + 220m, :ber + 221m];
        let w144 = rh[:ber + 205m] << 0.4dt
                -- rh[:ber + 210m] << 0.3dt;
        let w145 = rh[:ber + 240m, :ber + 241m];
        let w146 = rh[:ber + 270m, :ber + 271m];
        let w147 = rh[:ber + 300m] << 0.15dt
                -- rh[:ber + 305m] << 0.20dt;
        let w148 = rh[:ber + 300m] << 0.15dt
                -- rh[:ber + 305m] << 0.20dt;
        let w149 = rh[:ber + 270m] << 5.25dt
                -- rh[:ber + 275m] << 5.20dt;
        let w150 = rh[:ber + 300m] << 4.88dt
                -- rh[:ber + 305m] << 4.82dt;
        let w151 = rh[:ber + 330m] << 4.60dt
                -- rh[:ber + 335m] << 4.58dt;
        let w152 = rh[:ber + 370m, :ber + 371m] << 4.50dt;
        let w153 = rh[:ber + 400m, :ber + 401m] << 4.50dt;
        let w155 = rh[:ber + 290m] << 8.30dt
                -- rh[:ber + 295m] << 8.00dt;
        let w156 = rh[:ber + 320m] << 6.58dt
                -- rh[:ber + 325m] << 6.40dt;
        let w157 = rh[:ber + 350m] << 5.58dt
                -- rh[:ber + 355m] << 5.52dt;
        let w158 = rh[:ber + 340m] << 6.44dt
                -- rh[:ber + 345m] << 6.20dt;
        let w159 = rh[:ber + 370m] << 5.35dt
                -- rh[:ber + 375m] << 5.3dt;
        let w160 = rh[:ber + 330m] << 7.93dt
                -- rh[:ber + 335m] << 7.60dt;
        let w162 = rh[:ber + 370m] << 5.95dt
                -- rh[:ber + 375m] << 5.8dt;
        let w163 = rh[:ber + 400m] << 5.05dt
                -- rh[:ber + 405m] << 5.0dt;
        let w164 = rh[:ham - 600m, :ham - 599m] << 4.5dt;

        # Gl. 59
        track(:station :cat:ac15,
                rh[:ber + 260m] << 15.30dt
            --  rh[:ber + 265m] << 15.05dt
            ..  w162
        );

        # Gl. 60
        track(:station :cat:ac15,
                rh[:ber + 250m] << 14.50dt
            --  rh[:ber + 255m] << 14.30dt
            ..  w160
        );

        # Gl. 61
        track(:station :cat:ac15,
                rh[:ber + 240m] << 13.70dt
            --  rh[:ber + 245m] << 13.51dt
            ..  w160
            ..  w162
            ..  w163
        );

        # Gl. 62
        track(:station :cat:ac15,
                rh[:ber + 230m] << 12.80dt
            --  rh[:ber + 235m] << 12.65dt
            ..  w158
        );

        # Gl. 63
        track(:station :cat:ac15,
                rh[:ber + 220m] << 12.00dt
            --  rh[:ber + 225m] << 11.85dt
            ..  w158
            ..  w159
        );

        # Gl. 64
        track(:station :cat:ac15,
                rh[:ber + 110m, :ber + 140m] << 12dt
            ..  w155
        );

        # Gl. 65
        track(:station :cat:ac15,
                w106
            ..  rh[:ber + 110m, :ber + 140m] << 11dt
            ..  w155
            ..  w156
        );


        # Gl. 66
        track(:station :cat:ac15,
                rh[:ber, :ber + 140m] << 10dt
            ..  w156
            ..  w157
        );

        # Gl. 67
        track(:station :cat:ac15,
                rh[:ber - 25m, :ber + 140m] << 9dt
            ..  w157
            ..  w159
            ..  w163
            ..  w164
        );

        # Gl. 68
        track(:station :cat:ac15,
                rh[:ber - 50m, :ber + 140m] << 8dt
            ..  w153
        );

        # Gl. 69
        track(:station :cat:ac15,
                rh[:ber - 50m, :ber + 140m] << 7dt
            ..  w151
        );

        # Gl. 70
        track(:station :cat:ac15,
                rh[:ber - 50m, :ber + 140m] << 6dt
            ..  w149
            ..  w150
            ..  w151
            ..  rh[:ber + 370m, :ham - 600m] << 4.5dt
        );

        # Gl. 71
        track(:station :cat:ac15,
                rh[:ber + 25m, :ber + 140m] << 5dt
            ..  w149
        );

        # Gl. 72
        track(:station :cat:ac15,
                rh[:ber + 25m, :ber + 140m] << 4dt
            ..  w150
        );

        # Gl. 73
        track(:station :cat:ac15,
                rh[:ber + 30m, :ber + 150m] << 3dt
            ..  w146
        );

        # Gl. 74
        track(:station :cat:ac15,
                w102
            ..  rh[:ber + 30m, :ber + 150m] << 2dt
            ..  w144
        );

        # Gl. 75
        track(:station :cat:ac15,
                w101
            ..  w102
            ..  rh[:ber + 30m, :ber + 150m] << 1dt
            ..  w144
            ..  w145
        );


        # Gl. 76
        track(:second:station :cat:ac15,
                rh[:w515 + 50m, :w515 + 51m]
            ..  rh[:ber - 70m, :ber + 280m]
            ..  w147
            ..  w135
            ..  rh[:ham - 600m, :ham - 599m] << 3.5dt
        );

        # Gl. 77
        track(:station,
                rh[:ber - 135m, :ber + 160m] >> 1dt
            ..  w143
        );

        # Gl. 78
        track(:station,
                rh[:ber - 130m, :ber + 80m] >> 2dt
            ..  w141
        );

        # Gl. 79
        track(:station,
                rh[:ber - 130m, :ber + 220m] >> 3dt
            ..  w135
        );

        # Gl. 80
        track(:station :cat:ac15,
                rh[:ber + 40m, :ber + 225m] >> 4dt
            ..  w132
            ..  rh[:ham - 600m, :ham - 599m] << 2.5dt
        );

        # Gl. 81
        track(:station :cat:ac15,
                rh[:ber + 40m, :ber + 220m] >> 5dt
            ..  w131
            ..  w132
        );

        # Gl. 82
        track(:station :cat:ac15,
                rh[:ber + 40m, :ber + 220m] >> 6dt
            ..  w129
            ..  w130
            ..  w131
        );

        # Gl. 83
        track(:station :cat:ac15,
                rh[:ber + 40m, :ber + 220m] >> 7dt
            ..  w129
        );

        # Gl. 84
        track(:station :cat:ac15,
                rh[:ber + 40m, :ber + 210m] >> 8dt
            ..  w128
            ..  w130
        );

        # Gl. 85
        track(:station :cat:ac15,
                rh[:ber + 40m, :ber + 200m] >> 9dt
            ..  w127
            ..  w128
        );

        # Gl. 86
        track(:station :cat:ac15,
                rh[:ber + 40m, :ber + 190m] >> 10dt
            ..  w126
            ..  w127
        );

        # Gl. 87
        track(:station :cat:ac15,
                rh[:ber + 40m, :ber + 160m] >> 11dt
            ..  w126
        );

        # Gl. 88
        track(:station,
                w121
            ..  rh[:ber + 270m, :ber + 280m] >> 9dt
        );

        # Gl. 89
        track(:station,
                w122
            ..  rh[:ber + 260m, :ber + 300m] >> 10dt
        );

        # Gl. 90
        track(:station, rh[:ber + 160m, :ber + 220m] >> 11dt);
        with layer = -1 track(:station :removed,
                rh[:ber + 220m, :ber + 260m] >> 11dt
        );


        # Gl. 192
        track(:station,
                rh[:ber - 150m, :ber - 120m] >> 4dt
            ..  w116
        );

        # Gl. 193
        track(:station,
                rh[:ber - 150m, :ber - 120m] >> 5dt
            ..  w116
            ..  w115
        );

        # Gl. 194
        track(:station,
                rh[:ber - 150m, :ber - 120m] >> 6dt
            ..  w115
            ..  w113
        );

        # Gl. 195
        track(:station,
                rh[:ber - 25m, :ber] >> 4.5dt
            ..  w111
        );

        # W114 - W112
        track(:station, w114 .. w112);

        # W142 - W147
        track(:station, w142 .. w147);

        marker(:de.stw :right, rh[:ber + 280m] >> 10dt);
        slabel(:left, rh[:ber + 280m] >> 10.5dt - (1.5dt, 0.5dt), "Hzf");
    }

    # Hamburg Hbf: de.6100
}
