# GB LU BL.  Elephant & Castle - Queen’s Park
with detail = 2 {
    let bl = path("d2.gb.lu.bl");

    with link = "line.gb.LU.BL" {
        track(:first :double :rail:rc75 :pax, bl[:ele, :bak.yb]); 
        track(:first :double :rail:rc75 :pax, bl[:edg.y, :que.yb]); 
    }
}


# GB LU CE.  North Acton - Ealing Broadway
with detail = 2 {
    let ne = path("d2.gb.lu.ce");

    with link = "line.gb.LU.CE" {
        track(:first :double :rail:rc75 :pax, ne[:nac.ye, :eal.yn]);
    }
}


# GB LU CH.  Woodford Junction - Leytonstone
with detail = 2 {
    let ch = path("d2.gb.lu.ch");

    with link = "line.gb.LU.CH" {
        track(:first :double :rail:rc75 :pax, ch[:woo.yh, :les.yh]);
    }
}


# GB LU CT.  Ongar - West Ruislip
with detail = 2 {
    let ct = path("d2.gb.lu.ct");

    with link = "line.gb.LU.CT" {
        track(:first, ct[:ong, :epp]);
        track(:first :double :rail:rc75 :pax, ct[:epp, :mil.ys]);
        track(:first :double :rail:rc75 :pax, ct[:mil, :sru]);
    }

    with link = "point.gb.Ongar" {
        with layer = 1 marker(:statdot, ct[:ong]);
        slabel(:right, ct[:ong] + (1.5dt, 1.0dt), "Ongar");
    }

    with link = "point.gb.Epping" {
        with layer = 1 marker(:statdot :rail:rc75 :pax, ct[:epp]);
        slabel(:left :rail:rc75 :pax, ct[:epp] + (-1.5dt, 0.8dt), "Epping");
    }

    with link = "point.gb.Woodford" {
        with layer = 1 marker(:statdot :rail:rc75 :pax, ct[:woo]);
    }

    with link = "point.gb.Leytonstone" {
        with layer = 1 marker(:statdot :rail:rc75 :pax, ct[:les]);
    }

    with link = "point.gb.North-Acton" {
        with layer = 1 marker(:statdot :rail:rc75 :pax, ct[:nac]);
    }
}


# GB LU DE.  Praed Street Junction - Gloucester Road Junction
with detail = 2 {
    let de = path("d2.gb.lu.de");

    with link = "line.gb.LU.DE" {
        track(:first :double :rail:rc75 :pax, de[:pra, :glo]);
    }
}

# GB LU DT.  Upminster - Ealing Broadway
with detail = 2 {
    let dt = path("d2.gb.lu.dt");

    with link = "line.gb.LU.DT" {
        track(:first :double :rail:rc75 :pax, dt[:upm, :bar.yu]);
        track(:first :double :rail:rc75 :pax, dt[:bar.ym, :eal.ya]);
    }

    with link = "point.gb.Upminster" {
        with layer = 1 marker(:statdot :rail:rc75 :pax, dt[:upm]);
    }

    with link = "point.gb.Barking" {
        with layer = 1 marker(:statdot :rail:rc75 :pax, dt[:bar]);
    }

    with link = "point.gb.Mile-End" {
        with layer = 1 marker(:statdot :rail:rc75 :pax, dt[:mil]);
    }

    with link = "point.gb.Tower-Hill" {
        with layer = 1 marker(:statdot :rail:rc75 :pax, dt[:tow]);
    }

    with link = "point.gb.Earls-Court" {
        with layer = 1 marker(:statdot :rail:rc75 :pax, dt[:ear]);
    }

    with link = "point.gb.Hammersmith" {
        with layer = 1 marker(:statdot :rail:rc75 :pax, dt[:ham]);
    }

    with link = "point.gb.Acton-Town" {
        with layer = 1 marker(:statdot :rail:rc75 :pax, dt[:act]);
    }
}


# GB LU DW.  Earls Court - East Putney Junction
with detail = 2 {
    let dw = path("d2.gb.lu.dw");

    with link = "line.gb.LU.DW" {
        track(:first :double :rail:rc75 :pax, dw[:ear.yw, :wbr.ye]);
        track(:first :double :rail:rc75 :pax, dw[:wbr.yp, :epu]);
    }

    with link = "point.gb.East-Putney" {
        with layer = 1 marker(:statdot :rail:rc75 :pax, dw[:epu]);
    }
}


# GB LU HC.  Baker Street Junction - Hammersmith
with detail = 2 {
    let hc = path("d2.gb.lu.hc");

    with link = "line.gb.LU.HC" {
        track(:first :double :rail:rc75 :pax, hc[:baj, :pic.yp]);
        track(:first :double :rail:rc75 :pax, hc[:pic.yh, :ham]);
    }
}


# GB LU MC.  Chalfont & Latimer - Chesham
with detail = 2 {
    let mc = path("d2.gb.lu.mc");

    with link = "line.gb.LU.MC" {
        track(:first :rail:rc75 :pax, mc[:cha.yc, :che]);
    }

    with link = "point.gb.Chesham" {
        with layer = 1 marker(:statdot :rail:rc75 :pax, mc[:che]);
        slabel(:top :rail:rc75 :pax, mc[:che] + (0dt, -0.8dt), "Chesham");
    }
}


# GB LU MT.  Aldgate - Amersham
with detail = 2 {
    let mt = path("d2.gb.lu.mt");

    with link = "line.gb.LU.MT" {
        track(:first :double :rail:rc75 :pax, mt[:mij, :liv.y]);
        with layer = -1 track(:first :double :rail:rc75 :pax,
                mt[:kcp.y, :ame]
        );
    }

    with link = "point.gb.Aldgate" {
        with layer = 1 marker(:statdot :rail:rc75 :pax, mt[:ald]);
    }

    with link = "point.gb.Baker-Street" {
        with layer = 1 marker(:statdot :rail:rc75 :pax, mt[:bak]);
    }

    with link = "point.gb.Harrow-on-the-Hill" {
        with layer = 1 marker(:statdot :rail:rc75 :pax, mt[:har]);
    }

    with link = "point.gb.Chalfont-Latimer" {
        with layer = 1 marker(:statdot :rail:rc75 :pax, mt[:cha]);
    }

    with link = "point.gb.Amersham" {
        with layer = 1 marker(:statdot :rail:rc75 :pax, mt[:ame]);
        slabel(:left :rail:rc75 :pax, mt[:ame] + (1.0dt, 0.8dt),
            hbox(:right:top, "Amersham")
        );
    }
}


# GB LU MU.  Harrow-on-the-Hill - Uxbridge
with detail = 2 {
    let mu = path("d2.gb.lu.mu");

    with link = "line.gb.LU.MU" {
        track(:first :double :rail:rc75 :pax, mu[:har.yu, :uxb]);
    }

    with link = "point.gb.Rayners-Lane" {
        with layer = 1 marker(:statdot :rail:rc75 :pax, mu[:ray]);
    }

    with link = "point.gb.Uxbridge" {
        with layer = 1 marker(:statdot :rail:rc75 :pax, mu[:uxb]);
        slabel(:left :rail:rc75 :pax, mu[:uxb] + (-1.5dt, 0.8dt), "Uxbridge");
    }
}


# GB LU NB.  Morden - Edgware
with detail = 2 {
    let nb = path("d2.gb.lu.nb");

    with link = "line.gb.LU.NB" {
        track(:first :double :rail:rc75 :pax, nb[:mor, :edg]);
    }

    with link = "point.gb.Morden" {
        with layer = 1 marker(:statdot :rail:rc75 :pax, nb[:mor]);
    }

    with link = "point.gb.Kennington" {
        with layer = 1 marker(:statdot :rail:rc75 :pax, nb[:ken]);
    }

    with link = "point.gb.Bank" {
        with layer = 1 marker(:statdot :rail:rc75 :pax, nb[:ban]);
    }

    with link = "point.gb.Camden-Town" {
        with layer = 1 marker(:statdot :rail:rc75 :pax, nb[:cam]);
    }

    with link = "point.gb.Edgware" {
        with layer = 1 marker(:statdot :rail:rc75 :pax, nb[:edg]);
    }
}


# GB LU NC.  Kennington - High Barnet
with detail = 2 {
    let nc = path("d2.gb.lu.nc");

    with link = "line.gb.LU.NC" {
        track(:first :double :rail:rc75 :pax, nc[:ken, :cam.yc]);
        track(:first :double :rail:rc75 :pax, nc[:cam, :hba]);
    }

    with link = "point.gb.Highgate" {
        with layer = 1 marker(:statdot :rail:rc75 :pax, nc[:hga]);
    }

    with link = "point.gb.Finchley-Central" {
        with layer = 1 marker(:statdot :rail:rc75 :pax, nc[:fic]);
    }

    with link = "point.gb.High-Barnet" {
        with layer = 1 marker(:statdot :rail:rc75 :pax, nc[:hba]);
    }
}


# GB LU NM.  Finchley Central - Mill Hill East
with detail = 2 {
    let nm = path("d2.gb.lu.nm");

    with link = "line.gb.LU.NM" {
        track(:first :rail:rc75 :pax, nm[:fic.ym, :mil]);
    }

    with link = "point.gb.Mill-Hill-East" {
        with layer = 1 marker(:statdot :rail:rc75 :pax, nm[:mil]);
    }
}


# GB LU NP.  Kennington Park Junction - Battersea Power Station
with detail = 2 {
    let np = path("d2.gb.lu.np");

    with link = "line.gb.LU.NP" {
        track(:first :double :rail:rc75 :pax, np[:ken.yb, :bat]);
    }

    with link = "point.gb.Battersea-Power-Station" {
        with layer = 1 marker(:statdot :rail:rc75 :pax, np[:bat]);
    }
}


# GB LU WN.  Watford East Junction - Watford North Junction
with detail = 2 {
    with link = "line.gb.LU.WN" {
        track(:first :double :rail:rc75 :pax,
                path("d2.gb.lu.wn")[:wej, :wnj]
        );
    }
}


# GB LU WS.  Watford South Junction - Watford
with detail = 2 {
    let ws = path("d2.gb.lu.ws");

    with link = "line.gb.LU.WS" {
        track(:first :double :rail:rc75 :pax, ws[:wsj, :wat]);
    }

    with link = "point.gb.Watford" {
        with layer = 1 marker(:statdot :rail:rc75 :pax, ws[:wat]);
        slabel(:left :rail:rc75 :pax, ws[:wat] + (2.0dt, -1.5dt), "Watford");
    }
}

