with detail = 1 {
    with link = "line.de.3500" {
        track(:second :closed, path("d1.de.3500")[:wie.yz, :die.yz]);
    }

    with link = "line.de.3501" {
        track(:first :pax, path("d1.de.3501")[:kin.yn, :nha.yw]);
    }

    with link = "line.de.3504" {
        track(:second :removed, path("d1.de.3504")[:waa, :wwe]);
    }

    with link = "line.de.3507" {
        track(:first :double :cat:ac15 :pax,
                path("d1.de.3507")[:wos.yn, :nlay]
        );
    }

    with link = "line.de.3509" {
        track(:first :double :cat:ac15 :pax,
                path("d1.de.3509")[:bre.yw, :wie.yn]
        );
    }

    with link = "line.de.3510" {
        track(:first :double :cat:ac15 :pax, path("d1.de.3510")[:bin, :mai]);
    }

    with link = "line.de.3512" {
        track(:first :double :pax, path("d1.de.3512")[:gau.yk, :kre]);
    }

    with link = "line.de.3514" {
        track(:first :removed, path("d1.de.3513")[:roc, :ock.yr]);
    }

    with link = "line.de.3514" {
        track(:first :double :removed, path("d1.de.3514")[:flo, :shm]);
    }

    with link = "line.de.3520" {
        track(:first :double :cat:ac15 :pax, path("d1.de.3520")[:mai, :fra]);
    }

    with link = "line.de.3522" {
        track(:first :double :cat:ac15 :pax,
                path("d1.de.f.3522")[:mar.yw, :wog]
        );
    }

    with link = "line.de.3523" {
        let mm = path("d1.de.3523");

        track(:second :pax, mm[:mog, :alz.ym]);
        track(:first :pax, mm[:arm.ym, :mai.yw]);
    }

    with link = "line.de.3524" {
        track(:station, path("d1.de.3524")[:mai.yh, :zol]);
    }

    with link = "line.de.3525" {
        let mb = path("d1.de.3525");

        track(:first :double :cat:ac15 :pax, mb[:kai, :kos]);
        track(:first :double :cat:ac15 :pax, mb[:kos.yb, :bis.yk]);
    }

    with link = "line.de.3527" {
        track(:first :double :cat:ac15 :pax, path("d1.de.3527")[:mai.yw, :kai]);
    }

    with link = "line.de.3530" {
        track(:first :double :cat:ac15 :pax,
                path("d1.de.3530")[:bis.yd, :dar.ym]
        );
    }

    with link = "line.de.3541" {
        track(:first :double :removed, path("d1.de.3541")[:god.yd, :dar.ym]);
    }

    with link = "line.de.3543" {
        track(:second :pax, path("d1.de.3543")[:ebe.yp, :pfu]);
    }

    with link = "line.de.3554" {
        track(:second :pax, path("d1.de.3554")[:dno.yo, :gum.yd]);
    }

    with link = "line.de.3555" {
        track(:second :removed, path("d1.de.3555")[:dos.yz, :gzo.yd]);
    }

    with link = "line.de.3557" {
        track(:first :double :cat:ac15 :pax,
                path("d1.de.3557")[:dar.yn, :asa.yd]
        );
    }

    with link = "line.de.3558" {
        track(:station :removed, path("d1.de.3558")[:bab.yz, :ind]);
    }

    with link = "line.de.3560" {
        let wb = path("d1.de.3560");

        track(:first :double :pax, wb[:wor.ym, :mon]);
        track(:first :pax, wb[:mon, :alz.ym]);
        track(:first :double :pax, wb[:alz.ym, :arm.ym]);
        track(:first :pax, wb[:arm.ym, :gen.ya]);
    }

    with link = "line.de.3561" {
        track(:second :pax, path("d1.de.3561")[:mar.ym, :mon.ym]);
    }

    with link = "line.de.3562" {
        track(:second :removed, path("d1.de.3562")[:arm.yw, :wen]);
    }

    with link = "line.de.3563" {
        track(:second :removed, path("d1.de.3563")[:bod.yu, :alz.yg]);
    }

    with link = "line.de.3564" {
        track(:second :removed, path("d1.de.3564")[:gau.yo, :oho]);
    }

    with link = "line.de.3565" {
        track(:second :removed, path("d1.de.3565")[:wor.yb, :gun]);
    }

    with link = "line.de.3566" {
        track(:second :removed, path("d1.de.3566")[:wor.yo, :ofg]);
    }

    with link = "line.de.3567" {
        track(:second :removed, path("d1.de.3567")[:und.yn, :nie.yu]);
    }

    with link = "line.de.3568" {
        track(:second :removed, path("d1.de.3568")[:spr.yf, :fur]);
    }

    with link = "line.de.3569" {
        track(:first :pax, path("d1.de.3569")[:ock.yr, :bis.yb]);
    }

    with link = "line.de.3570" {
        track(:first :double :cat:ac15 :pax,
                path("d1.de.3570")[:wor.yb, :bib.yw]
        );
    }

    with link = "line.de.3571" {
        track(:first :pax, path("d1.de.3571")[:hof.yb, :ben.yh]);
    }

    with link = "line.de.3572" {
        let og = path("d1.de.3572");

        track(:second, og[:oho.yg, :ind]);
        track(:second :removed, og[:ind, :gun.yo]);
    }

    with link = "line.de.3574" {
        track(:second, path("d1.de.3574")[:wor.yh, :haf]);
    }

    with link = "line.de.3575" {
        track(:second :removed, path("d1.de.3575")[:lam.yw, :lda]);
    }

    with link = "line.de.3577" {
        track(:second :removed, path("d1.de.3577")[:lor.yh, :hep.yl]);
    }

    with link = "line.de.3578" {
        let lw = path("d1.de.3578");

        track(:second :removed, lw[:lam.yv, :vie.x]);
        track(:station, lw[:vie.x, :wei.yl]);
    }
}

