with detail = 1 {
    with link = "line.de.3600" {
        let fg = path("d1.de.f.3600");

        track(:first :double :cat:ac15 :pax, fg[:fra.yn, :bro.yh]);
        track(:first :double :cat:ac15 :pax, fg[:ful.yb, :beb.yh]);
        track(:first :double :cat:ac15 :pax, fg[:beb.ye, :eic]);
    }

    with link = "line.de.3601" {
        track(:first :double :cat:ac15 :pax,
                path("d1.de.f.3601")[:nec.yl, :hep]
        );
    }

    with link = "line.de.3603" {
        track(:first :double :cat:ac15 :pax,
                path("d1.de.3603")[:fra.yh, :wie]
        );
    }

    with link = "line.de.3610" {
        let fe = path("d1.de.3610");

        track(:first :double :cat:ac15 :pax, fe[:fra.yg, :hoc.yg]);
        track(:first :double :cat:ac15 :pax, fe[:hoc.yn, :esc.yn]);
    }

    with link = "line.de.3611" {
        let ff = path("d1.de.3611");

        track(:first :double :cat:ac15 :pax, ff[:fwe.yr, :fdo]);
        track(:first :pax, ff[:fdo, :fri.yf]);
    }

    with link = "line.de.3613" {
        track(:first :cat:ac15 :pax, path("d1.de.3613")[:reb, :nid]);
    }

    with link = "line.de.3615" {
        let fk = path("d1.de.3615");

        track(:first :double :cat:ac15 :pax, fk[:rod.yk, :nho]);
        track(:first :cat:ac15 :pax, fk[:nho, :kro]);
    }

    with link = "line.de.3624" {
        track(:second, path("d1.de.3626")[:fra.yo, :oha.yw]);
    }

    with link = "line.de.3630" {
        track(:first :removed, path("d1.de.3630")[:reb.yg, :fga]);
    }

    with link = "line.de.3640" {
        track(:first :cat:ac15 :pax, path("d1.de.3640")[:hoc.ys, :sod]);
    }

    with link = "line.de.3641" {
        track(:first :cat:ac15 :pax, path("d1.de.3641")[:nho.ys, :sod.yn]);
    }

    with link = "line.de.3650" {
        track(:first :double :cat:ac15 :pax,
                path("d1.de.3650")[:sta.yf, :fsu.ys]
        );
    }

    with link = "line.de.3652" {
        track(:second :removed, path("d1.de.3652")[:nis.yi, :nst]);
    }

    with link = "line.de.3653" {
        track(:second :pax, path("d1.de.3653")[:buc.yo, :oro]);
    }

    with link = "line.de.3660" {
        let fa = path("d1.de.3660");

        track(:first :double :cat:ac15 :pax, fa[:fsu.yo, :han.yf]);
        track(:first :double :cat:ac15 :pax, fa[:han.ya, :asa]);
    }

    with link = "line.de.3661" {
        let or = path("d1.de.3661");

        track(:first :double :cat:ac15 :pax, or[:off.yb, :oro]);
        track(:second :pax, or[:oro, :die.yb]);
        track(:second :removed, or[:die.yz, :rei.yz]);
    }

    with link = "line.de.3662" {
        track(:first :double :cat:ac15 :pax,
                path("d1.de.3662")[:bie.yd, :die]
        );
    }

    with link = "line.de.3665" {
        track(:station :removed, path("d1.de.3665")[:ofg.yh, :haf]);
    }

    with link = "line.de.3666" {
        track(:station :removed, path("d1.de.3666")[:off.yi, :ind]);
    }

    with link = "line.de.3681" {
        track(:first :double :cat:ac15 :pax, path("d1.de.3681")[:fra, :sla]);
    }

    with link = "line.de.3683" {
        let fk = path("d1.de.3683");

        track(:first :double :cat:ac15 :pax, fk[:sta.yg, :flu.yg]);
        track(:first :double :cat:ac15 :pax, fk[:flu.yk, :kel.yf]);
    }
}

