# GB LEC1.  London Euston - Rugby
#
let lr = path("d4.gb.l.lec1");

with detail = 5 {
    with link = "point.gb.London-Euston" {
        # Pl. 1
        track(:first:station :cat:ac25 :pax,
                lr[:eus + 40m, :eus + 220m] >> 15.5dt
        );

        # Pl. 2
        track(:first:station :cat:ac25 :pax,
                lr[:eus + 40m, :eus + 220m] >> 14.5dt
        );

        # Pl. 3
        track(:first:station :cat:ac25 :pax,
                lr[:eus, :eus + 220m] >> 13.5dt
        );

        # Pl. 4
        track(:first:station :cat:ac25 :pax,
                lr[:eus, :eus + 220m] >> 12.5dt
        );

        # Pl. 5
        track(:first:station :cat:ac25 :pax,
                lr[:eus + 40m, :eus + 220m] >> 11.5dt
        );

        # Pl. 6
        track(:first:station :cat:ac25 :pax,
                lr[:eus + 40m, :eus + 220m] >> 10.5dt
        );

        # Pl. 7
        track(:first:station :cat:ac25 :pax,
                lr[:eus, :eus + 220m] >> 9.5dt
        );

        # Pl. 8
        track(:first:station :cat:ac25 :pax,
                lr[:eus, :eus + 220m] >> 8.5dt
        );

        # Pl. 9
        track(:first:station :cat:ac25 :pax,
                lr[:eus + 40m, :eus + 220m] >> 7.5dt
        );

        # Pl. 10
        track(:first:station :cat:ac25 :pax,
                lr[:eus + 40m, :eus + 220m] >> 6.5dt
        );

        # Pl. 11
        track(:first:station :cat:ac25 :pax,
                lr[:eus, :eus + 220m] >> 5.5dt
        );

        # Pl. 12
        track(:first:station :cat:ac25 :pax,
                lr[:eus, :eus + 220m] >> 4.5dt
        );

        # Pl. 13
        track(:first:station :cat:ac25 :pax,
                lr[:eus + 40m, :eus + 220m] >> 3.5dt
        );

        # Pl. 14
        track(:first:station :cat:ac25 :pax,
                lr[:eus + 40m, :eus + 220m] >> 2.5dt
        );

        # Pl. 15
        track(:first:station :cat:ac25 :pax,
                lr[:eus, :eus + 220m] >> 1.5dt
        );

        # 
        track(:first:station :cat:ac25 :pax,
                lr[:eus, :eus + 220m] >> 0.5dt
        );

        # 
        track(:first:station :cat:ac25 :pax,
                lr[:eus, :eus + 220m] << 0.5dt
        );

        # Pl. 16
        track(:first:station :cat:ac25 :pax,
                lr[:eus, :eus + 220m] << 1.5dt
        );

        # Pl. 17
        track(:first:station :cat:ac25 :pax,
                lr[:eus + 40m, :eus + 220m] << 2.5dt
        );

        # Pl. 18
        track(:first:station :cat:ac25 :pax,
                lr[:eus, :eus + 220m] << 3.5dt
        );
    }
}

