with detail = 1 {
    with link = "line.pl.100" {
        track(:first :double :cat:dc30 :nopax,
                path("d1.pl.100")[:klo.yo, :kpl.ym]
        );
    }

    with link = "line.pl.101" {
        let mh = path("d1.pl.101");

        track(:second :pax, mh[:mun.yh, :hor]);
        track(:second :seasonal, mh[:hor, :hre.ym]);
    }

    with link = "line.pl.102" {
        let pm = path("d1.pl.102");

        track(:second :cat:dc30 :nopax, pm[:prm.ym, :ppi]);
        track(:second :nopax, pm[:ppi, :mag]);
    }

    with link = "line.pl.103" {
        let ts = path("d1.pl.103");

        track(:second :suspended, ts[:trz.yw, :okl]);
        track(:second :nopax, ts[:okl, :spy.yt]);
        track(:second :suspended, ts[:spy.ys, :wad.yt]);
        track(:second :removed, ts[:wad.ys, :ska.yt]);
    }

    with link = "line.pl.104" {
        let cn = path("d1.pl.104");

        track(:second :nopax, cn[:cha, :mar]);
        track(:second :cat:dc30 :nopax, cn[:mar, :nsa]);
    }

    with link = "line.pl.105" {
        track(:second :cat:dc30 :pax, path("d1.pl.105")[:mus, :kry]);
    }

    with link = "line.pl.106" {
        let rj = path("d1.pl.106");

        track(:first :pax, rj[:rze.yj, :jfa]);
        track(:first :cat:dc30 :pax, rj[:jfa, :jas.yr]);
    }

    with link = "line.pl.107" {
        track(:first :seasonal, path("d1.pl.107")[:nza.yl, :lug]);
    }

    with link = "line.pl.108" {
        let sk = path("d1.pl.108");

        track(:first :cat:dc30 :pax, sk[:str, :jas.yr]);
        track(:first :pax, sk[:jas.yr, :nza.yl]);
        track(:second :nopax, sk[:nza.yl, :krg]);
    }

    with link = "line.pl.109" {
        track(:second :cat:dc30 :pax, path("d1.pl.109")[:kbi.yw, :wrk]);
    }
}

