# DE AF1.  Flensburg Kreisb - Kappeln (Schlei)
#
let flekap = path("path.de.AF1");
let maaflk = path("path.de.A00");

with detail = [4, 5] {
    #--- point.de.Flensburg-Kreisb
    #
    track(:third :station :narrow :removed, flekap[:a + .5sw, :a + 2sw]);
    track(:third :station :narrow :removed, flekap[:a + .5sw, :a + 2sw] >> 1dt);
    marker(:de.kbf :removed :right, flekap[:a + 1sw] >> 1dt);
    with detail = 4 {
        station(:left :right_align :removed, flekap[:a] + (-390m, 0m),
            span(:medium :bold :removed, "F. Kreisb"),
            "AF1: ?? • AF2: ??"
        );
    }
    with detail = 5 {
        station(:right :left_align :removed, flekap[:a] >> 1dt >> 1.8sh,
            span(:medium :bold :removed, "F. Kreisb"),
            "AF1: ?? • AF2: ??"
        );
    }

    # Streckengleis Flensburg - Engelsby
    with layer = 1 track(:third :narrow :cat :removed :tight,
            flekap[:a + 2sw, :flex + 0.5sw]
    );
    with layer = 1 track(:third :narrow :cat :removed,
            flekap[:flex + 0.5sw, :eng - 1sw]
    );
    with layer = 0.5 casing(:third :narrow,
            flekap[:flex - 0.2km, :flex + 0.6km]
    );


    #--- point.de.Engelsby
    #
    track(:third :station :narrow :removed, flekap[:eng - 1sw, :eng + 1sw]);
    marker(:de.kzst :removed :right, flekap[:eng]);
    with layer = -1 station(:right :removed, flekap[:eng - 0.4sw] >> 1.8sh,
        "Engelsby", "??"
    );

    # Streckengleis Engelsby - Kauslund
    track(:third :narrow :cat :removed, flekap[:eng + 1sw, :kau - 1sw]);


    #--- point.de.Kauslund
    #
    track(:third :station :narrow :removed, flekap[:kau - 1sw, :kau + 1sw]);
    marker(:de.kzst :removed :right, flekap[:kau]);
    station(:bottom :removed, flekap[:kau] >> 1.4sh,
        "Kauslund", "??"
    );

    # Streckengleis Kauslund - Wees
    track(:third :narrow :cat :removed, flekap[:kau + 1sw, :wee - 1sw]);


    #--- point.de.Wees
    #
    track(:third :station :narrow :removed, flekap[:wee - 1sw, :wee + 1sw]);
    marker(:de.kzst :removed :left, flekap[:wee]);
    station(:top :removed, flekap[:wee] << 1.2sh,
        "Wees", "??"
    );

    # Streckengleis Wees - Rothenhaus
    track(:third :narrow :cat :removed, flekap[:wee + 1sw, :rot - 0.5sw]);
    with layer = 1 line_badge(:removed, flekap[:wee + 1.0km], "AF1");


    #--- point.de.Rothenhaus
    #
    track(:third :station :narrow :removed, flekap[:rot - 0.5sw, :rot + 1.5sw]);
    marker(:de.kzst :removed :right, flekap[:rot + 0.3sw]);
    station(:right :removed, flekap[:rot] >> 1.6sh,
        "Rothenhaus", "??"
    );

    # Streckengleis Rothenhaus - Glücksburg
    track(:third :narrow :cat :removed, flekap[:rot + 1.5sw, :glu - 1sw]);


    #--- point.de.Glücksburg
    #
    track(:third :station :narrow :removed, flekap[:glu - 1sw, :glu + 1sw]);
    marker(:de.kzst :removed :right, flekap[:glu]);
    station(:top :removed, flekap[:glu] << 1dt,
        hbox(:center :base,
            span(:medium :removed, "Glücksburg "),
            span(:medium :light :removed, "(Kr Flensburg)")
        ),
        "??"
    );

    # Streckengleis Glücksburg - Rüde
    track(:third :narrow :removed, flekap[:glu + 1sw, :rud - 1sw]);


    #--- point.de.Rüde
    #
    track(:third :station :narrow :removed, flekap[:rud - 1sw, :rud + 1sw]);
    marker(:de.kzst :removed :right, flekap[:rud]);
    station(:bottom :removed, flekap[:rud] >> 1.2sh,
        "Rüde", "??"
    );

    # Streckengleis Rüde - Ringsberg
    track(:third :narrow :removed, flekap[:rud + 1sw, :rin - 1sw]);


    #--- point.de.Ringsberg
    #
    track(:third :station :narrow :removed, flekap[:rin - 1sw, :rin + 1sw]);
    marker(:de.kzst :removed :right, flekap[:rin]);
    station(:left :removed, flekap[:rin + 0.4sw] >> 1.8sh,
        "Ringsberg", "??"
    );

    # Streckengleis Ringsberg - Langballig
    track(:third :narrow :removed, flekap[:rin + 1sw, :lan - 1sw]);
    with layer = 1 line_badge(:removed, flekap[:rin + 1.0km], "AF1");


    #--- point.de.Langballig
    #
    track(:third :station :narrow :removed, flekap[:lan - 1sw, :lan + 1sw]);
    marker(:de.kzst :removed :left, flekap[:lan]);
    station(:top :removed, flekap[:lan] << 1.0sh,
        "Langballig", "??"
    );

    # Streckengleis Langballig - Streichmühle
    track(:third :narrow :removed, flekap[:lan + 1sw, :str - 1.5sw]);


    #--- point.de.Streichmühle
    #
    track(:third :station :narrow :removed, flekap[:str - 1.5sw, :str + 0.5sw]);
    marker(:de.kzst :removed :right, flekap[:str - 0.5sw]);
    station(:left :removed, flekap[:str] >> 2.0sh + (0.8sw, 0sw),
        "Streichmühle", "??"
    );

    # Streckengleis Streichmühle - Dollerup
    track(:third :narrow :removed, flekap[:str + 0.5sw, :dol - 1sw]);


    #--- point.de.Dollerup
    #
    track(:third :station :narrow :removed, flekap[:dol - 1sw, :dol + 1sw]);
    marker(:de.kzst :removed :right, flekap[:dol]);
    station(:left :removed, flekap[:dol + 0.25sw] >> 1.4sh,
        "Dollerup", "??"
    );

    # Streckengleis Dollerup - Nübelfeld
    track(:third :narrow :removed, flekap[:dol + 1sw, :nub - 1sw]);
    with layer = 1 line_badge(:removed, flekap[:nub - 0.9km], "AF1");

    #--- point.de.Nübelfeld
    #
    track(:third :station :narrow :removed, flekap[:nub - 1sw, :nub + 1sw]);
    marker(:de.kzst :removed :right, flekap[:nub]);
    station(:top :removed, flekap[:nub] << 1.0dt,
        "Nübelfeld", "??"
    );

    # Streckengleis Dollerup - Steinbergkirche
    track(:third :narrow :removed, flekap[:nub + 1sw, :stk - 1sw]);


    #--- point.de.Steinbergkirche
    #
    track(:third :station :narrow :removed, flekap[:stk - 1sw, :stk + 1sw]);
    marker(:de.kzst :removed :right, flekap[:stk]);
    station(:bottom :removed, flekap[:stk] >> 1.0sh,
        "Steinbergkirche", "??"
    );

    # Streckengleis Steinbergkirche - Steinberg
    track(:third :narrow :removed, flekap[:stk + 1sw, :ste - 1.5sw]);


    #--- point.de.Steinberg-Flensburg
    #
    track(:third :station :narrow :removed, flekap[:ste - 1.5sw, :ste + 0.5sw]);
    marker(:de.kzst :removed :left, flekap[:ste - 0.5sw]);
    station(:top :removed, flekap[:ste - 0.5sw] << 1.0sh,
        hbox(:center :base,
            span(:regular, "Steinberg "),
            span(:light, "(Kr Flensburg)")
        ),
        "??"
    );

    # Streckengleis Steinberg - Niesgrau
    track(:third :narrow :removed, flekap[:ste + 0.5sw, :nie - 1.5sw]);
    with layer = 1 line_badge(:removed, flekap[:nie - 0.9km], "AF1");


    #--- point.de.Niesgrau
    #
    track(:third :station :narrow :removed, flekap[:nie - 1.5sw, :nie + 0.5sw]);
    marker(:de.kzst :removed :left, flekap[:nie - 0.5sw]);
    station(:top :removed, flekap[:nie - 0.5sw] << 1.0sh,
        "Niesgrau",
        "??"
    );

    # Streckengleis Niesgrau - Stausmark
    track(:third :narrow :removed, flekap[:nie + 0.5sw, :sta - 1sw]);


    #--- point.de.Stausmark
    #
    track(:third :station :narrow :removed, flekap[:sta - 1sw, :sta + 1sw]);
    marker(:de.kzst :removed :right, flekap[:sta]);
    station(:left :removed, flekap[:sta + 0.3sw] >> 1.6sh,
        "Stausmark",
        "??"
    );

    # Streckengleis Stausmark - Rundhof
    track(:third :narrow :removed, flekap[:sta + 1sw, :fsat]);


    #--- point.de.Rundhof
    #
    track(:third :station :narrow :removed, flekap[:fsat, :run + 1sw]);
    track(:third :station :narrow :removed,
            flekap[:fsat, :run + 0.5sw] >> 1dt
        --  flekap[:run + 0.5sw + 1dl, :run + 0.5sw + 1.1dl]
    );
    marker(:de.kzst :removed :right, flekap[:run] >> 1dt);
    station(:bottom :removed, flekap[:run + 0.3sw] >> 1dt >> 1.4sh,
        span(:bold, "Rundhof"),
        "AF1: ?? • AF2: ??"
    );

    # Streckengleis Rundhof - Lehbek
    track(:third :narrow :removed, flekap[:run + 1sw, :leh - 1sw]);
    with layer = 1 line_badge(:removed, flekap[:run + 1.3km], "AF1");


    #--- point.de.Lehbek
    #
    track(:third :station :narrow :removed, flekap[:leh - 1sw, :leh + 1sw]);
    marker(:de.kzst :removed :right, flekap[:leh]);
    station(:right :removed, flekap[:leh] >> 1.8sh,
        "Lehbek", "??"
    );

    # Streckengleis Lehbek - Gelting
    track(:third :narrow :removed, flekap[:leh + 1sw, :gel - 1sw]);


    #--- point.de.Gelting
    #
    track(:third :station :narrow :removed, flekap[:gel - 1sw, :gel + 1sw]);
    marker(:de.kzst :removed :left, flekap[:gel]);
    station(:top :removed, flekap[:gel] << 1.2sh,
        "Gelting", "??"
    );

    # Streckengleis Gelting - Stenderup
    track(:third :narrow :removed, flekap[:gel + 1sw, :stp - 1sw]);


    #--- point.de.Stenderup
    #
    track(:third :station :narrow :removed, flekap[:stp - 1sw, :stp + 1sw]);
    marker(:de.kzst :removed :left, flekap[:stp]);
    station(:right :removed, flekap[:stp + 0.3sw] << 1.2sh,
        "Stenderup", "??"
    );

    # Streckengleis Stenderup - Schwackendorf
    track(:third :narrow :removed, flekap[:stp + 1sw, :swa - 1sw]);


    #--- point.de.Schwackendorf
    #
    track(:third :station :narrow :removed, flekap[:swa - 1sw, :swa + 1sw]);
    marker(:de.kzst :removed :left, flekap[:swa]);
    station(:right :removed, flekap[:swa + 0.3sw] << 1.2sh,
        "Schwackendorf", "??"
    );

    # Streckengleis Schwackendorf - Rabel
    track(:third :narrow :removed, flekap[:swa + 1sw, :rab - 1sw]);
    with layer = 1 line_badge(:removed, flekap[:rab - 0.8km], "AF1");


    #--- point.de.Rabel
    #
    track(:third :station :narrow :removed, flekap[:rab - 1sw, :rab + 1sw]);
    marker(:de.kzst :removed :left, flekap[:rab]);
    station(:right :removed, flekap[:rab + 0.4sw] << 1.2sh,
        "Rabel", "??"
    );

    # Streckengleis Rabel - Grimnis
    track(:third :narrow :removed, flekap[:rab + 1sw, :gri - 1sw]);


    #--- point.de.Grimsnis
    #
    track(:third :station :narrow :removed, flekap[:gri - 1sw, :gri + 1sw]);
    marker(:de.kzst :removed :right, flekap[:gri]);
    station(:left :removed, flekap[:gri + 0.35sw] >> 1.2sh,
        "Grimnis", "??"
    );

    # Streckengleis Grimnis - Kappeln
    track(:third :narrow :removed,
            flekap[:gri + 1sw, :kap.a - 4sw]
        ..  flekap[:kap - 2.1sw, :kap - 2sw] >> 1dt
    );


    #--- point.de.Kappeln-Flensburger-Bf
    #    point.de.Kappeln-Eckernförder-Bf
    #
    # Gl. aus Flensburg
    track(:third :station :narrow :removed, flekap[:kap - 2sw, :kap] >> 1dt);

    # Gl. nach Eckernförde
    track(:second :station :narrow :removed,
            flekap[:kap - 1sw - 1.1dl, :kap - 1sw - 1dl] >> 1dt
        --  flekap[:kap - 1sw, :kap] >> 2dt
    );

    # Gl. zum Normalspurbahnhof
    track(:station :removed, flekap[:kap - 1.5sw, :kap]);

    track(:station :removed,
            flekap[:kap - 1.1dl, :kap - 1.0dl] >> 1dt
        --  flekap[:kap, :kap + 0.1dl]
    );
    track(:station :removed,
            flekap[:kap, :kap + 0.1dl] >> 1dt
        --  flekap[:kap + 1.0dl, :kap + 1.1dl] >> 2dt
    );

    marker(:de.kbf :removed :right, flekap[:kap - 0.5sw] >> 2dt);
    label(flekap[:kap] >> 2dt >> 1.2sh,
        vbox(:left :bottom,
            vbox(:center :bottom,
                hbox(:center :bottom :xsmall :removed,
                    vbox(:right :top,
                        span(:regular, "AF1: "),
                        span(:regular, "AE1: ")
                    ),
                    vbox(:center :top,
                        span(:regular, "??"),
                        span(:regular, "0,0")
                    )
                ),
                hbox(:center :base :medium :removed,
                    span(:bold, "Kappeln "),
                    span(:regular, "(Schlei)")
                )
            )
        )
    );

}

