# CH 470.  Luzern Brünig - Meiringen
with detail = 2 {
    let lm = path("d2.ch.470");

    with link = "line.ch.470" {
        track(:first :double :narrow:g1000 :cat:ac15 :pax, lm[:luz.yb, :hem]);
        track(:first :narrow:g1000 :cat:ac15 :pax, lm[:hem, :her]);

        line_label(:left:w :double :cat:ac15 :pax, lm[:hem - 2km], "470");
    }

    with link = "point.ch.Hergiswil-NW" {
        statdot(:cat:ac15 :pax, lm[:her]);
        slabel(:right :cat:ac15 :pax, lm[:her] + (1.5dt, -0.3dt),
            hbox(:left:base, "Hergiswil ", span(:light, "NW"))
        );
    }

    with link = "line.ch.470" {
        track(:first :narrow:g1000 :cat:ac15 :pax, lm[:her, :alp]);
    }

    with link = "point.ch.Alpnachstad" {
        statdot(:cat:ac15 :pax, lm[:alp]);
        slabel(:left :cat:ac15 :pax, lm[:alp] + (-1.5dt, 1.0dt),
            "Alpnachstad"
        );
    }

    with link = "line.ch.470" {
        track(:first :narrow:g1000 :cat:ac15 :pax, lm[:alp, :mew.yi]);
        line_label(:right:e :cat:ac15 :pax, lm[:alp + 16.1km], "470");
    }

    with link = "point.ch.Meiringen" {
        track(:first:station :narrow:g1000 :cat:ac15 :pax, lm[:mew.yi, :mei]);
        statdot(:cat:ac15 :pax, lm[:mei]);
        slabel(:right :cat:ac15 :pax, lm[:mei] + (1.5dt, 0dt), "Meiringen");
    }
}


# CH 473.  Alpnachstad - Pilatus Kulm
with detail = 2 {
    let ap = path("d2.ch.473");

    with link = "line.ch.473" {
        track(:first :narrower:g800 :cat:dc15 :pax, ap[:alp, :kul]);
    }

    with link = "point.ch.Pilatus-Kulm" {
        statdot(:cat:dc15 :pax, ap[:kul]);
        slabel(:left :cat:dc15 :pax, ap[:kul] + (2dt, -1.5dt),
            "Pilatus Kulm"
        );
    }
}


# CH 474.  Meiringen - Innertkirchen
with detail = 2 {
    let mi = path("d2.ch.474");

    with link = "line.ch.474" {
        track(:first :narrow:g1000 :cat:dc12 :pax, mi[:mei, :inn]);

        line_label(:right:ne :cat:dc12 :pax, mi[:mei + 2.7km], "474");
    }

    with link = "point.ch.Innertkirchen-MIB" {
        statdot(:cat:dc12 :pax, mi[:inn]);
        slabel(:bottom :cat:dc12 :pax, mi[:inn] + (0dt, 0.8dt),
            hbox(:center:base, "Innertkirchen ", span(:light, "MIB"))
        );
    }
}


# CH 475.  Brienz - Brienzer Rothorn
with detail = 2 {
    let br = path("d2.ch.475");

    with link = "line.ch.475" {
        track(:first :narrower:g800 :pax, br[:bri, :rot]);

        line_label(:left:e :pax, br[:bri + 3.5km], "475");
    }

    with link = "point.ch.Brienzer-Rothorn" {
        statdot(:pax, br[:rot]);
        slabel(:top :pax, br[:rot] + (0dt, -0.8dt), "Brienzer Rothorn");
    }
}

