with detail = 1 {
    with link = "line.de.6441" {
        let dw = path("d1.de.6441");

        track(:second :removed, dw[:dom.a, :lud.aa]);
        track(:first :double :cat:ac15 :pax, dw[:lud.f, :kle.a]);
        track(:first :cat:ac15 :pax, dw[:kle.f, :wis]);
    }

    with link = "line.de.6442" {
        track(:first :double :cat:ac15 :pax,
                path("d1.de.6442")[:hag, :hol.yh]
        );
    }

    with link = "line.de.6443" {
        track(:first :cat:ac15 :nopax, path("d1.de.6443")[:ses, :sen]);
    }

    with link = "line.de.6444" {
        track(:first :removed, path("d1.de.6444")[:waw, :rog]);
    }

    with link = "line.de.6445" {
        track(:first :cat:ac15 :pax, path("d1.de.6445")[:gus.a, :swa.yg]);
    }

    with link = "line.de.6446" {
        track(:first :double :cat:ac15 :pax,
                path("d1.de.6446")[:but.f, :dal]
        );
    }

    with link = "line.de.6448" {
        track(:first :cat:ac15, path("d1.de.6448")[:kav.ys, :ses]);
    }
}

