# GB KEH.  Kettering Junction - Huntingdon
with detail = 2 {
    let keh = path("d2.gb.keh");

    with detail = 2 {
        track(:first :removed, keh[:kej, :hun.yk]);
        line_badge(:removed, keh[:kej + 17km], "KEH");
    }
}


# GB KSL.  Knighton South Junction - Leicester Junction
with detail = 2 {
    let ksl = path("d2.gb.ksl");

    with link = "line.gb.KSL" {
        track(:first, ksl[:ksj, :ash]);
        track(:first :double, ksl[:ash, :lej]);

        line_badge(:open, ksl[:des + 3.8km], "KSL");
    }

    with link = "point.gb.Desford" {
        with layer = 1 marker(:statdot :removed, ksl[:des]);
        slabel(:bottom :removed, ksl[:des] + (-1dt, 0.8dt), "Desford");
    }

    with link = "point.gb.Coalville" {
        with layer = 1 marker(:statdot :removed, ksl[:coa]);
        slabel(:right :removed, ksl[:coa] + (2.0dt, 0dt), "Coalville");
    }

    with link = "point.gb.Ashby-de-la-Zouch" {
        with layer = 1 marker(:statdot :removed, ksl[:ash]);
        slabel(:right :removed, ksl[:ash] + (-2.0dt, 1.5dt),
            vbox(:left:top, "Ashby", "de la", "Zouch")
        );
    }

    with link = "point.gb.Moira" {
        with layer = 1 marker(:statdot :removed, ksl[:moi]);
        slabel(:top :removed, ksl[:moi] + (1.3dt, -1.3dt), "Moira");
    }

    with link = "point.gb.Gresley" {
        with layer = 1 marker(:statdot :removed, ksl[:gre]);
    }
}

