with detail = 1 {
    with link = "line.fr.930" {
        let mv = path("d1.fr.930");

        track(:first :double :cat:dc15 :pax, mv[:mar.yv, :pos]);
        track(:first :double :cat:ac25 :pax, mv[:pos, :vef]);
    }

    with link = "line.fr.931" {
        track(:first :narrow:g1000 :removed,
                path("d1.fr.931")[:ora.yb, :bui]
        );
    }

    with link = "line.fr.935" {
        let me = path("d1.fr.935");

        track(:first :double :cat:dc15 :pax, me[:mir.ye, :las]);
        track(:first :double :pax, me[:las, :est.ym]);
    }

    with link = "line.fr.935.901" {
        let lf = path("d1.fr.935.901");

        track(:first :double :cat:dc15, lf[:lan, :foc]);
        track(:first :cat:dc15, lf[:foc, :fom]);
    }

    with link = "line.fr.935.902" {
        track(:station :cat:dc15, path("d1.fr.935.902")[:foc, :fmc]);
    }

    with link = "line.fr.935.903" {
        track(:station :cat:dc15, path("d1.fr.935.903")[:fov.yp, :por.xc]);
    }

    with link = "line.fr.937" {
        let bp = path("d1.fr.937");

        track(:first :double :cat:dc15, bp[:bla.yp, :ctr]);
        track(:first :double :removed, bp[:ctr, :pra]);
    }

    with link = "line.fr.939.001" {
        let em = path("d1.fr.939.001");

        track(:first :double :cat:dc15, em[:est.ya, :are]);
        track(:first :cat:dc15, em[:are, :mar.ym]);
    }
}

