# SI 80.  Metlika d.m. - Ljubljana
with detail = 2 {
    let ml = path("d2.si.80");

    with link = "line.si.80" {
        track(:first, ml[:rod, :ros]);
        track(:first :pax, ml[:ros, :met]);
    }

    with link = "point.si.Metlika" {
        statdot(:pax, ml[:met]);
        slabel(:left :pax, ml[:met] + (-1.5dt, 0dt), "Metlika");
    }

    with link = "line.si.80" {
        track(:first :pax, ml[:met, :nov]);
        line_label(:left:nw :pax, ml[:met + 12km], "80");
        line_label(:left:e :pax, ml[:nov - 13.5km], "80");
    }

    with link = "point.si.Novo-mesto" {
        track(:first:station :pax, ml[:nov, :nov.ys]);
        statdot(:pax, ml[:nov]);
        slabel(:right :pax, ml[:nov] + (1.3dt, -0.3dt), "Novo mesto");
    }

    with link = "line.si.80" {
        track(:first :pax, ml[:nov.ys, :tre.ys]);
        line_label(:right:sw :pax, ml[:tre.ys - 6km], "80");
    }

    with link = "point.si.Trebnje" {
        track(:first:station :pax, ml[:tre.ys, :tre]);
        statdot(:pax, ml[:tre]);
        slabel(:left :pax, ml[:tre.ys] + (0dt, 0.5dt),
            hbox(:right:top, "Trebnje")
        );
    }

    with link = "line.si.80" {
        track(:first :pax, ml[:tre, :gro.yk]);
        line_label(:left:n :pax, ml[:gro.yk - 15km], "80");
    }

    with link = "point.si.Grosuplje" {
        track(:first:station :pax, ml[:gro.yk, :gro]);
        statdot(:pax, ml[:gro]);
        slabel(:left :pax, ml[:gro] + (-1.5dt, 1.5dt), "Grosuplje");
    }

    with link = "line.si.80" {
        track(:first :pax, ml[:gro, :lju.yg]);
        line_label(:right:sw :pax, ml[:lju.yg - 8km], "80");
    }
}


# SI 81.  Sevnica - Trebnje
with detail = 2 {
    let st = path("d2.si.81");

    with link = "line.si.81" {
        track(:first :pax, st[:sev.yt, :tre.ys]);
        line_label(:right:s :pax, st[:sev.yt + 16.7km], "81");
    }
}


# SI 82.  Grosuplje - Kočevje
with detail = 2 {
    let gk = path("d2.si.82");

    with link = "line.si.82" {
        track(:first :pax, gk[:gro.yk, :koc]);
        line_label(:right:ne :pax, gk[:gro.yk + 21.5km], "82");
    }

    with link = "point.si.Kočevje" {
        statdot(:pax, gk[:koc]);
        slabel(:bottom :pax, gk[:koc] + (1dt, 0.8dt), "Kočevje");
    }
}

