# DE GAK.  Großenbrode Abzw - Großenbrode Kai
with detail = 2 {
    let ak = path("d2.de.gak");

    with railway = :first :removed {
        with link = "line.de.GAK" {
            track(ak[:gba, :grk.ya]);
        }

        with link = "point.de.Großenbrode-Kai" {
            track(:station, ak[:grk.ya, :grk]);
            statdot(ak[:grk]);
        }
    }
}


# DE GBK.  Großenbrode - Großenbrode Kai
with detail = 2 {
    with link = "line.de.GBK" {
        track(:second :removed, path("d2.de.gbk")[:gbr.yk, :grk.ya]);
    }
}


# DE GHK.  Geesthacht - Krümmel
with detail = 2 {
    let gk = path("d2.de.ghk");

    with railway = :side :nopax {
        with link = "line.de.GHK" {
            track(gk[:gee, :kru]);
            with zoom = :high line_label(:left:sw, gk[:kru - 0.6km], "GHK");
        }

        with link = "point.de.Krümmel" {
            with zoom = :high {
                statdot(gk[:kru]);
                slabel(:right, gk[:kru] + (1.5dt, 0.8dt), "Krümmel");
            }
        }
    }
}


# DE GZS.  Geesthacht - Zollenspieker Querweg
with detail = 2 {
    let gz = path("d2.de.gzs");

    with railway = :third :removed {
        with link = "line.de.GZS" {
            track(gz[:dun, :zol.y]);
            with zoom = :high line_label(
                :right:s, gz[:dun + 6.5km], (-0.5dt, 0dt), "GZS"
            );
        }
    }
}

