with detail = 1 {
    with link = "line.de.2200" {
        track(:first :double :cat:ac15 :pax, path("d1.de.e.2200")[:wan.f, :len]);
    }

    with link = "line.de.2204" {
        track(:first :cat:ac15 :pax,
                path("d1.de.2204")[:wan.aa, :wuf]
        );
    }

    with link = "line.de.2206" {
        let wr = path("d1.de.2206");

        with layer = -1 track(:first :cat:ac15, wr[:wan.aa, :nst]);
        with layer = -1 track(:first :double :cat:ac15, wr[:nst, :bos]);
        with layer = -1 track(:first :cat:ac15, wr[:bos, :oss.f]);
        with layer = -1 track(:first :double :cat:ac15 :pax, wr[:oss.f, :oss.a]);
        with layer = -1 track(:first :cat:ac15, wr[:oss.a, :ste.a]);
        with layer = -4 track(:first :double :removed, wr[:ste.a, :rgf]);
    }

    with link = "line.de.2209" {
        with layer = -4 track(:first :removed,
                path("d1.de.2209")[:krn.f, :wan.aa]
        );
    }

    with link = "line.de.2210" {
        let hd = path("d1.de.2210");

        with layer = -1 track(:first :pax, hd[:her.f, :cas]);
        with layer = -1 track(:first :double :pax, hd[:cas, :bov.a]);
        with layer = -1 track(:first :pax, hd[:bov.a, :mar]);
        with layer = -1 track(:first :double :pax, hd[:mar, :rah.f]);
        with layer = -1 track(:first :pax, hd[:rah.f, :dog.a]);
    }

    with link = "line.de.2213" {
        track(:first :double :cat:ac15 :pax, path("d1.de.2213")[:lud, :ger]);
    }

    with link = "line.de.2225" {
        with layer = -4 track(:second :cat:ac15 :removed,
            path("d1.de.2225")[:res.a, :zec]
        );
    }

    with link = "line.de.2230" {
        with layer = -1 track(:second, path("d1.de.2230")[:hes, :gel.a]);
    }

    with link = "line.de.2232" {
        let ww = path("d1.de.2232");

        with layer = -4 track(:first :removed, ww[:gel, :wat]);
        with layer = -4 track(:first :removed, ww[:gun, :hor]);
    }

    with link = "line.de.2235" {
        with layer = -4 track(:first :removed,
                path("d1.de.2235")[:bis, :sas]
        );
    }

    with link = "line.de.2236" {
        let bb = path("d1.de.2236");

        with layer = -1 track(:first :double :pax, bb[:bis.f, :hug]);
        with layer = -1 track(:first :pax, bb[:hug, :zwe.a]);
        with layer = -1 track(:first :double :pax, bb[:zwe.a, :her]);
        with layer = -1 track(:first :pax, bb[:her, :bor]);
        with layer = -4 track(:second :removed, bb[:bor, :burg]);
    }

    with link = "line.de.2242" {
        with layer = -1 track(:first :cat:ac15,
                path("d1.de.2242")[:bos, :bog.a]
        );
    }

    with link = "line.de.2243" {
        with layer = -1 track(:first :double :cat:ac15,
                path("d1.de.2243")[:dea, :bos]
        );
    }

    with link = "line.de.2246" {
        let ho = path("d1.de.2246");

        with layer = -2 track(:first, ho[:hug, :hor]);
        with layer = -4 track(:first :removed, ho[:hor, :bog.f]);
    }

    with link = "line.de.2248" {
        track(:first :cat:ac15 :pax, path("d1.de.2248")[:deo, :oss.f]);
    }

    with link = "line.de.2250" {
        let oh = path("d1.de.2250");

        track(:first :double :cat:ac15 :pax, oh[:oss.f, :bun.f]);
        with layer = -1 track(:first :double :cat:ac15, oh[:bun.f, :ham.aa]);
    }

    with link = "line.de.2252" {
        track(:first :cat:ac15 :pax, path("d1.de.2252")[:bun.f, :lip]);
    }

    with link = "line.de.2253" {
        let ko = path("d1.de.2253");

        with layer = -4 track(:second :removed, ko[:kan.a, :vog]);
        with layer = -2 track(:second, ko[:vog, :oss.f]);
    }

    with link = "line.de.2254" {
        with layer = -4 track(:second :removed,
            path("d1.de.2254")[:vog, :aer.a]
        );
    }

    with link = "line.de.2255" {
        with layer = -4 track(:second :removed,
            path("d1.de.2255")[:aer, :aes.f]
        );
    }

    with link = "line.de.2262" {
        with layer = -4 track(:second :removed,
            path("d1.de.2262")[:ofa, :bon]
        );
    }

    with link = "line.de.2263" {
        with layer = -1 track(:second :pax, path("d1.de.2263")[:wes.ff, :boc]);
    }

    with link = "line.de.2264" {
        with layer = -4 track(:second :removed,
            path("d1.de.2264")[:barg, :boc]
        );
    }

    with link = "line.de.2265" {
        let em = path("d1.de.2265");

        with layer = -4 track(:second :removed, em[:emp.a, :boc.a]);
        with layer = -4 track(:second :removed, em[:boc.f, :bor.f]);
        with layer = -4 track(:second :removed, em[:bor.a, :cos.a]);
        with layer = -1 track(:second :pax, em[:cos.f, :mec]);
    }

    with link = "line.de.2266" {
        with layer = -4 track(:second :removed,
            path("d1.de.2266")[:wel, :elt.a]
        );
    }

    with link = "line.de.2270" {
        track(:first :double :cat:ac15 :pax, path("d1.de.2270")[:oha.f, :emmg]);
    }

    with link = "line.de.2271" {
        let ow = path("d1.de.2271");

        with layer = -2 track(:first, ow[:obn, :wal]);
        with layer = -2 track(:second, ow[:wal, :spe]);
        with layer = -4 track(:second :removed, ow[:spe, :wes.aa]);
    }

    with link = "line.de.2273" {
        let bq = path("d1.de.e.2273");

        with layer = -4 track(:second :removed, bq[:bon, :dor.a]);
        with layer = -1 track(:first :pax, bq[:her, :cos.a]);
        with layer = -4 track(:second :removed, bq[:lut.f, :bur.a]);
        with layer = -4 track(:second :removed, bq[:bur.f, :rhe.aa]);
    }

    with link = "line.de.2274" {
        let or = path("d1.de.2274");

        with layer = -1 track(:first :pax, or[:oha.a, :meo.a]);
        track(:first :double :cat:ac15 :pax, or[:meo.a, :mes.f]);
        with layer = -1 track(:first :pax, or[:mes.f, :ruh]);
    }

    with link = "line.de.2280" {
        let oe = path("d1.de.2280");

        with layer = -1 track(:first :double :cat:ac15, oe[:ofa, :fri.a]);
        track(:first :double :cat:ac15 :pax, oe[:deo, :fro.a]);
    }

    with link = "line.de.2291" {
        track(:first :double :cat:ac15 :pax, path("d1.de.2291")[:ste.a, :epp]);
    }

    with link = "line.de.2292" {
        track(:first :cat:ac15 :pax, path("d1.de.2292")[:hat, :ham]);
    }
}

