# PL 761.  Grabiszyn - Wroclaw Świebodzki WŚ
with detail = 2 {
    with link = "line.pl.761" {
        track(:first :double :cat:dc30 :pax,
                path("d2.pl.761")[:gra.ys, :wrs.yg]
        );
    }
}


# PL 762.  Wrocław Osobowice WO2 - Jeżyny
with detail = 2 {
    with link = "line.pl.762" {
        track(:first :removed, path("d2.pl.762")[:wos.yw, :jez.y]);
    }
}


# PL 765.  Wrocław Brochów WBB – Lamowice
with detail = 2 {
    let bl = path("d2.pl.765");

    with railway = :first :double :cat:dc30 :nopax {
        with link = "line.pl.765" {
            track(:casing, bl[:wbr.yl, :wbr.yl + 1km]);
            with layer = -1 track(bl[:wbr.yl + 1km, :lam.y]);
        }
    }
}


# PL 766.  Łukanów - Dąbrowa Oleśnicka
with detail = 2 {
    let ld = path("d2.pl.766");

    with railway = :first :cat:dc30 :pax {
        with link = "line.pl.766" {
            track(
                    ld[:luk.y, :ora.yl - 2dt]
                ..  ld[:ora.yl, :dab] << 0.35dt
            );
            with zoom = :high line_label(
                :left:e, ld[:dab - 1.5km] << 0.35dt, "766"
            );
        }
    }
}


# PL 767.  Kuniów - Smardy
with detail = 2 {
    let ks = path("d2.pl.767");

    with railway = :first :removed {
        with link = "line.pl.767" {
            with layer = -1 track(ks[:kun.y, :kun.y + 2km]);
            track(ks[:kun.y + 2km, :lig.y]);
            with zoom = :high line_label(:left:e, ks[:lig.y - 1km], "767");
            track(ks[:lig.y, :sma.y]);
        }
    }
}


# PL 768.  Ligota Dolna - Gotartów
with detail = 2 {
    let lg = path("d2.pl.768");

    with railway = :first :removed {
        with link = "line.pl.768" {
            with layer = -1 track(lg[:lig.y, :got.y]);
            line_label(:left:se, lg[:got.y - 1.2km], "768");
        }
    }
}


# PL 769.  Opole Zachodnie OpZ2 - Opole Zachodnie OpZ1
with detail = 2 {
    with link = "line.pl.769" {
        track(:second :removed, path("d2.pl.769")[:opz.yp, :opz.yz]);
    }
}

