# FR 081.  Châlons-en-Champagne - Reims
with detail = 2 {
    let cr = path("d2.fr.081");

    with link = "line.fr.081" {
        track(:first :double :cat:ac25 :pax, cr[:cal.yr, :shi]);
        guide(:linenum :cat:ac25 :pax,
                cr[:shi - 5km] >> 1dt
            --  cr[:shi - 5km] >> 3dt
        );
        label(:linenum :cat:ac25 :pax, cr[:shi - 5km] >> 3dt + (0dt, 0.2dt),
            hbox(:left:middle, " 081")
        );

        track(:first :double :pax, cr[:shi, :rei.yc]);
        line_badge(:pax, cr[:shi + 16km], "081");
    }

    with link = "point.fr.Saint-Hilaire-au-Temple" {
        with layer = 1 marker(:statdot :cat:ac25 :pax, cr[:shi]);
        slabel(:left :cat:ac25 :pax, cr[:shi] + (-1.8dt, 1.0dt),
            "Saint-Hilaire-au-Temple"
        );
    }

    with link = "point.fr.Reims-Cérès" {
        with layer = 1 marker(:statdot :removed, cr[:rec]);
    }
}


# FR 082.  Reims - Laon
with detail = 2 {
    let rl = path("d2.fr.082");

    with link = "line.fr.082" {
        track(:first :double :pax, rl[:rei.yl, :lao.yr]);
        line_badge(:pax, rl[:rei.yl + 25km], "082");
    }
}


# FR 085.  Saint-Hilaire-au-Temple - Hagondange
with detail = 2 {
    let hh = path("d2.fr.085");

    with link = "line.fr.085" {
        track(:first, hh[:shi, :ver]);
        track(:first :pax, hh[:ver, :con.yl]);
        track(:first :double :cat:ac25 :pax, hh[:con.yo, :hag.yc]);

        line_badge(:open, hh[:shi + 20km], "085");
        guide(:linenum,
                hh[:aub + 9.5km] << 0.7dt
            --  hh[:aub + 9.5km] << 3.0dt
        );
        label(:linenum, hh[:aub + 9.5km] << 2.8dt,
            hbox(:left:bottom, "085")
        );
        line_badge(:pax, hh[:ver + 16km], "085");
        line_badge(:cat:ac25 :pax, hh[:val + 6.5km] @ 5, "085");
    }

    with link = "point.fr.Sainte-Menehould" {
        with layer = 1 marker(:statdot, hh[:sme]);
        slabel(:left, hh[:sme] + (-2dt, 0.5dt),
            vbox(:right:bottom, "Sainte-", "Menehould")
        );
    }

    with link = "point.fr.Aubréville" {
        with layer = 1 marker(:statdot, hh[:aub]);
        slabel(:right, hh[:aub] + (-0.5dt, -1.5dt), "Aubréville");
    }

    with link = "point.fr.Verdun" {
        with layer = 1 marker(:statdot :pax, hh[:ver]);
        slabel(:right :pax, hh[:ver] + (1.0dt, 0.3dt),
            hbox(:left:top, "Verdun")
        );
    }

    with link = "point.fr.Conflans-Jarny" {
        with layer = 1 marker(:statdot :cat:ac25 :pax, hh[:con]);
        slabel(:left :cat:ac25 :pax, hh[:con] + (0.5dt, 1.5dt),
            hbox(:right:top, "Conflans-Jarny")
        );
    }

    with link = "point.fr.Valleroy-Moineville" {
        with layer = 1 marker(:statdot :cat:ac25 :pax, hh[:val]);
        slabel(:left :cat:ac25 :pax, hh[:val] + (1.0dt, -1.0dt),
            vbox(:right:bottom, "Valleroy-", "Moineville ")
        );
    }
}


# FR 086.  Conflans-Jarny - Metz
with detail = 2 {
    let cm = path("d2.fr.086");

    with link = "line.fr.086" {
        track(:first, cm[:con.ym, :bat]);
        track(:first :removed, cm[:bat, :met.yc]);

        line_badge(:removed, cm[:bat + 10km] @ 5 >> 0.4dt, "086");
    }

    with link = "point.fr.Batilly" {
        with layer = 1 marker(:statdot, cm[:bat]);
        slabel(:top, cm[:bat] + (0dt, -1.0dt), "Batilly");
    }
}


# FR 088.  Lérouville - Pont-Maugis
with detail = 2 {
    let lp = path("d2.fr.0.088");

    with link = "line.fr.088" {
        track(:first :double :removed, lp[:ler.yv, :dug]);
        track(:first, lp[:dug, :ver.yl]);
        track(:first :double :removed, lp[:ver, :dun]);

        line_badge(:removed, lp[:ler.yv + 18.5km] @ 10 >> 0.1dt, "088");
        line_badge(:removed, lp[:ver + 24km], "088");
    }

    with link = "point.fr.Dugny" {
        with layer = 1 marker(:statdot, lp[:dug]);
        slabel(:right, lp[:dug] + (1.5dt, 1.0dt), "Dugny");
    }
}


# FR 089.  Lérouville - Metz
with detail = 2 {
    let lm = path("d2.fr.0.089");

    with link = "line.fr.089" {
        track(:first :double :cat:ac25 :pax, lm[:ler.ym, :nov]);

        line_badge(:cat:ac25 :pax, lm[:ler.ym + 15km] >> 0.1dt, "089");
    }

    with link = "point.fr.Onville" {
        with layer = 1 marker(:statdot :cat:ac25 :pax, lm[:onv]);
        slabel(:top :cat:ac25 :pax, lm[:onv] + (1dt, -1.0dt), "Onville");
    }

    with link = "point.fr.Novéant-sur-Moselle" {
        with layer = 1 marker(:statdot :cat:ac25 :pax, lm[:nov]);
        slabel(:right :cat:ac25 :pax, lm[:nov] + (1.5dt, 1.0dt), "Novéant");
    }
}

