# PL TGO. Trzemiętowo - Gościeradz
with detail = 2 {
    let tg = path("d2.pl.tgo");

    with railway = :third :narrower:g600 :removed {
        with link = "line.pl.TGO" {
            track(tg[:trz.yg, :gos.yt]);
            with zoom = :high line_label(:right:n, tg[:gos.yt - 4km], "TGO");
        }
    }
}


# PL TLR.  Trzeciewnica - Liszkowo Rozgraniczenie
with detail = 2 {
    let tl = path("d2.pl.tlr");

    with railway = :third :narrower:g600 :removed {
        with link = "line.pl.TLR" {
            track(tl[:trz, :mal]);
            with zoom = :high line_label(:left:ne, tl[:trz + 2.5km], "TLR");
        }

        with link = "point.pl.Małocin-Rozgraniczenie" {
            with zoom = :high {
                statdot(tl[:mal]);
                slabel(:right, tl[:mal] + (-1dt, -0.7dt),
                    vbox(:left:bottom, "Mało-", "cin R.")
                );
            }
        }

        with link = "line.pl.TLR" {
            track(tl[:mal, :wyc]);
        }

        with link = "point.pl.Wyciąg" {
            with zoom = :high statdot(tl[:wyc]);
        }

        with link = "line.pl.TLR" {
            track(tl[:wyc, :wyc.yl]);
            track(tl[:wyc.yl, :mro]);
            with zoom = :high line_label(
                :right:s, tl[:mro - 3km], (0.5dt, 0dt), "TLR"
            );
        }

        with link = "point.pl.Mrozowo" {
            with zoom = :high {
                statdot(tl[:mro]);
                slabel(:nw, tl[:mro] + (-1dt, 0.8dt), "Mrozowo");
            }
        }

        with link = "line.pl.TLR" {
            track(tl[:mro, :rad]);
        }

        with link = "point.pl.Radzicz-Rozgraniczenie" {
            with zoom = :high {
                statdot(tl[:rad]);
                slabel(:ne, tl[:rad] + (1dt, 0.8dt), "Radzicz");
            }
        }

        with link = "line.pl.TLR" {
            track(tl[:rad, :lis]);
            with zoom = :high line_label(:right:w, tl[:rad + 2.4km], "TLR");
        }
    }
}


# PL TWL. Toruń Wschodni - Lubicz Stary
with detail = 2 {
    let tl = path("d2.pl.twl");

    with railway = :third :removed {
        with link = "line.pl.TWL" {
            track(tl[:tow.yl, :lub]);
            with zoom = :high line_label(:left:sw, tl[:tow.yl + 2km], "TWL");
        }

        with link = "point.pl.Lubicz-Stary" {
            statdot(tl[:lub]);
            slabel(:top, tl[:lub] + (1dt, -0.5dt), "Lubicz");
        }
    }
}

